2026-06-24 09:57:53 [main] ERROR com.vmfg.VMFGApplication -SmartRun Application Start Exception--->org.springframework.boot.devtools.restart.SilentExitExceptionHandler$SilentExitException
				
2026-06-24 09:58:06 [http-nio-8495-exec-8] ERROR com.vmfg.util.GetPropertyValue -getTenantPropertyVal Method Exception|||org.springframework.dao.EmptyResultDataAccessException: Incorrect result size: expected 1, actual 0
				
2026-06-24 09:58:06 [http-nio-8495-exec-8] ERROR com.vmfg.util.GetPropertyValue -getTenantPropertyValByTenantId Method Exception|||org.springframework.dao.EmptyResultDataAccessException: Incorrect result size: expected 1, actual 0
				
2026-06-24 09:58:06 [http-nio-8495-exec-8] ERROR com.vmfg.util.CommonBase64Class -CommonBase64Class getBasesBinary Method FileNotFoundException---->java.io.FileNotFoundException:  (No such file or directory)
				
2026-06-24 09:58:06 [http-nio-8495-exec-8] ERROR c.v.authentication.UserLoginService -getImageUrl DAO Method Exceptionjava.lang.NullPointerException
				
2026-06-24 09:58:47 [http-nio-8495-exec-9] ERROR c.v.design.dao.impl.IndentUploadDAO -getPmSeqByPmHdrId Method Exception --->org.springframework.dao.EmptyResultDataAccessException: Incorrect result size: expected 1, actual 0
				
2026-06-24 09:58:47 [http-nio-8495-exec-10] ERROR c.v.design.dao.impl.IndentUploadDAO -getPmSeqByPmHdrId Method Exception --->org.springframework.dao.EmptyResultDataAccessException: Incorrect result size: expected 1, actual 0
				
2026-06-24 09:58:47 [http-nio-8495-exec-10] ERROR c.v.design.dao.impl.IndentUploadDAO -getStartIndentReqStatus Method Exception --->org.springframework.dao.EmptyResultDataAccessException: Incorrect result size: expected 1, actual 0
				
2026-06-24 09:58:47 [http-nio-8495-exec-9] ERROR c.v.design.dao.impl.IndentUploadDAO -getStartIndentReqStatus Method Exception --->org.springframework.dao.EmptyResultDataAccessException: Incorrect result size: expected 1, actual 0
				
2026-06-24 09:58:55 [ForkJoinPool.commonPool-worker-3] ERROR com.vmfg.task.dao.impl.DesignTaskDAO -getNextSeqandStatusByDoc Errororg.springframework.dao.EmptyResultDataAccessException: Incorrect result size: expected 1, actual 0
				
2026-06-24 09:58:55 [ForkJoinPool.commonPool-worker-6] ERROR com.vmfg.task.dao.impl.DesignTaskDAO -getNextSeqandStatusByDoc Errororg.springframework.dao.EmptyResultDataAccessException: Incorrect result size: expected 1, actual 0
				
2026-06-24 09:58:55 [ForkJoinPool.commonPool-worker-2] ERROR c.v.scm.dao.impl.IndentManagementDAO -indentVerCheck Method Exception ---> org.springframework.dao.EmptyResultDataAccessException: Incorrect result size: expected 1, actual 0
				
2026-06-24 09:58:55 [ForkJoinPool.commonPool-worker-3] ERROR com.vmfg.task.dao.impl.DesignTaskDAO -getNextSeqandStatusByDoc Errororg.springframework.dao.EmptyResultDataAccessException: Incorrect result size: expected 1, actual 0
				
2026-06-24 09:58:55 [ForkJoinPool.commonPool-worker-4] ERROR com.vmfg.task.dao.impl.DesignTaskDAO -getNextSeqandStatusByDoc Errororg.springframework.dao.EmptyResultDataAccessException: Incorrect result size: expected 1, actual 0
				
2026-06-24 09:58:55 [ForkJoinPool.commonPool-worker-7] ERROR com.vmfg.task.dao.impl.DesignTaskDAO -getNextSeqandStatusByDoc Errororg.springframework.dao.EmptyResultDataAccessException: Incorrect result size: expected 1, actual 0
				
2026-06-24 09:58:55 [ForkJoinPool.commonPool-worker-1] ERROR com.vmfg.task.dao.impl.DesignTaskDAO -getNextSeqandStatusByDoc Errororg.springframework.dao.EmptyResultDataAccessException: Incorrect result size: expected 1, actual 0
				
2026-06-24 09:58:55 [ForkJoinPool.commonPool-worker-5] ERROR c.v.scm.dao.impl.IndentManagementDAO -indentVerCheck Method Exception ---> org.springframework.dao.EmptyResultDataAccessException: Incorrect result size: expected 1, actual 0
				
2026-06-24 09:58:55 [ForkJoinPool.commonPool-worker-2] ERROR c.v.scm.dao.impl.IndentManagementDAO -indentVerCheck Method Exception ---> org.springframework.dao.EmptyResultDataAccessException: Incorrect result size: expected 1, actual 0
				
2026-06-24 09:58:55 [ForkJoinPool.commonPool-worker-3] ERROR c.v.scm.dao.impl.IndentManagementDAO -indentVerCheck Method Exception ---> org.springframework.dao.EmptyResultDataAccessException: Incorrect result size: expected 1, actual 0
				
2026-06-24 09:59:02 [ForkJoinPool.commonPool-worker-4] ERROR com.vmfg.task.dao.impl.DesignTaskDAO -getNextSeqandStatusByDoc Errororg.springframework.dao.EmptyResultDataAccessException: Incorrect result size: expected 1, actual 0
				
2026-06-24 09:59:02 [ForkJoinPool.commonPool-worker-0] ERROR com.vmfg.task.dao.impl.DesignTaskDAO -getNextSeqandStatusByDoc Errororg.springframework.dao.EmptyResultDataAccessException: Incorrect result size: expected 1, actual 0
				
2026-06-24 09:59:02 [ForkJoinPool.commonPool-worker-3] ERROR com.vmfg.task.dao.impl.DesignTaskDAO -getNextSeqandStatusByDoc Errororg.springframework.dao.EmptyResultDataAccessException: Incorrect result size: expected 1, actual 0
				
2026-06-24 09:59:02 [ForkJoinPool.commonPool-worker-1] ERROR c.v.scm.dao.impl.IndentManagementDAO -indentVerCheck Method Exception ---> org.springframework.dao.EmptyResultDataAccessException: Incorrect result size: expected 1, actual 0
				
2026-06-24 09:59:02 [ForkJoinPool.commonPool-worker-7] ERROR com.vmfg.task.dao.impl.DesignTaskDAO -getNextSeqandStatusByDoc Errororg.springframework.dao.EmptyResultDataAccessException: Incorrect result size: expected 1, actual 0
				
2026-06-24 09:59:02 [ForkJoinPool.commonPool-worker-5] ERROR com.vmfg.task.dao.impl.DesignTaskDAO -getNextSeqandStatusByDoc Errororg.springframework.dao.EmptyResultDataAccessException: Incorrect result size: expected 1, actual 0
				
2026-06-24 09:59:02 [ForkJoinPool.commonPool-worker-4] ERROR c.v.scm.dao.impl.IndentManagementDAO -indentVerCheck Method Exception ---> org.springframework.dao.EmptyResultDataAccessException: Incorrect result size: expected 1, actual 0
				
2026-06-24 09:59:02 [ForkJoinPool.commonPool-worker-3] ERROR c.v.scm.dao.impl.IndentManagementDAO -indentVerCheck Method Exception ---> org.springframework.dao.EmptyResultDataAccessException: Incorrect result size: expected 1, actual 0
				
2026-06-24 09:59:02 [ForkJoinPool.commonPool-worker-1] ERROR com.vmfg.task.dao.impl.DesignTaskDAO -getNextSeqandStatusByDoc Errororg.springframework.dao.EmptyResultDataAccessException: Incorrect result size: expected 1, actual 0
				
2026-06-24 09:59:02 [ForkJoinPool.commonPool-worker-6] ERROR c.v.scm.dao.impl.IndentManagementDAO -indentVerCheck Method Exception ---> org.springframework.dao.EmptyResultDataAccessException: Incorrect result size: expected 1, actual 0
				
2026-06-24 09:59:22 [ForkJoinPool.commonPool-worker-0] ERROR com.vmfg.task.dao.impl.DesignTaskDAO -getNextSeqandStatusByDoc Errororg.springframework.dao.EmptyResultDataAccessException: Incorrect result size: expected 1, actual 0
				
2026-06-24 09:59:22 [ForkJoinPool.commonPool-worker-2] ERROR com.vmfg.task.dao.impl.DesignTaskDAO -getNextSeqandStatusByDoc Errororg.springframework.dao.EmptyResultDataAccessException: Incorrect result size: expected 1, actual 0
				
2026-06-24 09:59:22 [ForkJoinPool.commonPool-worker-1] ERROR com.vmfg.task.dao.impl.DesignTaskDAO -getNextSeqandStatusByDoc Errororg.springframework.dao.EmptyResultDataAccessException: Incorrect result size: expected 1, actual 0
				
2026-06-24 09:59:22 [ForkJoinPool.commonPool-worker-7] ERROR c.v.scm.dao.impl.IndentManagementDAO -indentVerCheck Method Exception ---> org.springframework.dao.EmptyResultDataAccessException: Incorrect result size: expected 1, actual 0
				
2026-06-24 09:59:22 [ForkJoinPool.commonPool-worker-0] ERROR com.vmfg.task.dao.impl.DesignTaskDAO -getNextSeqandStatusByDoc Errororg.springframework.dao.EmptyResultDataAccessException: Incorrect result size: expected 1, actual 0
				
2026-06-24 09:59:22 [ForkJoinPool.commonPool-worker-4] ERROR com.vmfg.task.dao.impl.DesignTaskDAO -getNextSeqandStatusByDoc Errororg.springframework.dao.EmptyResultDataAccessException: Incorrect result size: expected 1, actual 0
				
2026-06-24 09:59:22 [ForkJoinPool.commonPool-worker-7] ERROR com.vmfg.task.dao.impl.DesignTaskDAO -getNextSeqandStatusByDoc Errororg.springframework.dao.EmptyResultDataAccessException: Incorrect result size: expected 1, actual 0
				
2026-06-24 09:59:22 [ForkJoinPool.commonPool-worker-5] ERROR c.v.scm.dao.impl.IndentManagementDAO -indentVerCheck Method Exception ---> org.springframework.dao.EmptyResultDataAccessException: Incorrect result size: expected 1, actual 0
				
2026-06-24 09:59:22 [ForkJoinPool.commonPool-worker-2] ERROR c.v.scm.dao.impl.IndentManagementDAO -indentVerCheck Method Exception ---> org.springframework.dao.EmptyResultDataAccessException: Incorrect result size: expected 1, actual 0
				
2026-06-24 09:59:22 [ForkJoinPool.commonPool-worker-3] ERROR c.v.scm.dao.impl.IndentManagementDAO -indentVerCheck Method Exception ---> org.springframework.dao.EmptyResultDataAccessException: Incorrect result size: expected 1, actual 0
				
