2026-05-28 10:43:37 [main] ERROR com.vmfg.VMFGApplication -SmartRun Application Start Exception--->org.springframework.boot.devtools.restart.SilentExitExceptionHandler$SilentExitException
				
2026-05-28 10:44:10 [http-nio-8495-exec-6] ERROR com.vmfg.util.GetPropertyValue -getTenantPropertyVal Method Exception|||org.springframework.dao.EmptyResultDataAccessException: Incorrect result size: expected 1, actual 0
				
2026-05-28 10:44:10 [http-nio-8495-exec-6] ERROR com.vmfg.util.GetPropertyValue -getTenantPropertyValByTenantId Method Exception|||org.springframework.dao.EmptyResultDataAccessException: Incorrect result size: expected 1, actual 0
				
2026-05-28 10:44:10 [http-nio-8495-exec-6] ERROR com.vmfg.util.CommonBase64Class -CommonBase64Class getBasesBinary Method FileNotFoundException---->java.io.FileNotFoundException:  (No such file or directory)
				
2026-05-28 10:44:10 [http-nio-8495-exec-6] ERROR c.v.authentication.UserLoginService -getImageUrl DAO Method Exceptionjava.lang.NullPointerException
				
2026-05-28 10:47:24 [http-nio-8495-exec-6] ERROR com.vmfg.scm.dao.impl.PoDAO -getPaymentTermStatus error---> org.springframework.dao.EmptyResultDataAccessException: Incorrect result size: expected 1, actual 0
				
2026-05-28 10:47:24 [http-nio-8495-exec-6] ERROR c.v.design.dao.impl.IndentUploadDAO -getStatusCodebySeqAndDocTypeByDocGrp Method Exception --->org.springframework.dao.EmptyResultDataAccessException: Incorrect result size: expected 1, actual 0
				
2026-05-28 10:47:24 [http-nio-8495-exec-6] ERROR c.v.design.dao.impl.IndentUploadDAO -getStatusCodebySeqAndDocTypeByDocGrp Method Exception --->org.springframework.dao.EmptyResultDataAccessException: Incorrect result size: expected 1, actual 0
				
2026-05-28 11:46:05 [http-nio-8495-exec-5] ERROR com.vmfg.util.GetPropertyValue -getTenantPropertyVal Method Exception|||org.springframework.dao.EmptyResultDataAccessException: Incorrect result size: expected 1, actual 0
				
2026-05-28 11:46:05 [http-nio-8495-exec-5] ERROR com.vmfg.util.GetPropertyValue -getTenantPropertyValByTenantId Method Exception|||org.springframework.dao.EmptyResultDataAccessException: Incorrect result size: expected 1, actual 0
				
2026-05-28 11:46:05 [http-nio-8495-exec-5] ERROR com.vmfg.util.CommonBase64Class -CommonBase64Class getBasesBinary Method FileNotFoundException---->java.io.FileNotFoundException:  (No such file or directory)
				
2026-05-28 11:46:05 [http-nio-8495-exec-5] ERROR c.v.authentication.UserLoginService -getImageUrl DAO Method Exceptionjava.lang.NullPointerException
				
2026-05-28 15:57:20 [main] ERROR com.vmfg.VMFGApplication -SmartRun Application Start Exception--->org.springframework.boot.devtools.restart.SilentExitExceptionHandler$SilentExitException
				
2026-05-28 16:07:17 [http-nio-8495-exec-1] ERROR com.vmfg.util.GetPropertyValue -getTenantPropertyVal Method Exception|||org.springframework.dao.EmptyResultDataAccessException: Incorrect result size: expected 1, actual 0
				
2026-05-28 16:07:17 [http-nio-8495-exec-1] ERROR com.vmfg.util.GetPropertyValue -getTenantPropertyValByTenantId Method Exception|||org.springframework.dao.EmptyResultDataAccessException: Incorrect result size: expected 1, actual 0
				
2026-05-28 16:07:17 [http-nio-8495-exec-1] ERROR com.vmfg.util.CommonBase64Class -CommonBase64Class getBasesBinary Method FileNotFoundException---->java.io.FileNotFoundException:  (No such file or directory)
				
2026-05-28 16:07:17 [http-nio-8495-exec-1] ERROR c.v.authentication.UserLoginService -getImageUrl DAO Method Exceptionjava.lang.NullPointerException
				
2026-05-28 16:11:09 [http-nio-8495-exec-3] ERROR com.vmfg.scm.dao.impl.PoDAO -getPaymentTermStatus error---> org.springframework.dao.EmptyResultDataAccessException: Incorrect result size: expected 1, actual 0
				
2026-05-28 16:11:09 [http-nio-8495-exec-2] ERROR com.vmfg.scm.dao.impl.PoDAO -getPaymentTermStatus error---> org.springframework.dao.EmptyResultDataAccessException: Incorrect result size: expected 1, actual 0
				
2026-05-28 16:11:09 [http-nio-8495-exec-3] ERROR com.vmfg.scm.dao.impl.PoDAO -getPaymentTermStatus error---> org.springframework.dao.EmptyResultDataAccessException: Incorrect result size: expected 1, actual 0
				
2026-05-28 16:11:09 [http-nio-8495-exec-2] ERROR com.vmfg.scm.dao.impl.PoDAO -getPaymentTermStatus error---> org.springframework.dao.EmptyResultDataAccessException: Incorrect result size: expected 1, actual 0
				
2026-05-28 16:11:09 [http-nio-8495-exec-3] ERROR com.vmfg.scm.dao.impl.PoDAO -getPaymentTermStatus error---> org.springframework.dao.EmptyResultDataAccessException: Incorrect result size: expected 1, actual 0
				
2026-05-28 16:11:09 [http-nio-8495-exec-2] ERROR com.vmfg.scm.dao.impl.PoDAO -getPaymentTermStatus error---> org.springframework.dao.EmptyResultDataAccessException: Incorrect result size: expected 1, actual 0
				
