2026-07-21 10:42:51 [main] ERROR com.vmfg.VMFGApplication -SmartRun Application Start Exception--->org.springframework.boot.devtools.restart.SilentExitExceptionHandler$SilentExitException
				
2026-07-21 11:03:36 [http-nio-8495-exec-6] ERROR com.vmfg.util.GetPropertyValue -getTenantPropertyVal Method Exception|||org.springframework.dao.EmptyResultDataAccessException: Incorrect result size: expected 1, actual 0
				
2026-07-21 11:03:36 [http-nio-8495-exec-6] ERROR com.vmfg.util.GetPropertyValue -getTenantPropertyValByTenantId Method Exception|||org.springframework.dao.EmptyResultDataAccessException: Incorrect result size: expected 1, actual 0
				
2026-07-21 11:03:36 [http-nio-8495-exec-6] ERROR com.vmfg.util.CommonBase64Class -CommonBase64Class getBasesBinary Method FileNotFoundException---->java.io.FileNotFoundException:  (No such file or directory)
				
2026-07-21 11:03:36 [http-nio-8495-exec-6] ERROR c.v.authentication.UserLoginService -getImageUrl DAO Method Exceptionjava.lang.NullPointerException
				
2026-07-21 15:36:33 [http-nio-8495-exec-8] ERROR com.vmfg.util.GetPropertyValue -getTenantPropertyVal Method Exception|||org.springframework.dao.EmptyResultDataAccessException: Incorrect result size: expected 1, actual 0
				
2026-07-21 15:36:33 [http-nio-8495-exec-8] ERROR com.vmfg.util.GetPropertyValue -getTenantPropertyValByTenantId Method Exception|||org.springframework.dao.EmptyResultDataAccessException: Incorrect result size: expected 1, actual 0
				
2026-07-21 15:36:33 [http-nio-8495-exec-8] ERROR com.vmfg.util.CommonBase64Class -CommonBase64Class getBasesBinary Method FileNotFoundException---->java.io.FileNotFoundException:  (No such file or directory)
				
2026-07-21 15:36:33 [http-nio-8495-exec-8] ERROR c.v.authentication.UserLoginService -getImageUrl DAO Method Exceptionjava.lang.NullPointerException
				
2026-07-21 16:13:13 [main] ERROR com.vmfg.VMFGApplication -SmartRun Application Start Exception--->org.springframework.boot.devtools.restart.SilentExitExceptionHandler$SilentExitException
				
2026-07-21 16:27:47 [http-nio-8495-exec-7] ERROR com.vmfg.scm.dao.impl.GrnDAO -getPoCodeByPoId method Errororg.springframework.dao.EmptyResultDataAccessException: Incorrect result size: expected 1, actual 0
				
2026-07-21 16:27:47 [http-nio-8495-exec-7] ERROR c.v.design.dao.impl.IndentUploadDAO -getStatusCodebySeqAndDocTypeByDocGrp Method Exception --->org.springframework.dao.EmptyResultDataAccessException: Incorrect result size: expected 1, actual 0
				
2026-07-21 16:27:47 [http-nio-8495-exec-7] ERROR c.v.design.dao.impl.IndentUploadDAO -getStatusCodebySeqAndDocTypeByDocGrp Method Exception --->org.springframework.dao.EmptyResultDataAccessException: Incorrect result size: expected 1, actual 0
				
2026-07-21 16:28:11 [http-nio-8495-exec-4] ERROR com.vmfg.scm.dao.impl.GrnDAO -getPoCodeByPoId method Errororg.springframework.dao.EmptyResultDataAccessException: Incorrect result size: expected 1, actual 0
				
2026-07-21 16:28:24 [http-nio-8495-exec-7] ERROR com.vmfg.scm.dao.impl.GrnDAO -getPoCodeByPoId method Errororg.springframework.dao.EmptyResultDataAccessException: Incorrect result size: expected 1, actual 0
				
2026-07-21 16:28:55 [http-nio-8495-exec-7] ERROR com.vmfg.scm.dao.impl.GrnDAO -getPoCodeByPoId method Errororg.springframework.dao.EmptyResultDataAccessException: Incorrect result size: expected 1, actual 0
				
2026-07-21 16:37:33 [http-nio-8495-exec-1] ERROR com.vmfg.util.GetPropertyValue -getTenantPropertyVal Method Exception|||org.springframework.dao.EmptyResultDataAccessException: Incorrect result size: expected 1, actual 0
				
2026-07-21 16:37:33 [http-nio-8495-exec-1] ERROR com.vmfg.util.GetPropertyValue -getTenantPropertyValByTenantId Method Exception|||org.springframework.dao.EmptyResultDataAccessException: Incorrect result size: expected 1, actual 0
				
2026-07-21 16:37:33 [http-nio-8495-exec-1] ERROR com.vmfg.util.CommonBase64Class -CommonBase64Class getBasesBinary Method FileNotFoundException---->java.io.FileNotFoundException:  (No such file or directory)
				
2026-07-21 16:37:33 [http-nio-8495-exec-1] ERROR c.v.authentication.UserLoginService -getImageUrl DAO Method Exceptionjava.lang.NullPointerException
				
2026-07-21 16:38:10 [http-nio-8495-exec-3] ERROR com.vmfg.scm.dao.impl.GrnDAO -getPoCodeByPoId method Errororg.springframework.dao.EmptyResultDataAccessException: Incorrect result size: expected 1, actual 0
				
2026-07-21 16:38:21 [http-nio-8495-exec-3] ERROR c.v.design.dao.impl.IndentUploadDAO -getIndentNxtAppDesc error org.springframework.jdbc.BadSqlGrammarException: PreparedStatementCallback; bad SQL grammar [SELECT 
    CASE
        WHEN COUNT(*) > 0 THEN APPR_DESI
        ELSE '' 
    END AS APPR_DESI
FROM
    document_lifecycle_mst
WHERE
    DOC_TYPE = ?
        AND DOC_GROUP = ? AND TENANT_ID=?
        AND CURR_SEQUENCE = (SELECT 
            NEXT_SEQ
        FROM
            document_lifecycle_mst
        WHERE
            DOC_TYPE = ?
                AND CURR_SEQUENCE = ?
                AND DOC_GROUP = ? AND TENANT_ID=? )]; nested exception is java.sql.SQLException: Subquery returns more than 1 row
				
2026-07-21 16:38:27 [http-nio-8495-exec-2] ERROR com.vmfg.scm.dao.impl.GrnDAO -getPoCodeByPoId method Errororg.springframework.dao.EmptyResultDataAccessException: Incorrect result size: expected 1, actual 0
				
2026-07-21 16:39:17 [http-nio-8495-exec-3] ERROR com.vmfg.scm.dao.impl.GrnDAO -getPoCodeByPoId method Errororg.springframework.dao.EmptyResultDataAccessException: Incorrect result size: expected 1, actual 0
				
2026-07-21 16:39:33 [http-nio-8495-exec-4] ERROR com.vmfg.scm.dao.impl.GrnDAO -getPoCodeByPoId method Errororg.springframework.dao.EmptyResultDataAccessException: Incorrect result size: expected 1, actual 0
				
