2026-07-06 14:04:06 [background-preinit] INFO  o.h.validator.internal.util.Version -HV000001: Hibernate Validator 6.2.3.Final
				
2026-07-06 14:04:08 [restartedMain] INFO  o.s.boot.SpringApplication -

                                ooooooo &&&&&&&&                              
                              oo     oo &.     &                              
                    ooooooo  oo      oo &:     &&                             
                 oo        oooo      oo &&       *&&&&  &&&&&&                
               oo            oo      oo &&                    &&&             
              oo                     oo &&&&&                  &o             
              oo                     oo &&     &&&&&           &              
              oo           ooo       oo &&           &&&       &&             
           ooooo           o:        oo &&              &        &&           
       ooo     *oo       oo          oo &&                        &&&&&&&     
     oo           ooooooo            oo &&                              &&    
    o&                                      &&&&*       &&               &&   
   oo                                            &&       &&              &&  
   o     ooooo                  @     @@    @@     &&:     &&           &&    
  oo ooo       ooo          @@@@@@@@@@@@@@@@@@@@@    &&     &&         &&     
  ooo            oo         @@ @@@ @@@@@@@@@@@  @     &&     &&         &     
  oo               o      @@@@ @@@ @@@@@@@@@@@  @@@    &&     &         &&    
  o&               oo       @@ @@@ @@@@@@@@@@@  @       &     &         &&    
  oo               oo       @@ @@ @ @@@@        @       &&                &&& 
  oo                      @@@@ @@@@@@@@@@@@@@@  @@@:    &&                  &&
  oo                        @@ @@@@@@@@@@@ @@@  @       &&        o&        &&
   o                        @@ @@@@@ @@@  @@@@  @       &         &&        &.
   oo                     @@@@ @@@ @@@@@@@@@@@  @@@@   &          &    .&&&&  
    o         oooo          @@                  @     &.         &&    &&     
    oo    ooo      &oo          @     @@    @@      &&          &&    &&      
     oo oo            oo        @     @     @@    &&           &&    &&       
      ooo              oo                      &&&           &&      &&       
         oooooooo       oo           oo &&&&&&              &&         &      
              oo        oo           oo &&         &      &&           &&     
              o        :o            oo &&  .&&&&&     &&.           &&       
              o       oo             oo &&                    &&&&&&&&        
              oo    ooo              oo &&                  &&                
                oo                   oo &&                &&                  
                  oo        oooo     oo &&                &                   
                     ooooooo  &o     oo &&      &&&       &                   
                                oo   oo && :&&&   .&& &&&*                    
                                   &ooo &&&                                   

==============================================
SmartRun Product by SmartRun Tech. All rights reserved.
==============================================
Application Version : 2.6.7
Application Title : SmartRun MES
Contact : support@smartruntech.com
==============================================

				
2026-07-06 14:04:08 [restartedMain] INFO  com.vmfg.VMFGApplication -Starting VMFGApplication using Java 1.8.0_482 on Peachs-Mac-mini.local with PID 3635 (/Users/peach/Spring_Boot_Projects/bgr/OneDrive_1_4-15-2026/BGR-SOURCE_CODE/SmartRun_ProjectManagement_Java/SR_Management/target/classes started by peach in /Users/peach/Spring_Boot_Projects/bgr/OneDrive_1_4-15-2026/BGR-SOURCE_CODE/SmartRun_ProjectManagement_Java/SR_Management)
				
2026-07-06 14:04:08 [restartedMain] INFO  com.vmfg.VMFGApplication -The following 1 profile is active: "dev"
				
2026-07-06 14:04:08 [restartedMain] INFO  o.s.b.d.e.DevToolsPropertyDefaultsPostProcessor -Devtools property defaults active! Set 'spring.devtools.add-properties' to 'false' to disable
				
2026-07-06 14:04:08 [restartedMain] INFO  o.s.b.d.e.DevToolsPropertyDefaultsPostProcessor -For additional web related logging consider setting the 'logging.level.web' property to 'DEBUG'
				
2026-07-06 14:04:11 [restartedMain] INFO  o.s.d.r.c.RepositoryConfigurationDelegate -Bootstrapping Spring Data JDBC repositories in DEFAULT mode.
				
2026-07-06 14:04:11 [restartedMain] INFO  o.s.d.r.c.RepositoryConfigurationDelegate -Finished Spring Data repository scanning in 78 ms. Found 0 JDBC repository interfaces.
				
2026-07-06 14:04:12 [restartedMain] INFO  o.s.b.w.e.tomcat.TomcatWebServer -Tomcat initialized with port(s): 8495 (http)
				
2026-07-06 14:04:12 [restartedMain] INFO  o.a.coyote.http11.Http11NioProtocol -Initializing ProtocolHandler ["http-nio-8495"]
				
2026-07-06 14:04:12 [restartedMain] INFO  o.a.catalina.core.StandardService -Starting service [Tomcat]
				
2026-07-06 14:04:12 [restartedMain] INFO  o.a.catalina.core.StandardEngine -Starting Servlet engine: [Apache Tomcat/9.0.63]
				
2026-07-06 14:04:12 [restartedMain] INFO  o.a.c.c.C.[.[localhost].[/smartrun] -Initializing Spring embedded WebApplicationContext
				
2026-07-06 14:04:12 [restartedMain] INFO  o.s.b.w.s.c.ServletWebServerApplicationContext -Root WebApplicationContext: initialization completed in 3995 ms
				
2026-07-06 14:04:15 [restartedMain] INFO  s.d.s.w.PropertySourcedRequestMappingHandlerMapping -Mapped URL path [/v2/api-docs] onto method [springfox.documentation.swagger2.web.Swagger2Controller#getDocumentation(String, HttpServletRequest)]
				
2026-07-06 14:04:16 [restartedMain] INFO  o.s.s.web.DefaultSecurityFilterChain -Will secure any request with [org.springframework.security.web.session.DisableEncodeUrlFilter@2d805e4e, org.springframework.security.web.context.request.async.WebAsyncManagerIntegrationFilter@15066cad, org.springframework.security.web.context.SecurityContextPersistenceFilter@52e6d2d, org.springframework.security.web.header.HeaderWriterFilter@6475d615, org.springframework.web.filter.CorsFilter@3b5662fb, org.springframework.security.web.authentication.logout.LogoutFilter@288769e3, com.vmfg.security.config.JwtRequestFilter@55903a41, org.springframework.security.web.savedrequest.RequestCacheAwareFilter@34c048d6, org.springframework.security.web.servletapi.SecurityContextHolderAwareRequestFilter@70bb1464, org.springframework.security.web.authentication.AnonymousAuthenticationFilter@1fa06ece, org.springframework.security.web.session.SessionManagementFilter@a3d0640, org.springframework.security.web.access.ExceptionTranslationFilter@3eff5b35, org.springframework.security.web.access.intercept.FilterSecurityInterceptor@28206fe0]
				
2026-07-06 14:04:16 [restartedMain] INFO  o.s.b.d.a.OptionalLiveReloadServer -LiveReload server is running on port 35729
				
2026-07-06 14:04:16 [restartedMain] INFO  com.zaxxer.hikari.HikariDataSource -HikariPool-1 - Starting...
				
2026-07-06 14:04:17 [restartedMain] INFO  com.zaxxer.hikari.HikariDataSource -HikariPool-1 - Start completed.
				
2026-07-06 14:04:17 [restartedMain] INFO  o.a.coyote.http11.Http11NioProtocol -Starting ProtocolHandler ["http-nio-8495"]
				
2026-07-06 14:04:17 [restartedMain] INFO  o.s.b.w.e.tomcat.TomcatWebServer -Tomcat started on port(s): 8495 (http) with context path '/smartrun'
				
2026-07-06 14:04:17 [restartedMain] INFO  s.d.s.w.p.DocumentationPluginsBootstrapper -Context refreshed
				
2026-07-06 14:04:17 [restartedMain] INFO  s.d.s.w.p.DocumentationPluginsBootstrapper -Found 1 custom documentation plugin(s)
				
2026-07-06 14:04:17 [restartedMain] INFO  s.d.s.w.s.ApiListingReferenceScanner -Scanning for api listing references
				
2026-07-06 14:04:19 [restartedMain] INFO  s.d.s.w.r.o.CachingOperationNameGenerator -Generating unique operation named: insertOrUpdateSalesBudgetSheetHdrAndDtlUsingPOST_1
				
2026-07-06 14:04:19 [restartedMain] INFO  s.d.s.w.r.o.CachingOperationNameGenerator -Generating unique operation named: getVendorDetailHdrViewUsingPOST_1
				
2026-07-06 14:04:19 [restartedMain] INFO  s.d.s.w.r.o.CachingOperationNameGenerator -Generating unique operation named: updateUserRoleMappingUsingPOST_1
				
2026-07-06 14:04:19 [restartedMain] INFO  com.vmfg.VMFGApplication -Started VMFGApplication in 13.444 seconds (JVM running for 15.135)
				
2026-07-06 14:04:19 [main] ERROR com.vmfg.VMFGApplication -SmartRun Application Start Exception--->org.springframework.boot.devtools.restart.SilentExitExceptionHandler$SilentExitException
				
2026-07-06 14:04:41 [http-nio-8495-exec-2] INFO  o.a.c.c.C.[.[localhost].[/smartrun] -Initializing Spring DispatcherServlet 'dispatcherServlet'
				
2026-07-06 14:04:41 [http-nio-8495-exec-2] INFO  o.s.web.servlet.DispatcherServlet -Initializing Servlet 'dispatcherServlet'
				
2026-07-06 14:04:41 [http-nio-8495-exec-2] INFO  o.s.web.servlet.DispatcherServlet -Completed initialization in 7 ms
				
2026-07-06 14:04:42 [http-nio-8495-exec-5] ERROR com.vmfg.util.GetPropertyValue -getTenantPropertyVal Method Exception|||org.springframework.dao.EmptyResultDataAccessException: Incorrect result size: expected 1, actual 0
				
2026-07-06 14:04:42 [http-nio-8495-exec-5] ERROR com.vmfg.util.GetPropertyValue -getTenantPropertyValByTenantId Method Exception|||org.springframework.dao.EmptyResultDataAccessException: Incorrect result size: expected 1, actual 0
				
2026-07-06 14:04:42 [http-nio-8495-exec-5] INFO  com.vmfg.util.CommonBase64Class -CommonBase64Class getBasesBinary method Start
				
2026-07-06 14:04:42 [http-nio-8495-exec-5] ERROR com.vmfg.util.CommonBase64Class -CommonBase64Class getBasesBinary Method FileNotFoundException---->java.io.FileNotFoundException:  (No such file or directory)
				
2026-07-06 14:04:42 [http-nio-8495-exec-5] ERROR c.v.authentication.UserLoginService -getImageUrl DAO Method Exceptionjava.lang.NullPointerException
				
2026-07-06 14:08:16 [http-nio-8495-exec-10] INFO  com.vmfg.authentication.UserLoginDAO - getUserDtlForAuth DAO method Start
				
2026-07-06 14:08:16 [http-nio-8495-exec-10] INFO  com.vmfg.authentication.UserLoginDAO -getUserLoginInfo DAO method end
				
2026-07-06 14:08:16 [http-nio-8495-exec-8] INFO  c.v.g.c.NotificationGeneralController -getNotificationDetails   method Start
				
2026-07-06 14:08:16 [http-nio-8495-exec-6] INFO  c.v.g.c.NotificationGeneralController -getNotificationDetails   method Start
				
2026-07-06 14:08:16 [http-nio-8495-exec-7] INFO  c.v.g.c.NotificationGeneralController -getNotificationDetails   method Start
				
2026-07-06 14:08:16 [http-nio-8495-exec-2] INFO  c.v.g.services.impl.TileViewService -getSaleTileView  method start
				
2026-07-06 14:08:16 [http-nio-8495-exec-4] INFO  c.v.s.c.IndentManagementController -getScmHdrBasedDtl   method Start
				
2026-07-06 14:08:16 [http-nio-8495-exec-1] INFO  c.v.s.c.IndentManagementController -getIndentProjectDtlsByDate Controller  method Start
				
2026-07-06 14:08:16 [http-nio-8495-exec-1] INFO  c.v.s.c.IndentManagementController -getIndentProjectDtlsByDate Controller  method end
				
2026-07-06 14:08:17 [http-nio-8495-exec-5] INFO  c.v.g.c.NotificationGeneralController -getNotificationDetails   method Start
				
2026-07-06 14:08:17 [http-nio-8495-exec-4] INFO  c.v.s.c.IndentManagementController -getScmHdrBasedDtl  method end
				
2026-07-06 14:08:17 [http-nio-8495-exec-2] INFO  c.v.g.c.StageManagementController -getSCMTitleView   method end
				
2026-07-06 14:08:17 [http-nio-8495-exec-10] INFO  c.v.g.c.NotificationGeneralController -getNotificationDetails   method Start
				
2026-07-06 14:08:18 [http-nio-8495-exec-9] INFO  c.v.g.c.NotificationGeneralController -getNotificationDetails   method Start
				
2026-07-06 14:08:28 [http-nio-8495-exec-1] INFO  c.v.i.c.InventoryMaterialTransferController -getProjectdropdown Controller  method Start
				
2026-07-06 14:08:28 [http-nio-8495-exec-1] INFO  c.v.i.c.InventoryMaterialTransferController -getProjectdropdown Controller  method End
				
2026-07-06 14:08:28 [http-nio-8495-exec-7] INFO  c.v.g.c.NotificationGeneralController -getNotificationDetails   method Start
				
2026-07-06 14:23:35 [HikariPool-1 housekeeper] WARN  com.zaxxer.hikari.pool.HikariPool -HikariPool-1 - Thread starvation or clock leap detected (housekeeper delta=47s717ms).
				
2026-07-06 16:07:45 [HikariPool-1 housekeeper] WARN  com.zaxxer.hikari.pool.HikariPool -HikariPool-1 - Thread starvation or clock leap detected (housekeeper delta=8m9s306ms).
				
2026-07-06 16:13:06 [http-nio-8495-exec-6] INFO  c.v.g.c.NotificationGeneralController -getNotificationDetails   method Start
				
2026-07-06 16:13:06 [http-nio-8495-exec-8] INFO  c.v.g.c.NotificationGeneralController -getNotificationDetails   method Start
				
2026-07-06 16:13:08 [http-nio-8495-exec-2] INFO  c.v.s.c.IndentManagementController -getIndentProjectDtlsByDate Controller  method Start
				
2026-07-06 16:13:08 [http-nio-8495-exec-5] INFO  c.v.m.controller.VendorController -getApprVendorDtls method Start
				
2026-07-06 16:13:08 [http-nio-8495-exec-2] INFO  c.v.s.c.IndentManagementController -getIndentProjectDtlsByDate Controller  method end
				
2026-07-06 16:13:08 [http-nio-8495-exec-3] INFO  c.v.g.c.NotificationGeneralController -getNotificationDetails   method Start
				
2026-07-06 16:13:09 [http-nio-8495-exec-10] INFO  c.v.g.c.NotificationGeneralController -getNotificationDetails   method Start
				
2026-07-06 16:13:19 [http-nio-8495-exec-7] INFO  com.vmfg.scm.services.impl.PoService -getPoDtlsByDateAndPoId Service start 
				
2026-07-06 16:13:19 [http-nio-8495-exec-7] INFO  com.vmfg.scm.services.impl.PoService -getPoDtlsByDateAndPoId Service end 
				
2026-07-06 16:13:19 [http-nio-8495-exec-8] INFO  c.v.g.c.NotificationGeneralController -getNotificationDetails   method Start
				
2026-07-06 16:13:21 [http-nio-8495-exec-4] INFO  c.vmfg.scm.controller.GrnController -getGrnHdrDetails Controller  method Start
				
2026-07-06 16:13:21 [http-nio-8495-exec-4] ERROR c.vmfg.scm.services.impl.GrnService -getGrnHdrDetails service error java.lang.NullPointerException
				
2026-07-06 16:13:21 [http-nio-8495-exec-4] INFO  c.vmfg.scm.controller.GrnController -getGrnHdrDetails  method end
				
2026-07-06 16:13:21 [http-nio-8495-exec-9] INFO  c.v.g.c.NotificationGeneralController -getNotificationDetails   method Start
				
2026-07-06 16:13:22 [http-nio-8495-exec-2] INFO  c.v.m.controller.VendorController -getApprVendorDtls method Start
				
2026-07-06 16:13:22 [http-nio-8495-exec-5] INFO  c.v.s.s.impl.MaterialInwardService -getMaterialInwardHdrDtls Service start 
				
2026-07-06 16:13:22 [http-nio-8495-exec-10] INFO  c.v.g.c.NotificationGeneralController -getNotificationDetails   method Start
				
2026-07-06 16:13:27 [http-nio-8495-exec-5] INFO  c.v.s.s.impl.MaterialInwardService -getMaterialInwardHdrDtls Service end 
				
2026-07-06 16:13:27 [http-nio-8495-exec-1] INFO  c.v.g.c.NotificationGeneralController -getNotificationDetails   method Start
				
2026-07-06 16:13:40 [http-nio-8495-exec-7] INFO  c.v.s.s.impl.MaterialInwardService -getMaterialInwardDtlList Service start 
				
2026-07-06 16:13:40 [http-nio-8495-exec-7] INFO  c.v.s.s.impl.MaterialInwardService -getMaterialInwardDtlList Service end 
				
2026-07-06 16:13:40 [http-nio-8495-exec-8] INFO  c.v.g.c.NotificationGeneralController -getNotificationDetails   method Start
				
2026-07-06 16:24:12 [http-nio-8495-exec-5] INFO  c.v.m.controller.VendorController -getApprVendorDtls method Start
				
2026-07-06 16:24:12 [http-nio-8495-exec-8] INFO  c.v.s.c.IndentManagementController -getIndentProjectDtlsByDate Controller  method Start
				
2026-07-06 16:24:12 [http-nio-8495-exec-8] INFO  c.v.s.c.IndentManagementController -getIndentProjectDtlsByDate Controller  method end
				
2026-07-06 16:24:12 [http-nio-8495-exec-6] INFO  c.v.g.c.NotificationGeneralController -getNotificationDetails   method Start
				
2026-07-06 16:24:12 [http-nio-8495-exec-4] INFO  c.v.g.c.NotificationGeneralController -getNotificationDetails   method Start
				
2026-07-06 16:24:12 [http-nio-8495-exec-2] INFO  c.v.g.c.NotificationGeneralController -getNotificationDetails   method Start
				
2026-07-06 16:24:12 [http-nio-8495-exec-3] INFO  c.v.g.c.NotificationGeneralController -getNotificationDetails   method Start
				
2026-07-06 16:24:19 [http-nio-8495-exec-9] INFO  com.vmfg.scm.services.impl.PoService -getPoDtlsByDateAndPoId Service start 
				
2026-07-06 16:24:19 [http-nio-8495-exec-9] INFO  com.vmfg.scm.services.impl.PoService -getPoDtlsByDateAndPoId Service end 
				
2026-07-06 16:24:19 [http-nio-8495-exec-10] INFO  c.v.g.c.NotificationGeneralController -getNotificationDetails   method Start
				
2026-07-06 16:24:20 [http-nio-8495-exec-8] INFO  c.vmfg.scm.controller.GrnController -getGrnHdrDetails Controller  method Start
				
2026-07-06 16:24:20 [http-nio-8495-exec-8] ERROR c.vmfg.scm.services.impl.GrnService -getGrnHdrDetails service error java.lang.NullPointerException
				
2026-07-06 16:24:20 [http-nio-8495-exec-8] INFO  c.vmfg.scm.controller.GrnController -getGrnHdrDetails  method end
				
2026-07-06 16:24:20 [http-nio-8495-exec-1] INFO  c.v.g.c.NotificationGeneralController -getNotificationDetails   method Start
				
2026-07-06 16:24:21 [http-nio-8495-exec-7] INFO  c.v.m.controller.VendorController -getApprVendorDtls method Start
				
2026-07-06 16:24:21 [http-nio-8495-exec-5] INFO  c.v.s.s.impl.MaterialInwardService -getMaterialInwardHdrDtls Service start 
				
2026-07-06 16:24:21 [http-nio-8495-exec-6] INFO  c.v.g.c.NotificationGeneralController -getNotificationDetails   method Start
				
2026-07-06 16:24:24 [http-nio-8495-exec-5] INFO  c.v.s.s.impl.MaterialInwardService -getMaterialInwardHdrDtls Service end 
				
2026-07-06 16:24:24 [http-nio-8495-exec-4] INFO  c.v.g.c.NotificationGeneralController -getNotificationDetails   method Start
				
2026-07-06 16:24:43 [http-nio-8495-exec-2] INFO  c.v.s.s.impl.MaterialInwardService -getMaterialInwardDtlList Service start 
				
2026-07-06 16:24:43 [http-nio-8495-exec-2] INFO  c.v.s.s.impl.MaterialInwardService -getMaterialInwardDtlList Service end 
				
2026-07-06 16:24:43 [http-nio-8495-exec-3] INFO  c.v.g.c.NotificationGeneralController -getNotificationDetails   method Start
				
2026-07-06 16:24:57 [http-nio-8495-exec-9] INFO  c.v.s.s.impl.MaterialInwardService -getMaterialInwardDtlList Service start 
				
2026-07-06 16:24:57 [http-nio-8495-exec-9] INFO  c.v.s.s.impl.MaterialInwardService -getMaterialInwardDtlList Service end 
				
2026-07-06 16:24:57 [http-nio-8495-exec-9] INFO  c.v.g.c.NotificationGeneralController -getNotificationDetails   method Start
				
2026-07-06 16:37:37 [http-nio-8495-exec-6] INFO  c.v.s.s.impl.MaterialInwardService -getMaterialInwardDtlList Service start 
				
2026-07-06 16:37:37 [http-nio-8495-exec-6] INFO  c.v.s.s.impl.MaterialInwardService -getMaterialInwardDtlList Service end 
				
2026-07-06 16:37:37 [http-nio-8495-exec-5] INFO  c.v.g.c.NotificationGeneralController -getNotificationDetails   method Start
				
2026-07-06 16:38:02 [http-nio-8495-exec-4] INFO  c.v.s.c.IndentManagementController -getIndentProjectDtlsByDate Controller  method Start
				
2026-07-06 16:38:02 [http-nio-8495-exec-4] INFO  c.v.s.c.IndentManagementController -getIndentProjectDtlsByDate Controller  method end
				
2026-07-06 16:38:02 [http-nio-8495-exec-2] INFO  c.v.g.c.NotificationGeneralController -getNotificationDetails   method Start
				
2026-07-06 16:38:34 [http-nio-8495-exec-9] INFO  com.vmfg.scm.services.impl.PoService -getAllDcHdrByPmId Service start 
				
2026-07-06 16:38:34 [http-nio-8495-exec-9] INFO  com.vmfg.scm.services.impl.PoService -getAllDcHdrByPmId Service end 
				
2026-07-06 16:38:34 [http-nio-8495-exec-10] INFO  c.v.g.c.NotificationGeneralController -getNotificationDetails   method Start
				
2026-07-06 16:38:35 [http-nio-8495-exec-8] INFO  c.vmfg.scm.controller.GrnController -getGrnHdrDetails Controller  method Start
				
2026-07-06 16:38:35 [http-nio-8495-exec-8] INFO  c.vmfg.scm.controller.GrnController -getGrnHdrDetails  method end
				
2026-07-06 16:38:35 [http-nio-8495-exec-1] INFO  c.v.g.c.NotificationGeneralController -getNotificationDetails   method Start
				
2026-07-06 16:38:50 [http-nio-8495-exec-6] INFO  c.vmfg.scm.controller.GrnController -getGrnDtlwithMaterialInwardDtl   method Start
				
2026-07-06 16:38:50 [http-nio-8495-exec-6] INFO  c.vmfg.scm.controller.GrnController -getGrnDtlwithMaterialInwardDtl  method end
				
2026-07-06 16:38:50 [http-nio-8495-exec-5] INFO  c.v.g.c.NotificationGeneralController -getNotificationDetails   method Start
				
2026-07-06 16:38:56 [http-nio-8495-exec-3] INFO  c.v.g.c.NotificationGeneralController -getNotificationDetails   method Start
				
2026-07-06 16:39:02 [http-nio-8495-exec-9] INFO  c.vmfg.scm.controller.GrnController -getGrnHdrDetails Controller  method Start
				
2026-07-06 16:39:02 [http-nio-8495-exec-9] INFO  c.vmfg.scm.controller.GrnController -getGrnHdrDetails  method end
				
2026-07-06 16:39:02 [http-nio-8495-exec-10] INFO  c.v.g.c.NotificationGeneralController -getNotificationDetails   method Start
				
2026-07-06 16:39:18 [http-nio-8495-exec-8] INFO  c.v.s.c.IndentManagementController -getIndentProjectDtlsByDate Controller  method Start
				
2026-07-06 16:39:18 [http-nio-8495-exec-1] INFO  c.v.m.controller.VendorController -getApprVendorDtls method Start
				
2026-07-06 16:39:18 [http-nio-8495-exec-8] INFO  c.v.s.c.IndentManagementController -getIndentProjectDtlsByDate Controller  method end
				
2026-07-06 16:39:19 [http-nio-8495-exec-7] INFO  c.v.g.c.NotificationGeneralController -getNotificationDetails   method Start
				
2026-07-06 16:39:19 [http-nio-8495-exec-6] INFO  c.v.g.c.NotificationGeneralController -getNotificationDetails   method Start
				
2026-07-06 16:39:27 [http-nio-8495-exec-5] INFO  com.vmfg.scm.services.impl.PoService -getPoDtlsByDateAndPoId Service start 
				
2026-07-06 16:39:27 [http-nio-8495-exec-5] INFO  com.vmfg.scm.services.impl.PoService -getPoDtlsByDateAndPoId Service end 
				
2026-07-06 16:39:27 [http-nio-8495-exec-4] INFO  c.v.g.c.NotificationGeneralController -getNotificationDetails   method Start
				
2026-07-06 16:39:28 [http-nio-8495-exec-2] INFO  c.vmfg.scm.controller.GrnController -getGrnHdrDetails Controller  method Start
				
2026-07-06 16:39:28 [http-nio-8495-exec-2] ERROR c.vmfg.scm.services.impl.GrnService -getGrnHdrDetails service error java.lang.NullPointerException
				
2026-07-06 16:39:28 [http-nio-8495-exec-2] INFO  c.vmfg.scm.controller.GrnController -getGrnHdrDetails  method end
				
2026-07-06 16:39:28 [http-nio-8495-exec-3] INFO  c.v.g.c.NotificationGeneralController -getNotificationDetails   method Start
				
2026-07-06 16:39:29 [http-nio-8495-exec-9] INFO  c.v.m.controller.VendorController -getApprVendorDtls method Start
				
2026-07-06 16:39:29 [http-nio-8495-exec-10] INFO  c.v.s.s.impl.MaterialInwardService -getMaterialInwardHdrDtls Service start 
				
2026-07-06 16:39:29 [http-nio-8495-exec-8] INFO  c.v.g.c.NotificationGeneralController -getNotificationDetails   method Start
				
2026-07-06 16:39:32 [http-nio-8495-exec-10] INFO  c.v.s.s.impl.MaterialInwardService -getMaterialInwardHdrDtls Service end 
				
2026-07-06 16:39:32 [http-nio-8495-exec-1] INFO  c.v.g.c.NotificationGeneralController -getNotificationDetails   method Start
				
2026-07-06 16:39:48 [http-nio-8495-exec-7] INFO  c.v.s.s.impl.MaterialInwardService -getMaterialInwardDtlList Service start 
				
2026-07-06 16:39:48 [http-nio-8495-exec-7] INFO  c.v.s.s.impl.MaterialInwardService -getMaterialInwardDtlList Service end 
				
2026-07-06 16:39:48 [http-nio-8495-exec-6] INFO  c.v.g.c.NotificationGeneralController -getNotificationDetails   method Start
				
2026-07-06 16:47:21 [http-nio-8495-exec-3] INFO  c.v.i.c.InventoryMaterialTransferController -getLocationdropdown Controller  method Start
				
2026-07-06 16:47:21 [http-nio-8495-exec-9] INFO  c.v.g.c.NotificationGeneralController -getNotificationDetails   method Start
				
2026-07-06 16:47:21 [http-nio-8495-exec-8] INFO  c.v.g.c.NotificationGeneralController -getNotificationDetails   method Start
				
2026-07-06 16:47:32 [http-nio-8495-exec-1] ERROR c.v.i.d.i.InventoryMaterialTransferDao -getPmInv Errororg.springframework.jdbc.BadSqlGrammarException: StatementCallback; bad SQL grammar [SELECT  pm.PM_HDR_ID,   pm.PRODUCT_CODE,pm.PRODUCT_ID,pj.CUSTOMER_NAME,     pm.PRODUCT_DESCRIPTION,
					    pj.PROJECT_CODE,     WEIGHT,     ilm.INVENTORY_LOCATION_DESCRIPTION,
					    pdtl.PRODUCT_QUANTITY_ON_HAND,     um.UOM_SHORT_DESCRIPTION,pm.PRODUCT_ID AS PRODUCT_ID,pm.PRODUCT_COST_PER_UNIT,pm.SPECIFICATION,pm.MAKE,
                       CASE 
                          WHEN ilm.INVENTORY_LOCATION_CODE in('ILC0002','ILC0004') THEN pm.BIN 
                                ELSE '' END AS BIN,
                  (SELECT 
					    pohdr.PO_CODE AS PO_CODE
					FROM
					 indent_hdr hdr inner join   indent_dtl dtl ON hdr.INDENT_ID = dtl.INDENT_ID
					        left JOIN
					    po_dtl podtl ON dtl.INDENT_DTL_ID = podtl.INDENT_DTL_ID
							left JOIN 
						po_hdr pohdr ON pohdr.PO_ID = podtl.PO_ID
                           LEFT JOIN 
	                    grn_hdr ghdr ON ghdr.PO_ID = pohdr.PO_ID
					WHERE
					    dtl.PRODUCT_CODE = pm.PRODUCT_CODE AND hdr.PROJECT_ID = pm.PM_HDR_ID group by ghdr.PO_ID desc limit 1) as PO_CODE
                        FROM product_mst pm,     inventory_product_dtl pdtl,
					    inventory_location_mst ilm,     uom_mst um,     project_hdr pj
WHERE
    pm.PRODUCT_ID = pdtl.PRODUCT_ID
        AND ilm.INVENTORY_LOCATION_CODE = pdtl.INVENTORY_LOCATION_CODE
        and pm.PRODUCT_UOM_CODE = um.UOM_CODE
        and pm.PM_HDR_ID = pj.PM_HDR_ID
        AND PRODUCT_QUANTITY_ON_HAND > 0 and pm.TENANT_ID ='bgrn' and pj.PROJECT_CODE like '%1096%' and ilm.INVENTORY_LOCATION_CODE like '%%' order by pj.PM_HDR_ID]; nested exception is java.sql.SQLSyntaxErrorException: You have an error in your SQL syntax; check the manual that corresponds to your MySQL server version for the right syntax to use near 'desc limit 1) as PO_CODE
                        FROM product_mst pm,     inven' at line 18
				
2026-07-06 16:47:32 [http-nio-8495-exec-1] ERROR c.v.i.s.i.InventoryMaterialTransferService -retrieveinventoryMaterial service error java.lang.NullPointerException
				
2026-07-06 16:47:32 [http-nio-8495-exec-7] INFO  c.v.g.c.NotificationGeneralController -getNotificationDetails   method Start
				
2026-07-06 16:48:02 [http-nio-8495-exec-6] ERROR c.v.i.d.i.InventoryMaterialTransferDao -getPmInv Errororg.springframework.jdbc.BadSqlGrammarException: StatementCallback; bad SQL grammar [SELECT  pm.PM_HDR_ID,   pm.PRODUCT_CODE,pm.PRODUCT_ID,pj.CUSTOMER_NAME,     pm.PRODUCT_DESCRIPTION,
					    pj.PROJECT_CODE,     WEIGHT,     ilm.INVENTORY_LOCATION_DESCRIPTION,
					    pdtl.PRODUCT_QUANTITY_ON_HAND,     um.UOM_SHORT_DESCRIPTION,pm.PRODUCT_ID AS PRODUCT_ID,pm.PRODUCT_COST_PER_UNIT,pm.SPECIFICATION,pm.MAKE,
                       CASE 
                          WHEN ilm.INVENTORY_LOCATION_CODE in('ILC0002','ILC0004') THEN pm.BIN 
                                ELSE '' END AS BIN,
                  (SELECT 
					    pohdr.PO_CODE AS PO_CODE
					FROM
					 indent_hdr hdr inner join   indent_dtl dtl ON hdr.INDENT_ID = dtl.INDENT_ID
					        left JOIN
					    po_dtl podtl ON dtl.INDENT_DTL_ID = podtl.INDENT_DTL_ID
							left JOIN 
						po_hdr pohdr ON pohdr.PO_ID = podtl.PO_ID
                           LEFT JOIN 
	                    grn_hdr ghdr ON ghdr.PO_ID = pohdr.PO_ID
					WHERE
					    dtl.PRODUCT_CODE = pm.PRODUCT_CODE AND hdr.PROJECT_ID = pm.PM_HDR_ID group by ghdr.PO_ID desc limit 1) as PO_CODE
                        FROM product_mst pm,     inventory_product_dtl pdtl,
					    inventory_location_mst ilm,     uom_mst um,     project_hdr pj
WHERE
    pm.PRODUCT_ID = pdtl.PRODUCT_ID
        AND ilm.INVENTORY_LOCATION_CODE = pdtl.INVENTORY_LOCATION_CODE
        and pm.PRODUCT_UOM_CODE = um.UOM_CODE
        and pm.PM_HDR_ID = pj.PM_HDR_ID
        AND PRODUCT_QUANTITY_ON_HAND > 0 and pm.TENANT_ID ='bgrn' and pj.PROJECT_CODE like '%1096%' and ilm.INVENTORY_LOCATION_CODE like '%%' order by pj.PM_HDR_ID]; nested exception is java.sql.SQLSyntaxErrorException: You have an error in your SQL syntax; check the manual that corresponds to your MySQL server version for the right syntax to use near 'desc limit 1) as PO_CODE
                        FROM product_mst pm,     inven' at line 18
				
2026-07-06 16:48:02 [http-nio-8495-exec-6] ERROR c.v.i.s.i.InventoryMaterialTransferService -retrieveinventoryMaterial service error java.lang.NullPointerException
				
2026-07-06 16:48:02 [http-nio-8495-exec-5] INFO  c.v.g.c.NotificationGeneralController -getNotificationDetails   method Start
				
2026-07-06 16:48:06 [http-nio-8495-exec-4] ERROR c.v.i.d.i.InventoryMaterialTransferDao -getPmInv Errororg.springframework.jdbc.BadSqlGrammarException: StatementCallback; bad SQL grammar [SELECT  pm.PM_HDR_ID,   pm.PRODUCT_CODE,pm.PRODUCT_ID,pj.CUSTOMER_NAME,     pm.PRODUCT_DESCRIPTION,
					    pj.PROJECT_CODE,     WEIGHT,     ilm.INVENTORY_LOCATION_DESCRIPTION,
					    pdtl.PRODUCT_QUANTITY_ON_HAND,     um.UOM_SHORT_DESCRIPTION,pm.PRODUCT_ID AS PRODUCT_ID,pm.PRODUCT_COST_PER_UNIT,pm.SPECIFICATION,pm.MAKE,
                       CASE 
                          WHEN ilm.INVENTORY_LOCATION_CODE in('ILC0002','ILC0004') THEN pm.BIN 
                                ELSE '' END AS BIN,
                  (SELECT 
					    pohdr.PO_CODE AS PO_CODE
					FROM
					 indent_hdr hdr inner join   indent_dtl dtl ON hdr.INDENT_ID = dtl.INDENT_ID
					        left JOIN
					    po_dtl podtl ON dtl.INDENT_DTL_ID = podtl.INDENT_DTL_ID
							left JOIN 
						po_hdr pohdr ON pohdr.PO_ID = podtl.PO_ID
                           LEFT JOIN 
	                    grn_hdr ghdr ON ghdr.PO_ID = pohdr.PO_ID
					WHERE
					    dtl.PRODUCT_CODE = pm.PRODUCT_CODE AND hdr.PROJECT_ID = pm.PM_HDR_ID group by ghdr.PO_ID desc limit 1) as PO_CODE
                        FROM product_mst pm,     inventory_product_dtl pdtl,
					    inventory_location_mst ilm,     uom_mst um,     project_hdr pj
WHERE
    pm.PRODUCT_ID = pdtl.PRODUCT_ID
        AND ilm.INVENTORY_LOCATION_CODE = pdtl.INVENTORY_LOCATION_CODE
        and pm.PRODUCT_UOM_CODE = um.UOM_CODE
        and pm.PM_HDR_ID = pj.PM_HDR_ID
        AND PRODUCT_QUANTITY_ON_HAND > 0 and pm.TENANT_ID ='bgrn' and pj.PROJECT_CODE like '%%' and ilm.INVENTORY_LOCATION_CODE like '%%' order by pj.PM_HDR_ID]; nested exception is java.sql.SQLSyntaxErrorException: You have an error in your SQL syntax; check the manual that corresponds to your MySQL server version for the right syntax to use near 'desc limit 1) as PO_CODE
                        FROM product_mst pm,     inven' at line 18
				
2026-07-06 16:48:06 [http-nio-8495-exec-4] ERROR c.v.i.s.i.InventoryMaterialTransferService -retrieveinventoryMaterial service error java.lang.NullPointerException
				
2026-07-06 16:48:06 [http-nio-8495-exec-3] INFO  c.v.g.c.NotificationGeneralController -getNotificationDetails   method Start
				
2026-07-06 16:48:14 [http-nio-8495-exec-7] INFO  c.v.i.c.InventoryMaterialTransferController -getLocationdropdown Controller  method Start
				
2026-07-06 16:48:14 [http-nio-8495-exec-6] INFO  c.v.g.c.NotificationGeneralController -getNotificationDetails   method Start
				
2026-07-06 16:48:14 [http-nio-8495-exec-5] INFO  c.v.g.c.NotificationGeneralController -getNotificationDetails   method Start
				
2026-07-06 16:48:14 [http-nio-8495-exec-2] INFO  c.v.g.c.NotificationGeneralController -getNotificationDetails   method Start
				
2026-07-06 16:48:14 [http-nio-8495-exec-4] INFO  c.v.g.c.NotificationGeneralController -getNotificationDetails   method Start
				
2026-07-06 16:48:47 [http-nio-8495-exec-3] ERROR c.v.i.d.i.InventoryMaterialTransferDao -getPmInv Errororg.springframework.jdbc.BadSqlGrammarException: StatementCallback; bad SQL grammar [SELECT  pm.PM_HDR_ID,   pm.PRODUCT_CODE,pm.PRODUCT_ID,pj.CUSTOMER_NAME,     pm.PRODUCT_DESCRIPTION,
					    pj.PROJECT_CODE,     WEIGHT,     ilm.INVENTORY_LOCATION_DESCRIPTION,
					    pdtl.PRODUCT_QUANTITY_ON_HAND,     um.UOM_SHORT_DESCRIPTION,pm.PRODUCT_ID AS PRODUCT_ID,pm.PRODUCT_COST_PER_UNIT,pm.SPECIFICATION,pm.MAKE,
                       CASE 
                          WHEN ilm.INVENTORY_LOCATION_CODE in('ILC0002','ILC0004') THEN pm.BIN 
                                ELSE '' END AS BIN,
                  (SELECT 
					    pohdr.PO_CODE AS PO_CODE
					FROM
					 indent_hdr hdr inner join   indent_dtl dtl ON hdr.INDENT_ID = dtl.INDENT_ID
					        left JOIN
					    po_dtl podtl ON dtl.INDENT_DTL_ID = podtl.INDENT_DTL_ID
							left JOIN 
						po_hdr pohdr ON pohdr.PO_ID = podtl.PO_ID
                           LEFT JOIN 
	                    grn_hdr ghdr ON ghdr.PO_ID = pohdr.PO_ID
					WHERE
					    dtl.PRODUCT_CODE = pm.PRODUCT_CODE AND hdr.PROJECT_ID = pm.PM_HDR_ID group by ghdr.PO_ID desc limit 1) as PO_CODE
                        FROM product_mst pm,     inventory_product_dtl pdtl,
					    inventory_location_mst ilm,     uom_mst um,     project_hdr pj
WHERE
    pm.PRODUCT_ID = pdtl.PRODUCT_ID
        AND ilm.INVENTORY_LOCATION_CODE = pdtl.INVENTORY_LOCATION_CODE
        and pm.PRODUCT_UOM_CODE = um.UOM_CODE
        and pm.PM_HDR_ID = pj.PM_HDR_ID
        AND PRODUCT_QUANTITY_ON_HAND > 0 and pm.TENANT_ID ='bgrn' and pj.PROJECT_CODE like '%1096%' and ilm.INVENTORY_LOCATION_CODE like '%%' order by pj.PM_HDR_ID]; nested exception is java.sql.SQLSyntaxErrorException: You have an error in your SQL syntax; check the manual that corresponds to your MySQL server version for the right syntax to use near 'desc limit 1) as PO_CODE
                        FROM product_mst pm,     inven' at line 18
				
2026-07-06 16:48:47 [http-nio-8495-exec-3] ERROR c.v.i.s.i.InventoryMaterialTransferService -retrieveinventoryMaterial service error java.lang.NullPointerException
				
2026-07-06 16:48:47 [http-nio-8495-exec-9] INFO  c.v.g.c.NotificationGeneralController -getNotificationDetails   method Start
				
2026-07-06 16:52:27 [http-nio-8495-exec-5] INFO  c.v.m.controller.VendorController -getApprVendorDtls method Start
				
2026-07-06 16:52:27 [http-nio-8495-exec-6] INFO  c.v.s.c.IndentManagementController -getIndentProjectDtlsByDate Controller  method Start
				
2026-07-06 16:52:27 [http-nio-8495-exec-6] INFO  c.v.s.c.IndentManagementController -getIndentProjectDtlsByDate Controller  method end
				
2026-07-06 16:52:27 [http-nio-8495-exec-2] INFO  c.v.g.c.NotificationGeneralController -getNotificationDetails   method Start
				
2026-07-06 16:52:27 [http-nio-8495-exec-4] INFO  c.v.g.c.NotificationGeneralController -getNotificationDetails   method Start
				
2026-07-06 16:52:30 [http-nio-8495-exec-1] INFO  c.v.s.c.IndentManagementController -getIndentProjectDtlsByDate Controller  method Start
				
2026-07-06 16:52:30 [http-nio-8495-exec-7] INFO  c.v.m.controller.VendorController -getApprVendorDtls method Start
				
2026-07-06 16:52:30 [http-nio-8495-exec-6] INFO  c.v.g.c.NotificationGeneralController -getNotificationDetails   method Start
				
2026-07-06 16:52:30 [http-nio-8495-exec-5] INFO  c.v.g.c.NotificationGeneralController -getNotificationDetails   method Start
				
2026-07-06 16:52:30 [http-nio-8495-exec-1] INFO  c.v.s.c.IndentManagementController -getIndentProjectDtlsByDate Controller  method end
				
2026-07-06 16:52:30 [http-nio-8495-exec-2] INFO  c.v.g.c.NotificationGeneralController -getNotificationDetails   method Start
				
2026-07-06 16:52:30 [http-nio-8495-exec-4] INFO  c.v.g.c.NotificationGeneralController -getNotificationDetails   method Start
				
2026-07-06 16:52:37 [http-nio-8495-exec-3] INFO  com.vmfg.scm.services.impl.PoService -getPoDtlsByDateAndPoId Service start 
				
2026-07-06 16:52:37 [http-nio-8495-exec-3] INFO  com.vmfg.scm.services.impl.PoService -getPoDtlsByDateAndPoId Service end 
				
2026-07-06 16:52:37 [http-nio-8495-exec-9] INFO  c.v.g.c.NotificationGeneralController -getNotificationDetails   method Start
				
2026-07-06 16:52:40 [http-nio-8495-exec-8] INFO  c.vmfg.scm.controller.GrnController -getGrnHdrDetails Controller  method Start
				
2026-07-06 16:52:40 [http-nio-8495-exec-8] ERROR c.vmfg.scm.services.impl.GrnService -getGrnHdrDetails service error java.lang.NullPointerException
				
2026-07-06 16:52:40 [http-nio-8495-exec-8] INFO  c.vmfg.scm.controller.GrnController -getGrnHdrDetails  method end
				
2026-07-06 16:52:40 [http-nio-8495-exec-10] INFO  c.v.g.c.NotificationGeneralController -getNotificationDetails   method Start
				
2026-07-06 16:52:41 [http-nio-8495-exec-1] INFO  c.v.m.controller.VendorController -getApprVendorDtls method Start
				
2026-07-06 16:52:41 [http-nio-8495-exec-7] INFO  c.v.s.s.impl.MaterialInwardService -getMaterialInwardHdrDtls Service start 
				
2026-07-06 16:52:41 [http-nio-8495-exec-5] INFO  c.v.g.c.NotificationGeneralController -getNotificationDetails   method Start
				
2026-07-06 16:52:45 [http-nio-8495-exec-7] INFO  c.v.s.s.impl.MaterialInwardService -getMaterialInwardHdrDtls Service end 
				
2026-07-06 16:52:45 [http-nio-8495-exec-6] INFO  c.v.g.c.NotificationGeneralController -getNotificationDetails   method Start
				
2026-07-06 16:53:06 [http-nio-8495-exec-2] INFO  c.v.s.s.impl.MaterialInwardService -getMaterialInwardDtlList Service start 
				
2026-07-06 16:53:07 [http-nio-8495-exec-2] INFO  c.v.s.s.impl.MaterialInwardService -getMaterialInwardDtlList Service end 
				
2026-07-06 16:53:07 [http-nio-8495-exec-4] INFO  c.v.g.c.NotificationGeneralController -getNotificationDetails   method Start
				
2026-07-06 16:53:29 [http-nio-8495-exec-3] INFO  c.v.s.s.impl.MaterialInwardService -getMaterialInwardDtlList Service start 
				
2026-07-06 16:53:29 [http-nio-8495-exec-3] INFO  c.v.s.s.impl.MaterialInwardService -getMaterialInwardDtlList Service end 
				
2026-07-06 16:53:29 [http-nio-8495-exec-9] INFO  c.v.g.c.NotificationGeneralController -getNotificationDetails   method Start
				
2026-07-06 16:53:31 [http-nio-8495-exec-1] INFO  c.v.s.s.impl.MaterialInwardService -getMaterialInwardDtlList Service start 
				
2026-07-06 16:53:31 [http-nio-8495-exec-1] INFO  c.v.s.s.impl.MaterialInwardService -getMaterialInwardDtlList Service end 
				
2026-07-06 16:53:31 [http-nio-8495-exec-5] INFO  c.v.g.c.NotificationGeneralController -getNotificationDetails   method Start
				
2026-07-06 16:53:33 [http-nio-8495-exec-7] INFO  c.v.s.s.impl.MaterialInwardService -getMaterialInwardDtlList Service start 
				
2026-07-06 16:53:33 [http-nio-8495-exec-7] INFO  c.v.s.s.impl.MaterialInwardService -getMaterialInwardDtlList Service end 
				
2026-07-06 16:53:33 [http-nio-8495-exec-7] INFO  c.v.g.c.NotificationGeneralController -getNotificationDetails   method Start
				
2026-07-06 16:53:39 [http-nio-8495-exec-2] INFO  c.vmfg.scm.services.impl.GrnService -approvingDesc DS17,DS18,DS19
				
2026-07-06 16:53:39 [http-nio-8495-exec-2] INFO  com.vmfg.util.CommonNotifyMethod -InvokeNotificationMethod: 1 23  bgrn [BGRN/2026/1096/13, 1096, GUARD PC SHHET] [E0011, E0021, E0027, E0039, E0029] 1 6 76 null
				
2026-07-06 16:53:39 [http-nio-8495-exec-2] INFO  com.vmfg.util.NotificationRequest -notificationreq start
				
2026-07-06 16:53:39 [http-nio-8495-exec-2] INFO  com.vmfg.util.NotificationRequest -Actionparams
				
2026-07-06 16:53:39 [http-nio-8495-exec-2] INFO  com.vmfg.util.NotificationRequest -Actionparams
				
2026-07-06 16:53:39 [http-nio-8495-exec-2] INFO  com.vmfg.util.NotificationRequest -Actionparams
				
2026-07-06 16:53:40 [http-nio-8495-exec-2] INFO  com.vmfg.util.NotificationRequest -Actionparams
				
2026-07-06 16:53:40 [http-nio-8495-exec-2] INFO  com.vmfg.util.NotificationRequest -Actionparams
				
2026-07-06 16:53:40 [http-nio-8495-exec-2] INFO  com.vmfg.util.NotificationRequest -Actionparams
				
2026-07-06 16:53:40 [http-nio-8495-exec-2] INFO  com.vmfg.util.NotificationRequest -Actionparams
				
2026-07-06 16:53:40 [http-nio-8495-exec-2] INFO  com.vmfg.util.NotificationRequest -Actionparams
				
2026-07-06 16:53:40 [http-nio-8495-exec-2] INFO  com.vmfg.util.NotificationRequest -Actionparams
				
2026-07-06 16:53:40 [http-nio-8495-exec-2] INFO  com.vmfg.util.NotificationRequest -Actionparams
				
2026-07-06 16:53:40 [http-nio-8495-exec-2] INFO  com.vmfg.util.NotificationRequest -Actionparams
				
2026-07-06 16:53:40 [http-nio-8495-exec-2] INFO  com.vmfg.util.NotificationRequest -Actionparams
				
2026-07-06 16:53:41 [http-nio-8495-exec-2] INFO  com.vmfg.util.NotificationRequest -Actionparams
				
2026-07-06 16:53:41 [http-nio-8495-exec-2] INFO  com.vmfg.util.NotificationRequest -notificationreq end
				
2026-07-06 16:53:41 [http-nio-8495-exec-2] INFO  com.vmfg.util.DocumentApprovalInsert -InsertDocApprovalDtls starts
				
2026-07-06 16:53:41 [http-nio-8495-exec-2] INFO  com.vmfg.util.DocumentApprovalInsert -DocumentApprovalInsert insertHdrId 0
				
2026-07-06 16:53:41 [http-nio-8495-exec-2] INFO  com.vmfg.util.DocumentApprovalInsert -InsertDocApprovalDtls end
				
2026-07-06 16:53:41 [http-nio-8495-exec-4] INFO  c.v.g.c.NotificationGeneralController -getNotificationDetails   method Start
				
2026-07-06 16:53:41 [http-nio-8495-exec-3] INFO  c.v.s.s.impl.MaterialInwardService -getMaterialInwardDtlList Service start 
				
2026-07-06 16:53:41 [http-nio-8495-exec-3] INFO  c.v.s.s.impl.MaterialInwardService -getMaterialInwardDtlList Service end 
				
2026-07-06 16:53:41 [http-nio-8495-exec-9] INFO  c.v.g.c.NotificationGeneralController -getNotificationDetails   method Start
				
2026-07-06 16:53:45 [http-nio-8495-exec-10] ERROR com.vmfg.util.GetPropertyValue -getTenantPropertyVal Method Exception|||org.springframework.dao.EmptyResultDataAccessException: Incorrect result size: expected 1, actual 0
				
2026-07-06 16:53:45 [http-nio-8495-exec-10] ERROR com.vmfg.util.GetPropertyValue -getTenantPropertyValByTenantId Method Exception|||org.springframework.dao.EmptyResultDataAccessException: Incorrect result size: expected 1, actual 0
				
2026-07-06 16:53:45 [http-nio-8495-exec-10] INFO  com.vmfg.util.CommonBase64Class -CommonBase64Class getBasesBinary method Start
				
2026-07-06 16:53:45 [http-nio-8495-exec-10] ERROR com.vmfg.util.CommonBase64Class -CommonBase64Class getBasesBinary Method FileNotFoundException---->java.io.FileNotFoundException:  (No such file or directory)
				
2026-07-06 16:53:45 [http-nio-8495-exec-10] ERROR c.v.authentication.UserLoginService -getImageUrl DAO Method Exceptionjava.lang.NullPointerException
				
2026-07-06 16:54:06 [http-nio-8495-exec-5] INFO  com.vmfg.authentication.UserLoginDAO - getUserDtlForAuth DAO method Start
				
2026-07-06 16:54:06 [http-nio-8495-exec-5] INFO  com.vmfg.authentication.UserLoginDAO -getUserLoginInfo DAO method end
				
2026-07-06 16:54:06 [http-nio-8495-exec-3] INFO  c.v.g.c.NotificationGeneralController -getNotificationDetails   method Start
				
2026-07-06 16:54:06 [http-nio-8495-exec-4] INFO  c.v.g.c.NotificationGeneralController -getNotificationDetails   method Start
				
2026-07-06 16:54:06 [http-nio-8495-exec-9] INFO  c.v.g.c.NotificationGeneralController -getNotificationDetails   method Start
				
2026-07-06 16:54:07 [http-nio-8495-exec-10] INFO  c.v.s.c.IndentManagementController -getIndentProjectDtlsByDate Controller  method Start
				
2026-07-06 16:54:07 [http-nio-8495-exec-10] INFO  c.v.s.c.IndentManagementController -getIndentProjectDtlsByDate Controller  method end
				
2026-07-06 16:54:07 [http-nio-8495-exec-8] INFO  c.v.q.controller.QualityController -getQtyDtl Controller  method Start
				
2026-07-06 16:54:07 [http-nio-8495-exec-5] INFO  c.v.g.c.NotificationGeneralController -getNotificationDetails   method Start
				
2026-07-06 16:54:08 [http-nio-8495-exec-8] INFO  c.v.q.controller.QualityController -getQtyDtl Controller  method end
				
2026-07-06 16:54:08 [http-nio-8495-exec-1] INFO  c.v.g.c.StageManagementController -getQualityView   method end
				
2026-07-06 16:54:08 [http-nio-8495-exec-6] INFO  c.v.g.c.NotificationGeneralController -getNotificationDetails   method Start
				
2026-07-06 16:54:08 [http-nio-8495-exec-7] INFO  c.v.g.c.NotificationGeneralController -getNotificationDetails   method Start
				
2026-07-06 16:54:18 [http-nio-8495-exec-4] INFO  c.v.q.controller.QualityController -getQtyDtl Controller  method Start
				
2026-07-06 16:54:18 [http-nio-8495-exec-10] INFO  c.v.g.c.NotificationGeneralController -getNotificationDetails   method Start
				
2026-07-06 16:54:18 [http-nio-8495-exec-9] INFO  c.v.a.controller.AssemblyController -retriveIsStagingStatus method Start
				
2026-07-06 16:54:18 [http-nio-8495-exec-7] INFO  c.v.q.controller.QualityController -retrieveQualitInspectionReq Controller  method Start
				
2026-07-06 16:54:18 [http-nio-8495-exec-9] INFO  c.v.g.c.DepartmentAndEmployeeInfoController -getprocessAssignedTeam   method Start
				
2026-07-06 16:54:18 [http-nio-8495-exec-9] INFO  c.v.g.s.i.DepartmentAndEmployeeService -getprocessAssignedTeam  method start
				
2026-07-06 16:54:18 [http-nio-8495-exec-3] INFO  c.v.q.controller.QualityController -getQtyDtl Controller  method Start
				
2026-07-06 16:54:19 [http-nio-8495-exec-9] INFO  c.v.g.c.NotificationGeneralController -getNotificationDetails   method Start
				
2026-07-06 16:54:19 [http-nio-8495-exec-7] INFO  c.v.q.controller.QualityController -retrieveQualitInspectionReq Controller  method end
				
2026-07-06 16:54:19 [http-nio-8495-exec-3] INFO  c.v.q.controller.QualityController -getQtyDtl Controller  method end
				
2026-07-06 16:54:19 [http-nio-8495-exec-3] INFO  c.v.g.c.NotificationGeneralController -getNotificationDetails   method Start
				
2026-07-06 16:54:19 [http-nio-8495-exec-7] INFO  c.v.g.c.NotificationGeneralController -getNotificationDetails   method Start
				
2026-07-06 16:54:19 [http-nio-8495-exec-10] INFO  c.v.g.c.NotificationGeneralController -getNotificationDetails   method Start
				
2026-07-06 16:54:19 [http-nio-8495-exec-1] INFO  c.v.g.c.NotificationGeneralController -getNotificationDetails   method Start
				
2026-07-06 16:54:20 [http-nio-8495-exec-4] INFO  c.v.q.controller.QualityController -getQtyDtl Controller  method end
				
2026-07-06 16:54:20 [http-nio-8495-exec-2] INFO  c.v.g.c.StageManagementController -getQualityView   method end
				
2026-07-06 16:54:20 [http-nio-8495-exec-5] INFO  c.v.g.c.NotificationGeneralController -getNotificationDetails   method Start
				
2026-07-06 16:54:20 [http-nio-8495-exec-8] INFO  c.v.g.c.NotificationGeneralController -getNotificationDetails   method Start
				
2026-07-06 16:55:30 [http-nio-8495-exec-2] INFO  c.v.q.c.QualityInspectionController -insertInspHdrAndDtl Controller  method Start
				
2026-07-06 16:55:30 [http-nio-8495-exec-2] INFO  c.v.q.s.i.QualityInspectionService -insertInspHdrAndDtl service start
				
2026-07-06 16:55:30 [http-nio-8495-exec-2] INFO  com.vmfg.util.CommonNotifyMethod -InvokeNotificationMethod: 1 57  bgrn [BGRN/2026/1096/13, 1096, GUARD PC SHHET] []  6 null DS17
				
2026-07-06 16:55:30 [http-nio-8495-exec-2] INFO  com.vmfg.util.NotificationRequest -notificationreq start
				
2026-07-06 16:55:30 [http-nio-8495-exec-2] INFO  com.vmfg.util.NotificationRequest -appdesigArrDS17DS17bgrn
				
2026-07-06 16:55:30 [http-nio-8495-exec-2] INFO  com.vmfg.util.NotificationRequest -Actionparams
				
2026-07-06 16:55:30 [http-nio-8495-exec-2] INFO  com.vmfg.util.NotificationRequest -Actionparams
				
2026-07-06 16:55:30 [http-nio-8495-exec-2] INFO  com.vmfg.util.NotificationRequest -notificationreq end
				
2026-07-06 16:55:30 [http-nio-8495-exec-2] INFO  com.vmfg.util.DocumentApprovalInsert -InsertDocApprovalDtls starts
				
2026-07-06 16:55:30 [http-nio-8495-exec-2] INFO  com.vmfg.util.DocumentApprovalInsert -DocumentApprovalInsert insertHdrId 48506
				
2026-07-06 16:55:30 [http-nio-8495-exec-2] INFO  com.vmfg.util.DocumentApprovalInsert -InsertDocApprovalDtls end
				
2026-07-06 16:55:30 [http-nio-8495-exec-2] INFO  c.v.q.s.i.QualityInspectionService -insertInspHdrAndDtl service end
				
2026-07-06 16:55:30 [http-nio-8495-exec-2] INFO  c.v.q.c.QualityInspectionController -insertInspHdrAndDtl Controller  method end
				
2026-07-06 16:55:30 [http-nio-8495-exec-8] INFO  c.v.g.c.NotificationGeneralController -getNotificationDetails   method Start
				
2026-07-06 16:55:30 [http-nio-8495-exec-5] INFO  c.v.q.s.i.QualityInspectionService -updateQISeqAndStatus service start
				
2026-07-06 16:55:30 [http-nio-8495-exec-5] INFO  com.vmfg.util.CommonMethod -updateProductInvDtl in Store Inventory Balance for Transaction Type - ITTC0014 - Transaction Ref Id - GRN/2026/665 - Transaction DateTime - 2026-07-06 16:55:30
				
2026-07-06 16:55:30 [http-nio-8495-exec-5] INFO  com.vmfg.util.CommonMethod -updateInvjournal for Transaction Type - ITTC0014 - Transaction Ref Id - GRN/2026/665 - Transaction DateTime - 2026-07-06 16:55:30
				
2026-07-06 16:55:30 [http-nio-8495-exec-5] INFO  com.vmfg.util.CommonMethod -updateProductInvDtl in Store Inventory Balance for Transaction Type - ITTC0014 - Transaction Ref Id - GRN/2026/665 - Transaction DateTime - 2026-07-06 16:55:30
				
2026-07-06 16:55:30 [http-nio-8495-exec-5] INFO  com.vmfg.util.CommonMethod -updateInvjournal for Transaction Type - ITTC0014 - Transaction Ref Id - GRN/2026/665 - Transaction DateTime - 2026-07-06 16:55:30
				
2026-07-06 16:55:30 [http-nio-8495-exec-5] INFO  com.vmfg.util.CommonNotifyMethod -InvokeNotificationMethod: 2 61  bgrn [BGRN/2026/1096/13, 1096, GUARD PC SHHET] []  6 null 
				
2026-07-06 16:55:30 [http-nio-8495-exec-5] INFO  com.vmfg.util.NotificationRequest -notificationreq start
				
2026-07-06 16:55:30 [http-nio-8495-exec-5] INFO  com.vmfg.util.NotificationRequest -appdesigArrbgrn
				
2026-07-06 16:55:30 [http-nio-8495-exec-5] INFO  com.vmfg.util.NotificationRequest -notificationreq end
				
2026-07-06 16:55:30 [http-nio-8495-exec-5] INFO  com.vmfg.util.DocumentApprovalInsert -InsertDocApprovalDtls starts
				
2026-07-06 16:55:30 [http-nio-8495-exec-5] INFO  com.vmfg.util.DocumentApprovalInsert -DocumentApprovalInsert insertHdrId 48506
				
2026-07-06 16:55:30 [http-nio-8495-exec-5] INFO  com.vmfg.util.DocumentApprovalInsert -InsertDocApprovalDtls end
				
2026-07-06 16:55:30 [http-nio-8495-exec-5] INFO  c.v.q.s.i.QualityInspectionService -updateQISeqAndStatus service end
				
2026-07-06 16:55:30 [http-nio-8495-exec-9] INFO  c.v.g.c.NotificationGeneralController -getNotificationDetails   method Start
				
2026-07-06 16:55:31 [http-nio-8495-exec-3] INFO  c.v.q.controller.QualityController -retrieveQualitInspectionReq Controller  method Start
				
2026-07-06 16:55:31 [http-nio-8495-exec-6] INFO  c.v.q.controller.QualityController -retrieveQualitInspectionReq Controller  method Start
				
2026-07-06 16:55:31 [http-nio-8495-exec-10] INFO  c.v.q.controller.QualityController -getQtyDtl Controller  method Start
				
2026-07-06 16:55:31 [http-nio-8495-exec-10] INFO  c.v.q.controller.QualityController -getQtyDtl Controller  method end
				
2026-07-06 16:55:31 [http-nio-8495-exec-6] INFO  c.v.q.controller.QualityController -retrieveQualitInspectionReq Controller  method end
				
2026-07-06 16:55:31 [http-nio-8495-exec-3] INFO  c.v.q.controller.QualityController -retrieveQualitInspectionReq Controller  method end
				
2026-07-06 16:55:31 [http-nio-8495-exec-10] INFO  c.v.g.c.NotificationGeneralController -getNotificationDetails   method Start
				
2026-07-06 16:55:31 [http-nio-8495-exec-1] INFO  c.v.g.c.NotificationGeneralController -getNotificationDetails   method Start
				
2026-07-06 16:55:31 [http-nio-8495-exec-7] INFO  c.v.g.c.NotificationGeneralController -getNotificationDetails   method Start
				
2026-07-06 16:55:37 [http-nio-8495-exec-4] ERROR com.vmfg.util.GetPropertyValue -getTenantPropertyVal Method Exception|||org.springframework.dao.EmptyResultDataAccessException: Incorrect result size: expected 1, actual 0
				
2026-07-06 16:55:37 [http-nio-8495-exec-4] ERROR com.vmfg.util.GetPropertyValue -getTenantPropertyValByTenantId Method Exception|||org.springframework.dao.EmptyResultDataAccessException: Incorrect result size: expected 1, actual 0
				
2026-07-06 16:55:37 [http-nio-8495-exec-4] INFO  com.vmfg.util.CommonBase64Class -CommonBase64Class getBasesBinary method Start
				
2026-07-06 16:55:37 [http-nio-8495-exec-4] ERROR com.vmfg.util.CommonBase64Class -CommonBase64Class getBasesBinary Method FileNotFoundException---->java.io.FileNotFoundException:  (No such file or directory)
				
2026-07-06 16:55:37 [http-nio-8495-exec-4] ERROR c.v.authentication.UserLoginService -getImageUrl DAO Method Exceptionjava.lang.NullPointerException
				
2026-07-06 16:56:02 [http-nio-8495-exec-2] INFO  com.vmfg.authentication.UserLoginDAO - getUserDtlForAuth DAO method Start
				
2026-07-06 16:56:02 [http-nio-8495-exec-2] INFO  com.vmfg.authentication.UserLoginDAO -getUserLoginInfo DAO method end
				
2026-07-06 16:56:02 [http-nio-8495-exec-8] INFO  c.v.g.c.NotificationGeneralController -getNotificationDetails   method Start
				
2026-07-06 16:56:02 [http-nio-8495-exec-9] INFO  c.v.g.c.NotificationGeneralController -getNotificationDetails   method Start
				
2026-07-06 16:56:02 [http-nio-8495-exec-1] INFO  c.v.g.c.NotificationGeneralController -getNotificationDetails   method Start
				
2026-07-06 16:56:02 [http-nio-8495-exec-6] INFO  c.v.s.c.IndentManagementController -getScmHdrBasedDtl   method Start
				
2026-07-06 16:56:02 [http-nio-8495-exec-2] INFO  c.v.g.services.impl.TileViewService -getSaleTileView  method start
				
2026-07-06 16:56:02 [http-nio-8495-exec-4] INFO  c.v.s.c.IndentManagementController -getIndentProjectDtlsByDate Controller  method Start
				
2026-07-06 16:56:02 [http-nio-8495-exec-4] INFO  c.v.s.c.IndentManagementController -getIndentProjectDtlsByDate Controller  method end
				
2026-07-06 16:56:02 [http-nio-8495-exec-3] INFO  c.v.g.c.NotificationGeneralController -getNotificationDetails   method Start
				
2026-07-06 16:56:03 [http-nio-8495-exec-6] INFO  c.v.s.c.IndentManagementController -getScmHdrBasedDtl  method end
				
2026-07-06 16:56:03 [http-nio-8495-exec-2] INFO  c.v.g.c.StageManagementController -getSCMTitleView   method end
				
2026-07-06 16:56:03 [http-nio-8495-exec-10] INFO  c.v.g.c.NotificationGeneralController -getNotificationDetails   method Start
				
2026-07-06 16:56:03 [http-nio-8495-exec-5] INFO  c.v.g.c.NotificationGeneralController -getNotificationDetails   method Start
				
2026-07-06 16:56:06 [http-nio-8495-exec-7] INFO  c.v.s.c.IndentManagementController -getIndentProjectDtlsByDate Controller  method Start
				
2026-07-06 16:56:06 [http-nio-8495-exec-8] INFO  c.v.m.controller.VendorController -getApprVendorDtls method Start
				
2026-07-06 16:56:06 [http-nio-8495-exec-7] INFO  c.v.s.c.IndentManagementController -getIndentProjectDtlsByDate Controller  method end
				
2026-07-06 16:56:06 [http-nio-8495-exec-9] INFO  c.v.g.c.NotificationGeneralController -getNotificationDetails   method Start
				
2026-07-06 16:56:06 [http-nio-8495-exec-4] INFO  c.v.g.c.NotificationGeneralController -getNotificationDetails   method Start
				
2026-07-06 16:56:12 [http-nio-8495-exec-1] INFO  com.vmfg.scm.services.impl.PoService -getPoDtlsByDateAndPoId Service start 
				
2026-07-06 16:56:12 [http-nio-8495-exec-1] INFO  com.vmfg.scm.services.impl.PoService -getPoDtlsByDateAndPoId Service end 
				
2026-07-06 16:56:12 [http-nio-8495-exec-3] INFO  c.v.g.c.NotificationGeneralController -getNotificationDetails   method Start
				
2026-07-06 16:56:14 [http-nio-8495-exec-6] INFO  c.vmfg.scm.controller.GrnController -getGrnHdrDetails Controller  method Start
				
2026-07-06 16:56:14 [http-nio-8495-exec-6] ERROR c.vmfg.scm.services.impl.GrnService -getGrnHdrDetails service error java.lang.NullPointerException
				
2026-07-06 16:56:14 [http-nio-8495-exec-6] INFO  c.vmfg.scm.controller.GrnController -getGrnHdrDetails  method end
				
2026-07-06 16:56:14 [http-nio-8495-exec-2] INFO  c.v.g.c.NotificationGeneralController -getNotificationDetails   method Start
				
2026-07-06 16:56:15 [http-nio-8495-exec-5] INFO  c.v.m.controller.VendorController -getApprVendorDtls method Start
				
2026-07-06 16:56:15 [http-nio-8495-exec-10] INFO  c.v.s.s.impl.MaterialInwardService -getMaterialInwardHdrDtls Service start 
				
2026-07-06 16:56:15 [http-nio-8495-exec-7] INFO  c.v.g.c.NotificationGeneralController -getNotificationDetails   method Start
				
2026-07-06 16:56:20 [http-nio-8495-exec-10] INFO  c.v.s.s.impl.MaterialInwardService -getMaterialInwardHdrDtls Service end 
				
2026-07-06 16:56:20 [http-nio-8495-exec-8] INFO  c.v.g.c.NotificationGeneralController -getNotificationDetails   method Start
				
2026-07-06 17:17:23 [HikariPool-1 housekeeper] WARN  com.zaxxer.hikari.pool.HikariPool -HikariPool-1 - Thread starvation or clock leap detected (housekeeper delta=3m37s650ms).
				
2026-07-06 17:19:27 [http-nio-8495-exec-5] INFO  c.v.s.s.impl.MaterialInwardService -getMaterialInwardDtlList Service start 
				
2026-07-06 17:19:27 [http-nio-8495-exec-5] INFO  c.v.s.s.impl.MaterialInwardService -getMaterialInwardDtlList Service end 
				
2026-07-06 17:19:27 [http-nio-8495-exec-10] INFO  c.v.g.c.NotificationGeneralController -getNotificationDetails   method Start
				
2026-07-06 17:50:12 [Thread-6] INFO  com.zaxxer.hikari.HikariDataSource -HikariPool-1 - Shutdown initiated...
				
2026-07-06 17:50:12 [Thread-6] INFO  com.zaxxer.hikari.HikariDataSource -HikariPool-1 - Shutdown completed.
				
2026-07-06 17:50:12 [restartedMain] INFO  com.vmfg.VMFGApplication -SmartRun Application Started
				
2026-07-06 17:50:12 [restartedMain] INFO  o.s.boot.SpringApplication -

                                ooooooo &&&&&&&&                              
                              oo     oo &.     &                              
                    ooooooo  oo      oo &:     &&                             
                 oo        oooo      oo &&       *&&&&  &&&&&&                
               oo            oo      oo &&                    &&&             
              oo                     oo &&&&&                  &o             
              oo                     oo &&     &&&&&           &              
              oo           ooo       oo &&           &&&       &&             
           ooooo           o:        oo &&              &        &&           
       ooo     *oo       oo          oo &&                        &&&&&&&     
     oo           ooooooo            oo &&                              &&    
    o&                                      &&&&*       &&               &&   
   oo                                            &&       &&              &&  
   o     ooooo                  @     @@    @@     &&:     &&           &&    
  oo ooo       ooo          @@@@@@@@@@@@@@@@@@@@@    &&     &&         &&     
  ooo            oo         @@ @@@ @@@@@@@@@@@  @     &&     &&         &     
  oo               o      @@@@ @@@ @@@@@@@@@@@  @@@    &&     &         &&    
  o&               oo       @@ @@@ @@@@@@@@@@@  @       &     &         &&    
  oo               oo       @@ @@ @ @@@@        @       &&                &&& 
  oo                      @@@@ @@@@@@@@@@@@@@@  @@@:    &&                  &&
  oo                        @@ @@@@@@@@@@@ @@@  @       &&        o&        &&
   o                        @@ @@@@@ @@@  @@@@  @       &         &&        &.
   oo                     @@@@ @@@ @@@@@@@@@@@  @@@@   &          &    .&&&&  
    o         oooo          @@                  @     &.         &&    &&     
    oo    ooo      &oo          @     @@    @@      &&          &&    &&      
     oo oo            oo        @     @     @@    &&           &&    &&       
      ooo              oo                      &&&           &&      &&       
         oooooooo       oo           oo &&&&&&              &&         &      
              oo        oo           oo &&         &      &&           &&     
              o        :o            oo &&  .&&&&&     &&.           &&       
              o       oo             oo &&                    &&&&&&&&        
              oo    ooo              oo &&                  &&                
                oo                   oo &&                &&                  
                  oo        oooo     oo &&                &                   
                     ooooooo  &o     oo &&      &&&       &                   
                                oo   oo && :&&&   .&& &&&*                    
                                   &ooo &&&                                   

==============================================
SmartRun Product by SmartRun Tech. All rights reserved.
==============================================
Application Version : 2.6.7
Application Title : SmartRun MES
Contact : support@smartruntech.com
==============================================

				
2026-07-06 17:50:12 [restartedMain] INFO  com.vmfg.VMFGApplication -Starting VMFGApplication using Java 1.8.0_482 on Peachs-Mac-mini.local with PID 3635 (/Users/peach/Spring_Boot_Projects/bgr/OneDrive_1_4-15-2026/BGR-SOURCE_CODE/SmartRun_ProjectManagement_Java/SR_Management/target/classes started by peach in /Users/peach/Spring_Boot_Projects/bgr/OneDrive_1_4-15-2026/BGR-SOURCE_CODE/SmartRun_ProjectManagement_Java/SR_Management)
				
2026-07-06 17:50:12 [restartedMain] INFO  com.vmfg.VMFGApplication -The following 1 profile is active: "dev"
				
2026-07-06 17:50:13 [restartedMain] INFO  o.s.d.r.c.RepositoryConfigurationDelegate -Bootstrapping Spring Data JDBC repositories in DEFAULT mode.
				
2026-07-06 17:50:13 [restartedMain] INFO  o.s.d.r.c.RepositoryConfigurationDelegate -Finished Spring Data repository scanning in 24 ms. Found 0 JDBC repository interfaces.
				
2026-07-06 17:50:14 [restartedMain] INFO  o.s.b.w.e.tomcat.TomcatWebServer -Tomcat initialized with port(s): 8495 (http)
				
2026-07-06 17:50:14 [restartedMain] INFO  o.a.coyote.http11.Http11NioProtocol -Initializing ProtocolHandler ["http-nio-8495"]
				
2026-07-06 17:50:14 [restartedMain] INFO  o.a.catalina.core.StandardService -Starting service [Tomcat]
				
2026-07-06 17:50:14 [restartedMain] INFO  o.a.catalina.core.StandardEngine -Starting Servlet engine: [Apache Tomcat/9.0.63]
				
2026-07-06 17:50:14 [restartedMain] INFO  o.a.c.c.C.[.[localhost].[/smartrun] -Initializing Spring embedded WebApplicationContext
				
2026-07-06 17:50:14 [restartedMain] INFO  o.s.b.w.s.c.ServletWebServerApplicationContext -Root WebApplicationContext: initialization completed in 1521 ms
				
2026-07-06 17:50:14 [restartedMain] INFO  s.d.s.w.PropertySourcedRequestMappingHandlerMapping -Mapped URL path [/v2/api-docs] onto method [springfox.documentation.swagger2.web.Swagger2Controller#getDocumentation(String, HttpServletRequest)]
				
2026-07-06 17:50:15 [restartedMain] INFO  o.s.b.d.a.OptionalLiveReloadServer -LiveReload server is running on port 35729
				
2026-07-06 17:50:15 [restartedMain] INFO  com.zaxxer.hikari.HikariDataSource -HikariPool-2 - Starting...
				
2026-07-06 17:50:15 [restartedMain] INFO  com.zaxxer.hikari.HikariDataSource -HikariPool-2 - Start completed.
				
2026-07-06 17:50:15 [restartedMain] WARN  o.s.b.a.s.s.UserDetailsServiceAutoConfiguration -

Using generated security password: 3770dd4e-673c-4067-b50b-21c9b50fd77d

This generated password is for development use only. Your security configuration must be updated before running your application in production.

				
2026-07-06 17:50:15 [restartedMain] INFO  o.s.s.web.DefaultSecurityFilterChain -Will secure any request with [org.springframework.security.web.session.DisableEncodeUrlFilter@51fb99ba, org.springframework.security.web.context.request.async.WebAsyncManagerIntegrationFilter@6474feb8, org.springframework.security.web.context.SecurityContextPersistenceFilter@4c334f23, org.springframework.security.web.header.HeaderWriterFilter@f67959f, org.springframework.security.web.csrf.CsrfFilter@2d9dcaf3, org.springframework.security.web.authentication.logout.LogoutFilter@48a64a7e, org.springframework.security.web.authentication.UsernamePasswordAuthenticationFilter@7704995c, org.springframework.security.web.authentication.ui.DefaultLoginPageGeneratingFilter@351d1c85, org.springframework.security.web.authentication.ui.DefaultLogoutPageGeneratingFilter@15778108, org.springframework.security.web.authentication.www.BasicAuthenticationFilter@ebfe9af, org.springframework.security.web.savedrequest.RequestCacheAwareFilter@3a51a846, org.springframework.security.web.servletapi.SecurityContextHolderAwareRequestFilter@9a909fe, org.springframework.security.web.authentication.AnonymousAuthenticationFilter@4284fea7, org.springframework.security.web.session.SessionManagementFilter@4cee0cd2, org.springframework.security.web.access.ExceptionTranslationFilter@57843219, org.springframework.security.web.access.intercept.FilterSecurityInterceptor@208b32ae]
				
2026-07-06 17:50:15 [restartedMain] INFO  o.a.coyote.http11.Http11NioProtocol -Starting ProtocolHandler ["http-nio-8495"]
				
2026-07-06 17:50:15 [restartedMain] INFO  o.s.b.w.e.tomcat.TomcatWebServer -Tomcat started on port(s): 8495 (http) with context path '/smartrun'
				
2026-07-06 17:50:15 [restartedMain] INFO  s.d.s.w.p.DocumentationPluginsBootstrapper -Context refreshed
				
2026-07-06 17:50:15 [restartedMain] INFO  s.d.s.w.p.DocumentationPluginsBootstrapper -Found 1 custom documentation plugin(s)
				
2026-07-06 17:50:15 [restartedMain] INFO  s.d.s.w.s.ApiListingReferenceScanner -Scanning for api listing references
				
2026-07-06 17:50:15 [restartedMain] INFO  com.vmfg.VMFGApplication -Started VMFGApplication in 3.268 seconds (JVM running for 12906.723)
				
2026-07-06 17:50:15 [restartedMain] INFO  o.s.b.d.a.ConditionEvaluationDeltaLoggingListener -Condition evaluation delta:


==========================
CONDITION EVALUATION DELTA
==========================


Positive matches:
-----------------

   SpringBootWebSecurityConfiguration.SecurityFilterChainConfiguration matched:
      - AllNestedConditions 2 matched 0 did not; NestedCondition on DefaultWebSecurityCondition.Beans @ConditionalOnMissingBean (types: org.springframework.security.config.annotation.web.configuration.WebSecurityConfigurerAdapter,org.springframework.security.web.SecurityFilterChain; SearchStrategy: all) did not find any beans; NestedCondition on DefaultWebSecurityCondition.Classes @ConditionalOnClass found required classes 'org.springframework.security.web.SecurityFilterChain', 'org.springframework.security.config.annotation.web.builders.HttpSecurity' (DefaultWebSecurityCondition)

   SpringBootWebSecurityConfiguration.WebSecurityEnablerConfiguration matched:
      - @ConditionalOnClass found required class 'org.springframework.security.config.annotation.web.configuration.EnableWebSecurity' (OnClassCondition)
      - @ConditionalOnMissingBean (names: springSecurityFilterChain; SearchStrategy: all) did not find any beans (OnBeanCondition)

   UserDetailsServiceAutoConfiguration matched:
      - @ConditionalOnClass found required class 'org.springframework.security.authentication.AuthenticationManager' (OnClassCondition)
      - @ConditionalOnBean (types: org.springframework.security.config.annotation.ObjectPostProcessor; SearchStrategy: all) found bean 'objectPostProcessor'; @ConditionalOnMissingBean (types: org.springframework.security.authentication.AuthenticationManager,org.springframework.security.authentication.AuthenticationProvider,org.springframework.security.core.userdetails.UserDetailsService,org.springframework.security.authentication.AuthenticationManagerResolver,org.springframework.security.oauth2.jwt.JwtDecoder,org.springframework.security.oauth2.server.resource.introspection.OpaqueTokenIntrospector,org.springframework.security.oauth2.client.registration.ClientRegistrationRepository,org.springframework.security.saml2.provider.service.registration.RelyingPartyRegistrationRepository; SearchStrategy: all) did not find any beans (OnBeanCondition)


Negative matches:
-----------------

    None


Exclusions:
-----------

    None


Unconditional classes:
----------------------

    None



				
2026-07-06 17:50:22 [Thread-9] INFO  com.zaxxer.hikari.HikariDataSource -HikariPool-2 - Shutdown initiated...
				
2026-07-06 17:50:22 [Thread-9] INFO  com.zaxxer.hikari.HikariDataSource -HikariPool-2 - Shutdown completed.
				
2026-07-06 17:50:22 [restartedMain] INFO  com.vmfg.VMFGApplication -SmartRun Application Started
				
2026-07-06 17:50:23 [restartedMain] INFO  o.s.boot.SpringApplication -

                                ooooooo &&&&&&&&                              
                              oo     oo &.     &                              
                    ooooooo  oo      oo &:     &&                             
                 oo        oooo      oo &&       *&&&&  &&&&&&                
               oo            oo      oo &&                    &&&             
              oo                     oo &&&&&                  &o             
              oo                     oo &&     &&&&&           &              
              oo           ooo       oo &&           &&&       &&             
           ooooo           o:        oo &&              &        &&           
       ooo     *oo       oo          oo &&                        &&&&&&&     
     oo           ooooooo            oo &&                              &&    
    o&                                      &&&&*       &&               &&   
   oo                                            &&       &&              &&  
   o     ooooo                  @     @@    @@     &&:     &&           &&    
  oo ooo       ooo          @@@@@@@@@@@@@@@@@@@@@    &&     &&         &&     
  ooo            oo         @@ @@@ @@@@@@@@@@@  @     &&     &&         &     
  oo               o      @@@@ @@@ @@@@@@@@@@@  @@@    &&     &         &&    
  o&               oo       @@ @@@ @@@@@@@@@@@  @       &     &         &&    
  oo               oo       @@ @@ @ @@@@        @       &&                &&& 
  oo                      @@@@ @@@@@@@@@@@@@@@  @@@:    &&                  &&
  oo                        @@ @@@@@@@@@@@ @@@  @       &&        o&        &&
   o                        @@ @@@@@ @@@  @@@@  @       &         &&        &.
   oo                     @@@@ @@@ @@@@@@@@@@@  @@@@   &          &    .&&&&  
    o         oooo          @@                  @     &.         &&    &&     
    oo    ooo      &oo          @     @@    @@      &&          &&    &&      
     oo oo            oo        @     @     @@    &&           &&    &&       
      ooo              oo                      &&&           &&      &&       
         oooooooo       oo           oo &&&&&&              &&         &      
              oo        oo           oo &&         &      &&           &&     
              o        :o            oo &&  .&&&&&     &&.           &&       
              o       oo             oo &&                    &&&&&&&&        
              oo    ooo              oo &&                  &&                
                oo                   oo &&                &&                  
                  oo        oooo     oo &&                &                   
                     ooooooo  &o     oo &&      &&&       &                   
                                oo   oo && :&&&   .&& &&&*                    
                                   &ooo &&&                                   

==============================================
SmartRun Product by SmartRun Tech. All rights reserved.
==============================================
Application Version : 2.6.7
Application Title : SmartRun MES
Contact : support@smartruntech.com
==============================================

				
2026-07-06 17:50:23 [restartedMain] INFO  com.vmfg.VMFGApplication -Starting VMFGApplication using Java 1.8.0_482 on Peachs-Mac-mini.local with PID 3635 (/Users/peach/Spring_Boot_Projects/bgr/OneDrive_1_4-15-2026/BGR-SOURCE_CODE/SmartRun_ProjectManagement_Java/SR_Management/target/classes started by peach in /Users/peach/Spring_Boot_Projects/bgr/OneDrive_1_4-15-2026/BGR-SOURCE_CODE/SmartRun_ProjectManagement_Java/SR_Management)
				
2026-07-06 17:50:23 [restartedMain] INFO  com.vmfg.VMFGApplication -The following 1 profile is active: "dev"
				
2026-07-06 17:50:23 [restartedMain] INFO  o.s.d.r.c.RepositoryConfigurationDelegate -Bootstrapping Spring Data JDBC repositories in DEFAULT mode.
				
2026-07-06 17:50:23 [restartedMain] INFO  o.s.d.r.c.RepositoryConfigurationDelegate -Finished Spring Data repository scanning in 33 ms. Found 0 JDBC repository interfaces.
				
2026-07-06 17:50:24 [restartedMain] INFO  o.s.b.w.e.tomcat.TomcatWebServer -Tomcat initialized with port(s): 8495 (http)
				
2026-07-06 17:50:24 [restartedMain] INFO  o.a.coyote.http11.Http11NioProtocol -Initializing ProtocolHandler ["http-nio-8495"]
				
2026-07-06 17:50:24 [restartedMain] INFO  o.a.catalina.core.StandardService -Starting service [Tomcat]
				
2026-07-06 17:50:24 [restartedMain] INFO  o.a.catalina.core.StandardEngine -Starting Servlet engine: [Apache Tomcat/9.0.63]
				
2026-07-06 17:50:24 [restartedMain] INFO  o.a.c.c.C.[.[localhost].[/smartrun] -Initializing Spring embedded WebApplicationContext
				
2026-07-06 17:50:24 [restartedMain] INFO  o.s.b.w.s.c.ServletWebServerApplicationContext -Root WebApplicationContext: initialization completed in 787 ms
				
2026-07-06 17:50:24 [restartedMain] WARN  o.s.b.w.s.c.AnnotationConfigServletWebServerApplicationContext -Exception encountered during context initialization - cancelling refresh attempt: org.springframework.beans.factory.UnsatisfiedDependencyException: Error creating bean with name 'assemblyIssueController': Unsatisfied dependency expressed through field 'iAssemblyIssueService'; nested exception is org.springframework.beans.factory.NoSuchBeanDefinitionException: No qualifying bean of type 'com.vmfg.assembly.services.interfaces.IAssemblyIssueService' available: expected at least 1 bean which qualifies as autowire candidate. Dependency annotations: {@org.springframework.beans.factory.annotation.Autowired(required=true)}
				
2026-07-06 17:50:24 [restartedMain] INFO  o.a.catalina.core.StandardService -Stopping service [Tomcat]
				
2026-07-06 17:50:24 [restartedMain] INFO  o.s.b.a.l.ConditionEvaluationReportLoggingListener -

Error starting ApplicationContext. To display the conditions report re-run your application with 'debug' enabled.
				
2026-07-06 17:50:24 [restartedMain] ERROR o.s.b.d.LoggingFailureAnalysisReporter -

***************************
APPLICATION FAILED TO START
***************************

Description:

Field iAssemblyIssueService in com.vmfg.assembly.controller.AssemblyIssueController required a bean of type 'com.vmfg.assembly.services.interfaces.IAssemblyIssueService' that could not be found.

The injection point has the following annotations:
	- @org.springframework.beans.factory.annotation.Autowired(required=true)


Action:

Consider defining a bean of type 'com.vmfg.assembly.services.interfaces.IAssemblyIssueService' in your configuration.

				
2026-07-06 17:50:24 [restartedMain] ERROR com.vmfg.VMFGApplication -SmartRun Application Start Exception--->org.springframework.beans.factory.UnsatisfiedDependencyException: Error creating bean with name 'assemblyIssueController': Unsatisfied dependency expressed through field 'iAssemblyIssueService'; nested exception is org.springframework.beans.factory.NoSuchBeanDefinitionException: No qualifying bean of type 'com.vmfg.assembly.services.interfaces.IAssemblyIssueService' available: expected at least 1 bean which qualifies as autowire candidate. Dependency annotations: {@org.springframework.beans.factory.annotation.Autowired(required=true)}
				
