2026-05-19 09:53:43 [background-preinit] INFO  o.h.validator.internal.util.Version -HV000001: Hibernate Validator 6.2.3.Final
				
2026-05-19 09:53:45 [restartedMain] INFO  o.s.boot.SpringApplication -

                                ooooooo &&&&&&&&                              
                              oo     oo &.     &                              
                    ooooooo  oo      oo &:     &&                             
                 oo        oooo      oo &&       *&&&&  &&&&&&                
               oo            oo      oo &&                    &&&             
              oo                     oo &&&&&                  &o             
              oo                     oo &&     &&&&&           &              
              oo           ooo       oo &&           &&&       &&             
           ooooo           o:        oo &&              &        &&           
       ooo     *oo       oo          oo &&                        &&&&&&&     
     oo           ooooooo            oo &&                              &&    
    o&                                      &&&&*       &&               &&   
   oo                                            &&       &&              &&  
   o     ooooo                  @     @@    @@     &&:     &&           &&    
  oo ooo       ooo          @@@@@@@@@@@@@@@@@@@@@    &&     &&         &&     
  ooo            oo         @@ @@@ @@@@@@@@@@@  @     &&     &&         &     
  oo               o      @@@@ @@@ @@@@@@@@@@@  @@@    &&     &         &&    
  o&               oo       @@ @@@ @@@@@@@@@@@  @       &     &         &&    
  oo               oo       @@ @@ @ @@@@        @       &&                &&& 
  oo                      @@@@ @@@@@@@@@@@@@@@  @@@:    &&                  &&
  oo                        @@ @@@@@@@@@@@ @@@  @       &&        o&        &&
   o                        @@ @@@@@ @@@  @@@@  @       &         &&        &.
   oo                     @@@@ @@@ @@@@@@@@@@@  @@@@   &          &    .&&&&  
    o         oooo          @@                  @     &.         &&    &&     
    oo    ooo      &oo          @     @@    @@      &&          &&    &&      
     oo oo            oo        @     @     @@    &&           &&    &&       
      ooo              oo                      &&&           &&      &&       
         oooooooo       oo           oo &&&&&&              &&         &      
              oo        oo           oo &&         &      &&           &&     
              o        :o            oo &&  .&&&&&     &&.           &&       
              o       oo             oo &&                    &&&&&&&&        
              oo    ooo              oo &&                  &&                
                oo                   oo &&                &&                  
                  oo        oooo     oo &&                &                   
                     ooooooo  &o     oo &&      &&&       &                   
                                oo   oo && :&&&   .&& &&&*                    
                                   &ooo &&&                                   

==============================================
SmartRun Product by SmartRun Tech. All rights reserved.
==============================================
Application Version : 2.6.7
Application Title : SmartRun MES
Contact : support@smartruntech.com
==============================================

				
2026-05-19 09:53:45 [restartedMain] INFO  com.vmfg.VMFGApplication -Starting VMFGApplication using Java 1.8.0_482 on Peachs-Mac-mini.local with PID 2112 (/Users/peach/Spring_Boot_Projects/bgr/OneDrive_1_4-15-2026/BGR-SOURCE_CODE/SmartRun_ProjectManagement_Java/SR_Management/target/classes started by peach in /Users/peach/Spring_Boot_Projects/bgr/OneDrive_1_4-15-2026/BGR-SOURCE_CODE/SmartRun_ProjectManagement_Java/SR_Management)
				
2026-05-19 09:53:45 [restartedMain] INFO  com.vmfg.VMFGApplication -The following 1 profile is active: "dev"
				
2026-05-19 09:53:45 [restartedMain] INFO  o.s.b.d.e.DevToolsPropertyDefaultsPostProcessor -Devtools property defaults active! Set 'spring.devtools.add-properties' to 'false' to disable
				
2026-05-19 09:53:45 [restartedMain] INFO  o.s.b.d.e.DevToolsPropertyDefaultsPostProcessor -For additional web related logging consider setting the 'logging.level.web' property to 'DEBUG'
				
2026-05-19 09:53:47 [restartedMain] INFO  o.s.d.r.c.RepositoryConfigurationDelegate -Bootstrapping Spring Data JDBC repositories in DEFAULT mode.
				
2026-05-19 09:53:48 [restartedMain] INFO  o.s.d.r.c.RepositoryConfigurationDelegate -Finished Spring Data repository scanning in 86 ms. Found 0 JDBC repository interfaces.
				
2026-05-19 09:53:49 [restartedMain] INFO  o.s.b.w.e.tomcat.TomcatWebServer -Tomcat initialized with port(s): 8495 (http)
				
2026-05-19 09:53:49 [restartedMain] INFO  o.a.coyote.http11.Http11NioProtocol -Initializing ProtocolHandler ["http-nio-8495"]
				
2026-05-19 09:53:49 [restartedMain] INFO  o.a.catalina.core.StandardService -Starting service [Tomcat]
				
2026-05-19 09:53:49 [restartedMain] INFO  o.a.catalina.core.StandardEngine -Starting Servlet engine: [Apache Tomcat/9.0.63]
				
2026-05-19 09:53:49 [restartedMain] INFO  o.a.c.c.C.[.[localhost].[/smartrun] -Initializing Spring embedded WebApplicationContext
				
2026-05-19 09:53:49 [restartedMain] INFO  o.s.b.w.s.c.ServletWebServerApplicationContext -Root WebApplicationContext: initialization completed in 3897 ms
				
2026-05-19 09:53:52 [restartedMain] INFO  s.d.s.w.PropertySourcedRequestMappingHandlerMapping -Mapped URL path [/v2/api-docs] onto method [springfox.documentation.swagger2.web.Swagger2Controller#getDocumentation(String, HttpServletRequest)]
				
2026-05-19 09:53:53 [restartedMain] INFO  o.s.s.web.DefaultSecurityFilterChain -Will secure any request with [org.springframework.security.web.session.DisableEncodeUrlFilter@70d2ca62, org.springframework.security.web.context.request.async.WebAsyncManagerIntegrationFilter@594f9318, org.springframework.security.web.context.SecurityContextPersistenceFilter@88de392, org.springframework.security.web.header.HeaderWriterFilter@71f12ecb, org.springframework.web.filter.CorsFilter@27844f9c, org.springframework.security.web.authentication.logout.LogoutFilter@6260998, com.vmfg.security.config.JwtRequestFilter@7834544a, org.springframework.security.web.savedrequest.RequestCacheAwareFilter@7062551c, org.springframework.security.web.servletapi.SecurityContextHolderAwareRequestFilter@62ec4439, org.springframework.security.web.authentication.AnonymousAuthenticationFilter@1a33660, org.springframework.security.web.session.SessionManagementFilter@772e4c6d, org.springframework.security.web.access.ExceptionTranslationFilter@21b10916, org.springframework.security.web.access.intercept.FilterSecurityInterceptor@5570c45f]
				
2026-05-19 09:53:53 [restartedMain] INFO  o.s.b.d.a.OptionalLiveReloadServer -LiveReload server is running on port 35729
				
2026-05-19 09:53:53 [restartedMain] INFO  com.zaxxer.hikari.HikariDataSource -HikariPool-1 - Starting...
				
2026-05-19 09:53:53 [restartedMain] INFO  com.zaxxer.hikari.HikariDataSource -HikariPool-1 - Start completed.
				
2026-05-19 09:53:54 [restartedMain] INFO  o.a.coyote.http11.Http11NioProtocol -Starting ProtocolHandler ["http-nio-8495"]
				
2026-05-19 09:53:54 [restartedMain] INFO  o.s.b.w.e.tomcat.TomcatWebServer -Tomcat started on port(s): 8495 (http) with context path '/smartrun'
				
2026-05-19 09:53:54 [restartedMain] INFO  s.d.s.w.p.DocumentationPluginsBootstrapper -Context refreshed
				
2026-05-19 09:53:54 [restartedMain] INFO  s.d.s.w.p.DocumentationPluginsBootstrapper -Found 1 custom documentation plugin(s)
				
2026-05-19 09:53:54 [restartedMain] INFO  s.d.s.w.s.ApiListingReferenceScanner -Scanning for api listing references
				
2026-05-19 09:53:55 [restartedMain] INFO  s.d.s.w.r.o.CachingOperationNameGenerator -Generating unique operation named: insertOrUpdateSalesBudgetSheetHdrAndDtlUsingPOST_1
				
2026-05-19 09:53:55 [restartedMain] INFO  s.d.s.w.r.o.CachingOperationNameGenerator -Generating unique operation named: getVendorDetailHdrViewUsingPOST_1
				
2026-05-19 09:53:56 [restartedMain] INFO  s.d.s.w.r.o.CachingOperationNameGenerator -Generating unique operation named: updateUserRoleMappingUsingPOST_1
				
2026-05-19 09:53:56 [restartedMain] INFO  com.vmfg.VMFGApplication -Started VMFGApplication in 13.169 seconds (JVM running for 14.815)
				
2026-05-19 09:53:56 [main] ERROR com.vmfg.VMFGApplication -SmartRun Application Start Exception--->org.springframework.boot.devtools.restart.SilentExitExceptionHandler$SilentExitException
				
2026-05-19 09:55:13 [http-nio-8495-exec-1] INFO  o.a.c.c.C.[.[localhost].[/smartrun] -Initializing Spring DispatcherServlet 'dispatcherServlet'
				
2026-05-19 09:55:13 [http-nio-8495-exec-1] INFO  o.s.web.servlet.DispatcherServlet -Initializing Servlet 'dispatcherServlet'
				
2026-05-19 09:55:13 [http-nio-8495-exec-1] INFO  o.s.web.servlet.DispatcherServlet -Completed initialization in 7 ms
				
2026-05-19 09:55:14 [http-nio-8495-exec-8] ERROR com.vmfg.util.GetPropertyValue -getTenantPropertyVal Method Exception|||org.springframework.dao.EmptyResultDataAccessException: Incorrect result size: expected 1, actual 0
				
2026-05-19 09:55:14 [http-nio-8495-exec-8] ERROR com.vmfg.util.GetPropertyValue -getTenantPropertyValByTenantId Method Exception|||org.springframework.dao.EmptyResultDataAccessException: Incorrect result size: expected 1, actual 0
				
2026-05-19 09:55:14 [http-nio-8495-exec-8] INFO  com.vmfg.util.CommonBase64Class -CommonBase64Class getBasesBinary method Start
				
2026-05-19 09:55:14 [http-nio-8495-exec-8] ERROR com.vmfg.util.CommonBase64Class -CommonBase64Class getBasesBinary Method FileNotFoundException---->java.io.FileNotFoundException:  (No such file or directory)
				
2026-05-19 09:55:14 [http-nio-8495-exec-8] ERROR c.v.authentication.UserLoginService -getImageUrl DAO Method Exceptionjava.lang.NullPointerException
				
2026-05-19 09:55:56 [http-nio-8495-exec-10] INFO  com.vmfg.authentication.UserLoginDAO - getUserDtlForAuth DAO method Start
				
2026-05-19 09:55:56 [http-nio-8495-exec-10] INFO  com.vmfg.authentication.UserLoginDAO -getUserLoginInfo DAO method end
				
2026-05-19 09:55:56 [http-nio-8495-exec-7] INFO  c.v.g.c.NotificationGeneralController -getNotificationDetails   method Start
				
2026-05-19 09:55:56 [http-nio-8495-exec-5] INFO  c.v.g.c.NotificationGeneralController -getNotificationDetails   method Start
				
2026-05-19 09:55:56 [http-nio-8495-exec-4] INFO  c.v.g.c.NotificationGeneralController -getNotificationDetails   method Start
				
2026-05-19 09:55:57 [http-nio-8495-exec-10] INFO  c.v.s.c.IndentManagementController -getIndentProjectDtlsByDate Controller  method Start
				
2026-05-19 09:55:57 [http-nio-8495-exec-3] INFO  c.v.g.services.impl.TileViewService -getProjectTitleView  method start
				
2026-05-19 09:55:57 [http-nio-8495-exec-2] INFO  c.v.p.controller.ProjectController -getProjectDtl   method Start
				
2026-05-19 09:55:57 [http-nio-8495-exec-10] INFO  c.v.s.c.IndentManagementController -getIndentProjectDtlsByDate Controller  method end
				
2026-05-19 09:55:57 [http-nio-8495-exec-6] INFO  c.v.g.c.NotificationGeneralController -getNotificationDetails   method Start
				
2026-05-19 09:55:57 [http-nio-8495-exec-3] INFO  c.v.g.c.StageManagementController -getProjectTitleView   method end
				
2026-05-19 09:55:57 [http-nio-8495-exec-9] INFO  c.v.g.c.NotificationGeneralController -getNotificationDetails   method Start
				
2026-05-19 09:55:57 [http-nio-8495-exec-8] INFO  c.v.g.c.NotificationGeneralController -getNotificationDetails   method Start
				
2026-05-19 09:56:26 [http-nio-8495-exec-1] INFO  c.v.s.c.IndentManagementController -getIndentProjectDtlsByDate Controller  method Start
				
2026-05-19 09:56:26 [http-nio-8495-exec-7] INFO  c.v.d.c.IndentUploadController -getIndentTypeMstDropDown Controller  method Start
				
2026-05-19 09:56:26 [http-nio-8495-exec-1] INFO  c.v.s.c.IndentManagementController -getIndentProjectDtlsByDate Controller  method end
				
2026-05-19 09:56:26 [http-nio-8495-exec-4] INFO  c.v.g.c.NotificationGeneralController -getNotificationDetails   method Start
				
2026-05-19 09:56:26 [http-nio-8495-exec-7] INFO  c.v.d.c.IndentUploadController -getIndentTypeMstDropDown Controller  method end
				
2026-05-19 09:56:26 [http-nio-8495-exec-5] INFO  c.v.g.c.NotificationGeneralController -getNotificationDetails   method Start
				
2026-05-19 09:57:08 [http-nio-8495-exec-8] INFO  c.v.s.c.IndentManagementController -getIndentProjectDtlsByDate Controller  method Start
				
2026-05-19 09:57:08 [http-nio-8495-exec-8] INFO  c.v.s.c.IndentManagementController -getIndentProjectDtlsByDate Controller  method end
				
2026-05-19 09:57:08 [http-nio-8495-exec-10] INFO  c.v.g.c.NotificationGeneralController -getNotificationDetails   method Start
				
2026-05-19 10:02:56 [http-nio-8495-exec-7] INFO  c.v.d.c.IndentUploadController -getIndentTypeMstDropDown Controller  method Start
				
2026-05-19 10:02:56 [http-nio-8495-exec-1] INFO  c.v.s.c.IndentManagementController -getIndentProjectDtlsByDate Controller  method Start
				
2026-05-19 10:02:56 [http-nio-8495-exec-7] INFO  c.v.d.c.IndentUploadController -getIndentTypeMstDropDown Controller  method end
				
2026-05-19 10:02:56 [http-nio-8495-exec-1] INFO  c.v.s.c.IndentManagementController -getIndentProjectDtlsByDate Controller  method end
				
2026-05-19 10:02:56 [http-nio-8495-exec-4] INFO  c.v.g.c.NotificationGeneralController -getNotificationDetails   method Start
				
2026-05-19 10:02:56 [http-nio-8495-exec-1] INFO  c.v.g.c.NotificationGeneralController -getNotificationDetails   method Start
				
2026-05-19 10:02:56 [http-nio-8495-exec-5] INFO  c.v.g.c.NotificationGeneralController -getNotificationDetails   method Start
				
2026-05-19 10:02:56 [http-nio-8495-exec-2] INFO  c.v.g.c.NotificationGeneralController -getNotificationDetails   method Start
				
2026-05-19 10:03:05 [http-nio-8495-exec-3] INFO  c.v.s.c.IndentManagementController -getIndentProjectDtlsByDate Controller  method Start
				
2026-05-19 10:03:05 [http-nio-8495-exec-3] INFO  c.v.s.c.IndentManagementController -getIndentProjectDtlsByDate Controller  method end
				
2026-05-19 10:03:05 [http-nio-8495-exec-9] INFO  c.v.g.c.NotificationGeneralController -getNotificationDetails   method Start
				
2026-05-19 10:15:57 [http-nio-8495-exec-9] INFO  c.v.s.c.IndentManagementController -getIndentProjectDtlsByDate Controller  method Start
				
2026-05-19 10:15:57 [http-nio-8495-exec-3] INFO  c.v.d.c.IndentUploadController -getIndentTypeMstDropDown Controller  method Start
				
2026-05-19 10:15:57 [http-nio-8495-exec-3] INFO  c.v.d.c.IndentUploadController -getIndentTypeMstDropDown Controller  method end
				
2026-05-19 10:15:57 [http-nio-8495-exec-9] INFO  c.v.s.c.IndentManagementController -getIndentProjectDtlsByDate Controller  method end
				
2026-05-19 10:15:57 [http-nio-8495-exec-10] INFO  c.v.g.c.NotificationGeneralController -getNotificationDetails   method Start
				
2026-05-19 10:15:57 [http-nio-8495-exec-3] INFO  c.v.g.c.NotificationGeneralController -getNotificationDetails   method Start
				
2026-05-19 10:15:57 [http-nio-8495-exec-7] INFO  c.v.g.c.NotificationGeneralController -getNotificationDetails   method Start
				
2026-05-19 10:15:57 [http-nio-8495-exec-8] INFO  c.v.g.c.NotificationGeneralController -getNotificationDetails   method Start
				
2026-05-19 10:16:06 [http-nio-8495-exec-6] INFO  c.v.s.c.IndentManagementController -getIndentProjectDtlsByDate Controller  method Start
				
2026-05-19 10:16:06 [http-nio-8495-exec-6] INFO  c.v.s.c.IndentManagementController -getIndentProjectDtlsByDate Controller  method end
				
2026-05-19 10:16:06 [http-nio-8495-exec-4] INFO  c.v.g.c.NotificationGeneralController -getNotificationDetails   method Start
				
2026-05-19 10:51:49 [HikariPool-1 housekeeper] WARN  com.zaxxer.hikari.pool.HikariPool -HikariPool-1 - Thread starvation or clock leap detected (housekeeper delta=16m24s794ms).
				
2026-05-19 11:10:55 [HikariPool-1 housekeeper] WARN  com.zaxxer.hikari.pool.HikariPool -HikariPool-1 - Thread starvation or clock leap detected (housekeeper delta=16m36s455ms).
				
2026-05-19 11:18:46 [HikariPool-1 housekeeper] WARN  com.zaxxer.hikari.pool.HikariPool -HikariPool-1 - Thread starvation or clock leap detected (housekeeper delta=3m21s162ms).
				
2026-05-19 11:22:50 [SpringApplicationShutdownHook] INFO  com.zaxxer.hikari.HikariDataSource -HikariPool-1 - Shutdown initiated...
				
2026-05-19 11:22:50 [SpringApplicationShutdownHook] INFO  com.zaxxer.hikari.HikariDataSource -HikariPool-1 - Shutdown completed.
				
2026-05-19 15:26:01 [background-preinit] INFO  o.h.validator.internal.util.Version -HV000001: Hibernate Validator 6.2.3.Final
				
2026-05-19 15:26:03 [restartedMain] INFO  o.s.boot.SpringApplication -

                                ooooooo &&&&&&&&                              
                              oo     oo &.     &                              
                    ooooooo  oo      oo &:     &&                             
                 oo        oooo      oo &&       *&&&&  &&&&&&                
               oo            oo      oo &&                    &&&             
              oo                     oo &&&&&                  &o             
              oo                     oo &&     &&&&&           &              
              oo           ooo       oo &&           &&&       &&             
           ooooo           o:        oo &&              &        &&           
       ooo     *oo       oo          oo &&                        &&&&&&&     
     oo           ooooooo            oo &&                              &&    
    o&                                      &&&&*       &&               &&   
   oo                                            &&       &&              &&  
   o     ooooo                  @     @@    @@     &&:     &&           &&    
  oo ooo       ooo          @@@@@@@@@@@@@@@@@@@@@    &&     &&         &&     
  ooo            oo         @@ @@@ @@@@@@@@@@@  @     &&     &&         &     
  oo               o      @@@@ @@@ @@@@@@@@@@@  @@@    &&     &         &&    
  o&               oo       @@ @@@ @@@@@@@@@@@  @       &     &         &&    
  oo               oo       @@ @@ @ @@@@        @       &&                &&& 
  oo                      @@@@ @@@@@@@@@@@@@@@  @@@:    &&                  &&
  oo                        @@ @@@@@@@@@@@ @@@  @       &&        o&        &&
   o                        @@ @@@@@ @@@  @@@@  @       &         &&        &.
   oo                     @@@@ @@@ @@@@@@@@@@@  @@@@   &          &    .&&&&  
    o         oooo          @@                  @     &.         &&    &&     
    oo    ooo      &oo          @     @@    @@      &&          &&    &&      
     oo oo            oo        @     @     @@    &&           &&    &&       
      ooo              oo                      &&&           &&      &&       
         oooooooo       oo           oo &&&&&&              &&         &      
              oo        oo           oo &&         &      &&           &&     
              o        :o            oo &&  .&&&&&     &&.           &&       
              o       oo             oo &&                    &&&&&&&&        
              oo    ooo              oo &&                  &&                
                oo                   oo &&                &&                  
                  oo        oooo     oo &&                &                   
                     ooooooo  &o     oo &&      &&&       &                   
                                oo   oo && :&&&   .&& &&&*                    
                                   &ooo &&&                                   

==============================================
SmartRun Product by SmartRun Tech. All rights reserved.
==============================================
Application Version : 2.6.7
Application Title : SmartRun MES
Contact : support@smartruntech.com
==============================================

				
2026-05-19 15:26:03 [restartedMain] INFO  com.vmfg.VMFGApplication -Starting VMFGApplication using Java 1.8.0_482 on Peachs-Mac-mini.local with PID 1431 (/Users/peach/Spring_Boot_Projects/bgr/OneDrive_1_4-15-2026/BGR-SOURCE_CODE/SmartRun_ProjectManagement_Java/SR_Management/target/classes started by peach in /Users/peach/Spring_Boot_Projects/bgr/OneDrive_1_4-15-2026/BGR-SOURCE_CODE/SmartRun_ProjectManagement_Java/SR_Management)
				
2026-05-19 15:26:03 [restartedMain] INFO  com.vmfg.VMFGApplication -The following 1 profile is active: "dev"
				
2026-05-19 15:26:03 [restartedMain] INFO  o.s.b.d.e.DevToolsPropertyDefaultsPostProcessor -Devtools property defaults active! Set 'spring.devtools.add-properties' to 'false' to disable
				
2026-05-19 15:26:03 [restartedMain] INFO  o.s.b.d.e.DevToolsPropertyDefaultsPostProcessor -For additional web related logging consider setting the 'logging.level.web' property to 'DEBUG'
				
2026-05-19 15:26:05 [restartedMain] INFO  o.s.d.r.c.RepositoryConfigurationDelegate -Bootstrapping Spring Data JDBC repositories in DEFAULT mode.
				
2026-05-19 15:26:06 [restartedMain] INFO  o.s.d.r.c.RepositoryConfigurationDelegate -Finished Spring Data repository scanning in 76 ms. Found 0 JDBC repository interfaces.
				
2026-05-19 15:26:07 [restartedMain] INFO  o.s.b.w.e.tomcat.TomcatWebServer -Tomcat initialized with port(s): 8495 (http)
				
2026-05-19 15:26:07 [restartedMain] INFO  o.a.coyote.http11.Http11NioProtocol -Initializing ProtocolHandler ["http-nio-8495"]
				
2026-05-19 15:26:07 [restartedMain] INFO  o.a.catalina.core.StandardService -Starting service [Tomcat]
				
2026-05-19 15:26:07 [restartedMain] INFO  o.a.catalina.core.StandardEngine -Starting Servlet engine: [Apache Tomcat/9.0.63]
				
2026-05-19 15:26:07 [restartedMain] INFO  o.a.c.c.C.[.[localhost].[/smartrun] -Initializing Spring embedded WebApplicationContext
				
2026-05-19 15:26:07 [restartedMain] INFO  o.s.b.w.s.c.ServletWebServerApplicationContext -Root WebApplicationContext: initialization completed in 3828 ms
				
2026-05-19 15:26:10 [restartedMain] INFO  s.d.s.w.PropertySourcedRequestMappingHandlerMapping -Mapped URL path [/v2/api-docs] onto method [springfox.documentation.swagger2.web.Swagger2Controller#getDocumentation(String, HttpServletRequest)]
				
2026-05-19 15:26:10 [restartedMain] INFO  o.s.s.web.DefaultSecurityFilterChain -Will secure any request with [org.springframework.security.web.session.DisableEncodeUrlFilter@7180022e, org.springframework.security.web.context.request.async.WebAsyncManagerIntegrationFilter@3797cbab, org.springframework.security.web.context.SecurityContextPersistenceFilter@2e436b5c, org.springframework.security.web.header.HeaderWriterFilter@3d3de866, org.springframework.web.filter.CorsFilter@1af780ae, org.springframework.security.web.authentication.logout.LogoutFilter@2664db97, com.vmfg.security.config.JwtRequestFilter@498fb209, org.springframework.security.web.savedrequest.RequestCacheAwareFilter@25b3c620, org.springframework.security.web.servletapi.SecurityContextHolderAwareRequestFilter@d4a2d19, org.springframework.security.web.authentication.AnonymousAuthenticationFilter@34ad0b0e, org.springframework.security.web.session.SessionManagementFilter@30377238, org.springframework.security.web.access.ExceptionTranslationFilter@636d1882, org.springframework.security.web.access.intercept.FilterSecurityInterceptor@356c94e0]
				
2026-05-19 15:26:11 [restartedMain] INFO  o.s.b.d.a.OptionalLiveReloadServer -LiveReload server is running on port 35729
				
2026-05-19 15:26:11 [restartedMain] INFO  com.zaxxer.hikari.HikariDataSource -HikariPool-1 - Starting...
				
2026-05-19 15:26:11 [restartedMain] INFO  com.zaxxer.hikari.HikariDataSource -HikariPool-1 - Start completed.
				
2026-05-19 15:26:12 [restartedMain] INFO  o.a.coyote.http11.Http11NioProtocol -Starting ProtocolHandler ["http-nio-8495"]
				
2026-05-19 15:26:12 [restartedMain] INFO  o.s.b.w.e.tomcat.TomcatWebServer -Tomcat started on port(s): 8495 (http) with context path '/smartrun'
				
2026-05-19 15:26:12 [restartedMain] INFO  s.d.s.w.p.DocumentationPluginsBootstrapper -Context refreshed
				
2026-05-19 15:26:12 [restartedMain] INFO  s.d.s.w.p.DocumentationPluginsBootstrapper -Found 1 custom documentation plugin(s)
				
2026-05-19 15:26:12 [restartedMain] INFO  s.d.s.w.s.ApiListingReferenceScanner -Scanning for api listing references
				
2026-05-19 15:26:13 [restartedMain] INFO  s.d.s.w.r.o.CachingOperationNameGenerator -Generating unique operation named: insertOrUpdateSalesBudgetSheetHdrAndDtlUsingPOST_1
				
2026-05-19 15:26:13 [restartedMain] INFO  s.d.s.w.r.o.CachingOperationNameGenerator -Generating unique operation named: getVendorDetailHdrViewUsingPOST_1
				
2026-05-19 15:26:13 [restartedMain] INFO  s.d.s.w.r.o.CachingOperationNameGenerator -Generating unique operation named: updateUserRoleMappingUsingPOST_1
				
2026-05-19 15:26:13 [restartedMain] INFO  com.vmfg.VMFGApplication -Started VMFGApplication in 12.972 seconds (JVM running for 14.655)
				
2026-05-19 15:26:13 [main] ERROR com.vmfg.VMFGApplication -SmartRun Application Start Exception--->org.springframework.boot.devtools.restart.SilentExitExceptionHandler$SilentExitException
				
2026-05-19 15:28:07 [SpringApplicationShutdownHook] INFO  com.zaxxer.hikari.HikariDataSource -HikariPool-1 - Shutdown initiated...
				
2026-05-19 15:28:07 [SpringApplicationShutdownHook] INFO  com.zaxxer.hikari.HikariDataSource -HikariPool-1 - Shutdown completed.
				
2026-05-19 15:30:38 [background-preinit] INFO  o.h.validator.internal.util.Version -HV000001: Hibernate Validator 6.2.3.Final
				
2026-05-19 15:30:39 [restartedMain] INFO  o.s.boot.SpringApplication -

                                ooooooo &&&&&&&&                              
                              oo     oo &.     &                              
                    ooooooo  oo      oo &:     &&                             
                 oo        oooo      oo &&       *&&&&  &&&&&&                
               oo            oo      oo &&                    &&&             
              oo                     oo &&&&&                  &o             
              oo                     oo &&     &&&&&           &              
              oo           ooo       oo &&           &&&       &&             
           ooooo           o:        oo &&              &        &&           
       ooo     *oo       oo          oo &&                        &&&&&&&     
     oo           ooooooo            oo &&                              &&    
    o&                                      &&&&*       &&               &&   
   oo                                            &&       &&              &&  
   o     ooooo                  @     @@    @@     &&:     &&           &&    
  oo ooo       ooo          @@@@@@@@@@@@@@@@@@@@@    &&     &&         &&     
  ooo            oo         @@ @@@ @@@@@@@@@@@  @     &&     &&         &     
  oo               o      @@@@ @@@ @@@@@@@@@@@  @@@    &&     &         &&    
  o&               oo       @@ @@@ @@@@@@@@@@@  @       &     &         &&    
  oo               oo       @@ @@ @ @@@@        @       &&                &&& 
  oo                      @@@@ @@@@@@@@@@@@@@@  @@@:    &&                  &&
  oo                        @@ @@@@@@@@@@@ @@@  @       &&        o&        &&
   o                        @@ @@@@@ @@@  @@@@  @       &         &&        &.
   oo                     @@@@ @@@ @@@@@@@@@@@  @@@@   &          &    .&&&&  
    o         oooo          @@                  @     &.         &&    &&     
    oo    ooo      &oo          @     @@    @@      &&          &&    &&      
     oo oo            oo        @     @     @@    &&           &&    &&       
      ooo              oo                      &&&           &&      &&       
         oooooooo       oo           oo &&&&&&              &&         &      
              oo        oo           oo &&         &      &&           &&     
              o        :o            oo &&  .&&&&&     &&.           &&       
              o       oo             oo &&                    &&&&&&&&        
              oo    ooo              oo &&                  &&                
                oo                   oo &&                &&                  
                  oo        oooo     oo &&                &                   
                     ooooooo  &o     oo &&      &&&       &                   
                                oo   oo && :&&&   .&& &&&*                    
                                   &ooo &&&                                   

==============================================
SmartRun Product by SmartRun Tech. All rights reserved.
==============================================
Application Version : 2.6.7
Application Title : SmartRun MES
Contact : support@smartruntech.com
==============================================

				
2026-05-19 15:30:39 [restartedMain] INFO  com.vmfg.VMFGApplication -Starting VMFGApplication using Java 1.8.0_482 on Peachs-Mac-mini.local with PID 2154 (/Users/peach/Spring_Boot_Projects/bgr/OneDrive_1_4-15-2026/BGR-SOURCE_CODE/SmartRun_ProjectManagement_Java/SR_Management/target/classes started by peach in /Users/peach/Spring_Boot_Projects/bgr/OneDrive_1_4-15-2026/BGR-SOURCE_CODE/SmartRun_ProjectManagement_Java/SR_Management)
				
2026-05-19 15:30:39 [restartedMain] INFO  com.vmfg.VMFGApplication -The following 1 profile is active: "dev"
				
2026-05-19 15:30:39 [restartedMain] INFO  o.s.b.d.e.DevToolsPropertyDefaultsPostProcessor -Devtools property defaults active! Set 'spring.devtools.add-properties' to 'false' to disable
				
2026-05-19 15:30:39 [restartedMain] INFO  o.s.b.d.e.DevToolsPropertyDefaultsPostProcessor -For additional web related logging consider setting the 'logging.level.web' property to 'DEBUG'
				
2026-05-19 15:30:41 [restartedMain] INFO  o.s.d.r.c.RepositoryConfigurationDelegate -Bootstrapping Spring Data JDBC repositories in DEFAULT mode.
				
2026-05-19 15:30:41 [restartedMain] INFO  o.s.d.r.c.RepositoryConfigurationDelegate -Finished Spring Data repository scanning in 80 ms. Found 0 JDBC repository interfaces.
				
2026-05-19 15:30:42 [restartedMain] INFO  o.s.b.w.e.tomcat.TomcatWebServer -Tomcat initialized with port(s): 8495 (http)
				
2026-05-19 15:30:42 [restartedMain] INFO  o.a.coyote.http11.Http11NioProtocol -Initializing ProtocolHandler ["http-nio-8495"]
				
2026-05-19 15:30:42 [restartedMain] INFO  o.a.catalina.core.StandardService -Starting service [Tomcat]
				
2026-05-19 15:30:42 [restartedMain] INFO  o.a.catalina.core.StandardEngine -Starting Servlet engine: [Apache Tomcat/9.0.63]
				
2026-05-19 15:30:42 [restartedMain] INFO  o.a.c.c.C.[.[localhost].[/smartrun] -Initializing Spring embedded WebApplicationContext
				
2026-05-19 15:30:42 [restartedMain] INFO  o.s.b.w.s.c.ServletWebServerApplicationContext -Root WebApplicationContext: initialization completed in 3403 ms
				
2026-05-19 15:30:45 [restartedMain] INFO  s.d.s.w.PropertySourcedRequestMappingHandlerMapping -Mapped URL path [/v2/api-docs] onto method [springfox.documentation.swagger2.web.Swagger2Controller#getDocumentation(String, HttpServletRequest)]
				
2026-05-19 15:30:46 [restartedMain] INFO  o.s.s.web.DefaultSecurityFilterChain -Will secure any request with [org.springframework.security.web.session.DisableEncodeUrlFilter@5e3b15b4, org.springframework.security.web.context.request.async.WebAsyncManagerIntegrationFilter@5e161b2b, org.springframework.security.web.context.SecurityContextPersistenceFilter@381125e9, org.springframework.security.web.header.HeaderWriterFilter@5649b64c, org.springframework.web.filter.CorsFilter@10d5827f, org.springframework.security.web.authentication.logout.LogoutFilter@7d73165b, com.vmfg.security.config.JwtRequestFilter@2c6611fa, org.springframework.security.web.savedrequest.RequestCacheAwareFilter@b86d993, org.springframework.security.web.servletapi.SecurityContextHolderAwareRequestFilter@6fe5fc39, org.springframework.security.web.authentication.AnonymousAuthenticationFilter@5b04ba6d, org.springframework.security.web.session.SessionManagementFilter@8eebea4, org.springframework.security.web.access.ExceptionTranslationFilter@78cce799, org.springframework.security.web.access.intercept.FilterSecurityInterceptor@565441c6]
				
2026-05-19 15:30:46 [restartedMain] INFO  o.s.b.d.a.OptionalLiveReloadServer -LiveReload server is running on port 35729
				
2026-05-19 15:30:46 [restartedMain] INFO  com.zaxxer.hikari.HikariDataSource -HikariPool-1 - Starting...
				
2026-05-19 15:30:46 [restartedMain] INFO  com.zaxxer.hikari.HikariDataSource -HikariPool-1 - Start completed.
				
2026-05-19 15:30:47 [restartedMain] INFO  o.a.coyote.http11.Http11NioProtocol -Starting ProtocolHandler ["http-nio-8495"]
				
2026-05-19 15:30:47 [restartedMain] INFO  o.s.b.w.e.tomcat.TomcatWebServer -Tomcat started on port(s): 8495 (http) with context path '/smartrun'
				
2026-05-19 15:30:47 [restartedMain] INFO  s.d.s.w.p.DocumentationPluginsBootstrapper -Context refreshed
				
2026-05-19 15:30:47 [restartedMain] INFO  s.d.s.w.p.DocumentationPluginsBootstrapper -Found 1 custom documentation plugin(s)
				
2026-05-19 15:30:47 [restartedMain] INFO  s.d.s.w.s.ApiListingReferenceScanner -Scanning for api listing references
				
2026-05-19 15:30:49 [restartedMain] INFO  s.d.s.w.r.o.CachingOperationNameGenerator -Generating unique operation named: insertOrUpdateSalesBudgetSheetHdrAndDtlUsingPOST_1
				
2026-05-19 15:30:49 [restartedMain] INFO  s.d.s.w.r.o.CachingOperationNameGenerator -Generating unique operation named: getVendorDetailHdrViewUsingPOST_1
				
2026-05-19 15:30:49 [restartedMain] INFO  s.d.s.w.r.o.CachingOperationNameGenerator -Generating unique operation named: updateUserRoleMappingUsingPOST_1
				
2026-05-19 15:30:49 [restartedMain] INFO  com.vmfg.VMFGApplication -Started VMFGApplication in 11.397 seconds (JVM running for 12.165)
				
2026-05-19 15:30:49 [main] ERROR com.vmfg.VMFGApplication -SmartRun Application Start Exception--->org.springframework.boot.devtools.restart.SilentExitExceptionHandler$SilentExitException
				
2026-05-19 15:31:07 [http-nio-8495-exec-1] INFO  o.a.c.c.C.[.[localhost].[/smartrun] -Initializing Spring DispatcherServlet 'dispatcherServlet'
				
2026-05-19 15:31:07 [http-nio-8495-exec-1] INFO  o.s.web.servlet.DispatcherServlet -Initializing Servlet 'dispatcherServlet'
				
2026-05-19 15:31:07 [http-nio-8495-exec-1] INFO  o.s.web.servlet.DispatcherServlet -Completed initialization in 5 ms
				
2026-05-19 15:31:08 [http-nio-8495-exec-8] INFO  c.v.g.c.NotificationGeneralController -getNotificationDetails   method Start
				
2026-05-19 15:31:08 [http-nio-8495-exec-9] INFO  c.v.g.c.NotificationGeneralController -getNotificationDetails   method Start
				
2026-05-19 15:31:08 [http-nio-8495-exec-10] INFO  c.v.g.c.NotificationGeneralController -getNotificationDetails   method Start
				
2026-05-19 15:31:08 [http-nio-8495-exec-5] INFO  c.v.s.c.IndentManagementController -getIndentProjectDtlsByDate Controller  method Start
				
2026-05-19 15:31:08 [http-nio-8495-exec-6] INFO  c.v.g.services.impl.TileViewService -getProjectTitleView  method start
				
2026-05-19 15:31:08 [http-nio-8495-exec-4] INFO  c.v.p.controller.ProjectController -getProjectDtl   method Start
				
2026-05-19 15:31:08 [http-nio-8495-exec-5] INFO  c.v.s.c.IndentManagementController -getIndentProjectDtlsByDate Controller  method end
				
2026-05-19 15:31:09 [http-nio-8495-exec-7] INFO  c.v.g.c.NotificationGeneralController -getNotificationDetails   method Start
				
2026-05-19 15:31:09 [http-nio-8495-exec-6] INFO  c.v.g.c.StageManagementController -getProjectTitleView   method end
				
2026-05-19 15:31:09 [http-nio-8495-exec-3] INFO  c.v.g.c.NotificationGeneralController -getNotificationDetails   method Start
				
2026-05-19 15:31:09 [http-nio-8495-exec-2] INFO  c.v.g.c.NotificationGeneralController -getNotificationDetails   method Start
				
2026-05-19 15:34:51 [http-nio-8495-exec-6] INFO  c.v.g.c.NotificationGeneralController -getNotificationDetails   method Start
				
2026-05-19 15:34:51 [http-nio-8495-exec-4] INFO  c.v.g.c.NotificationGeneralController -updateNotificationDtls   method Start
				
2026-05-19 15:34:51 [http-nio-8495-exec-4] INFO  c.v.g.s.i.NotificationGeneralService -updateNotificationDtls  method start
				
2026-05-19 15:34:51 [http-nio-8495-exec-4] INFO  c.v.g.c.NotificationGeneralController -updateNotificationDtls method End
				
2026-05-19 16:01:49 [http-nio-8495-exec-1] INFO  c.v.g.c.NotificationGeneralController -getNotificationDetails   method Start
				
2026-05-19 16:01:53 [http-nio-8495-exec-7] ERROR com.vmfg.util.GetPropertyValue -getTenantPropertyVal Method Exception|||org.springframework.dao.EmptyResultDataAccessException: Incorrect result size: expected 1, actual 0
				
2026-05-19 16:01:53 [http-nio-8495-exec-7] ERROR com.vmfg.util.GetPropertyValue -getTenantPropertyValByTenantId Method Exception|||org.springframework.dao.EmptyResultDataAccessException: Incorrect result size: expected 1, actual 0
				
2026-05-19 16:01:53 [http-nio-8495-exec-7] INFO  com.vmfg.util.CommonBase64Class -CommonBase64Class getBasesBinary method Start
				
2026-05-19 16:01:53 [http-nio-8495-exec-7] ERROR com.vmfg.util.CommonBase64Class -CommonBase64Class getBasesBinary Method FileNotFoundException---->java.io.FileNotFoundException:  (No such file or directory)
				
2026-05-19 16:01:53 [http-nio-8495-exec-7] ERROR c.v.authentication.UserLoginService -getImageUrl DAO Method Exceptionjava.lang.NullPointerException
				
2026-05-19 16:02:44 [http-nio-8495-exec-8] INFO  com.vmfg.authentication.UserLoginDAO - getUserDtlForAuth DAO method Start
				
2026-05-19 16:02:44 [http-nio-8495-exec-8] INFO  com.vmfg.authentication.UserLoginDAO -getUserLoginInfo DAO method end
				
2026-05-19 16:02:44 [http-nio-8495-exec-3] INFO  c.v.g.c.NotificationGeneralController -getNotificationDetails   method Start
				
2026-05-19 16:02:44 [http-nio-8495-exec-2] INFO  c.v.g.c.NotificationGeneralController -getNotificationDetails   method Start
				
2026-05-19 16:02:44 [http-nio-8495-exec-1] INFO  c.v.g.c.NotificationGeneralController -getNotificationDetails   method Start
				
2026-05-19 16:02:45 [http-nio-8495-exec-9] INFO  c.v.s.c.IndentManagementController -getIndentProjectDtlsByDate Controller  method Start
				
2026-05-19 16:02:45 [http-nio-8495-exec-9] INFO  c.v.s.c.IndentManagementController -getIndentProjectDtlsByDate Controller  method end
				
2026-05-19 16:02:45 [http-nio-8495-exec-8] INFO  c.v.g.services.impl.TileViewService -getSaleTileView  method start
				
2026-05-19 16:02:45 [http-nio-8495-exec-10] INFO  c.v.s.c.IndentManagementController -getScmHdrBasedDtl   method Start
				
2026-05-19 16:02:45 [http-nio-8495-exec-4] INFO  c.v.g.c.NotificationGeneralController -getNotificationDetails   method Start
				
2026-05-19 16:02:46 [http-nio-8495-exec-10] INFO  c.v.s.c.IndentManagementController -getScmHdrBasedDtl  method end
				
2026-05-19 16:02:46 [http-nio-8495-exec-8] INFO  c.v.g.c.StageManagementController -getSCMTitleView   method end
				
2026-05-19 16:02:46 [http-nio-8495-exec-7] INFO  c.v.g.c.NotificationGeneralController -getNotificationDetails   method Start
				
2026-05-19 16:02:46 [http-nio-8495-exec-6] INFO  c.v.g.c.NotificationGeneralController -getNotificationDetails   method Start
				
2026-05-19 16:03:11 [http-nio-8495-exec-3] INFO  c.v.s.c.IndentManagementController -getIndentProjectDtlsByDateAndIndent Controller  method Start
				
2026-05-19 16:03:11 [http-nio-8495-exec-5] INFO  com.vmfg.scm.services.impl.PoService -getDCTypeDtl Service start 
				
2026-05-19 16:03:11 [http-nio-8495-exec-3] INFO  c.v.s.c.IndentManagementController -getIndentProjectDtlsByDateAndIndent Controller  method end
				
2026-05-19 16:03:11 [http-nio-8495-exec-2] ERROR c.v.design.dao.impl.IndentUploadDAO -getPmSeqByPmHdrId Method Exception --->org.springframework.dao.EmptyResultDataAccessException: Incorrect result size: expected 1, actual 0
				
2026-05-19 16:03:11 [http-nio-8495-exec-1] ERROR c.v.design.dao.impl.IndentUploadDAO -getPmSeqByPmHdrId Method Exception --->org.springframework.dao.EmptyResultDataAccessException: Incorrect result size: expected 1, actual 0
				
2026-05-19 16:03:11 [http-nio-8495-exec-1] ERROR c.v.design.dao.impl.IndentUploadDAO -getStartIndentReqStatus Method Exception --->org.springframework.dao.EmptyResultDataAccessException: Incorrect result size: expected 1, actual 0
				
2026-05-19 16:03:11 [http-nio-8495-exec-2] ERROR c.v.design.dao.impl.IndentUploadDAO -getStartIndentReqStatus Method Exception --->org.springframework.dao.EmptyResultDataAccessException: Incorrect result size: expected 1, actual 0
				
2026-05-19 16:03:11 [http-nio-8495-exec-4] INFO  c.v.g.c.NotificationGeneralController -getNotificationDetails   method Start
				
2026-05-19 16:03:11 [http-nio-8495-exec-10] INFO  c.v.g.c.NotificationGeneralController -getNotificationDetails   method Start
				
2026-05-19 16:03:11 [http-nio-8495-exec-8] INFO  c.v.g.c.NotificationGeneralController -getNotificationDetails   method Start
				
2026-05-19 16:03:11 [http-nio-8495-exec-7] INFO  c.v.g.c.NotificationGeneralController -getNotificationDetails   method Start
				
2026-05-19 16:03:12 [http-nio-8495-exec-5] INFO  com.vmfg.scm.services.impl.PoService -getDCTypeDtl Service end 
				
2026-05-19 16:03:12 [http-nio-8495-exec-6] INFO  c.v.g.c.NotificationGeneralController -getNotificationDetails   method Start
				
2026-05-19 16:03:20 [http-nio-8495-exec-4] INFO  c.v.p.service.impl.ProjectService -Service - getIsInternalOrNot called with tenantId=bgrn, projectCode=114
				
2026-05-19 16:03:20 [http-nio-8495-exec-1] INFO  c.v.d.c.IndentUploadController -getIndentHdrDtlsByProjectId Controller  method Start
				
2026-05-19 16:03:20 [http-nio-8495-exec-4] INFO  com.vmfg.project.dao.impl.ProjectDAO -DAO - Running query: SELECT se.IS_INTERNAL FROM project_hdr ph, sales_enq_hdr se WHERE ph.ENQUIRY_ID = se.SE_ID AND ph.TENANT_ID = ? AND ph.PM_HDR_ID = ? with tenantId=bgrn and pmHdrId=114
				
2026-05-19 16:03:20 [http-nio-8495-exec-4] INFO  com.vmfg.project.dao.impl.ProjectDAO -DAO - Query result size: 1
				
2026-05-19 16:03:20 [http-nio-8495-exec-4] INFO  com.vmfg.project.dao.impl.ProjectDAO -DAO - First result: com.vmfg.project.response.ProjectInternalResponse@12010d1
				
2026-05-19 16:03:20 [http-nio-8495-exec-4] INFO  c.v.p.service.impl.ProjectService -Service - DAO returned: com.vmfg.project.response.ProjectInternalResponse@12010d1
				
2026-05-19 16:03:20 [http-nio-8495-exec-8] INFO  c.v.g.c.NotificationGeneralController -getNotificationDetails   method Start
				
2026-05-19 16:03:20 [http-nio-8495-exec-7] INFO  c.v.g.c.NotificationGeneralController -getNotificationDetails   method Start
				
2026-05-19 16:03:20 [ForkJoinPool.commonPool-worker-5] ERROR com.vmfg.task.dao.impl.DesignTaskDAO -getNextSeqandStatusByDoc Errororg.springframework.dao.EmptyResultDataAccessException: Incorrect result size: expected 1, actual 0
				
2026-05-19 16:03:20 [ForkJoinPool.commonPool-worker-6] ERROR com.vmfg.task.dao.impl.DesignTaskDAO -getNextSeqandStatusByDoc Errororg.springframework.dao.EmptyResultDataAccessException: Incorrect result size: expected 1, actual 0
				
2026-05-19 16:03:20 [ForkJoinPool.commonPool-worker-1] ERROR com.vmfg.task.dao.impl.DesignTaskDAO -getNextSeqandStatusByDoc Errororg.springframework.dao.EmptyResultDataAccessException: Incorrect result size: expected 1, actual 0
				
2026-05-19 16:03:20 [ForkJoinPool.commonPool-worker-2] ERROR c.v.scm.dao.impl.IndentManagementDAO -indentVerCheck Method Exception ---> org.springframework.dao.EmptyResultDataAccessException: Incorrect result size: expected 1, actual 0
				
2026-05-19 16:03:20 [ForkJoinPool.commonPool-worker-3] ERROR c.v.scm.dao.impl.IndentManagementDAO -indentVerCheck Method Exception ---> org.springframework.dao.EmptyResultDataAccessException: Incorrect result size: expected 1, actual 0
				
2026-05-19 16:03:20 [ForkJoinPool.commonPool-worker-5] ERROR com.vmfg.task.dao.impl.DesignTaskDAO -getNextSeqandStatusByDoc Errororg.springframework.dao.EmptyResultDataAccessException: Incorrect result size: expected 1, actual 0
				
2026-05-19 16:03:20 [ForkJoinPool.commonPool-worker-4] ERROR com.vmfg.task.dao.impl.DesignTaskDAO -getNextSeqandStatusByDoc Errororg.springframework.dao.EmptyResultDataAccessException: Incorrect result size: expected 1, actual 0
				
2026-05-19 16:03:20 [ForkJoinPool.commonPool-worker-6] ERROR c.v.scm.dao.impl.IndentManagementDAO -indentVerCheck Method Exception ---> org.springframework.dao.EmptyResultDataAccessException: Incorrect result size: expected 1, actual 0
				
2026-05-19 16:03:20 [http-nio-8495-exec-1] INFO  c.v.d.c.IndentUploadController -getIndentHdrDtlsByProjectId Controller  method end
				
2026-05-19 16:03:20 [http-nio-8495-exec-10] INFO  c.v.g.c.NotificationGeneralController -getNotificationDetails   method Start
				
2026-05-19 16:08:06 [http-nio-8495-exec-8] INFO  c.v.g.c.NotificationGeneralController -getNotificationDetails   method Start
				
2026-05-19 16:08:06 [http-nio-8495-exec-7] INFO  c.v.s.c.IndentManagementController -getScmHdrBasedDtl   method Start
				
2026-05-19 16:08:06 [http-nio-8495-exec-5] INFO  c.v.s.c.IndentManagementController -getIndentProjectDtlsByDate Controller  method Start
				
2026-05-19 16:08:06 [http-nio-8495-exec-10] INFO  c.v.g.services.impl.TileViewService -getSaleTileView  method start
				
2026-05-19 16:08:06 [http-nio-8495-exec-5] INFO  c.v.s.c.IndentManagementController -getIndentProjectDtlsByDate Controller  method end
				
2026-05-19 16:08:06 [http-nio-8495-exec-5] INFO  c.v.g.c.NotificationGeneralController -getNotificationDetails   method Start
				
2026-05-19 16:08:08 [http-nio-8495-exec-10] INFO  c.v.g.c.StageManagementController -getSCMTitleView   method end
				
2026-05-19 16:08:08 [http-nio-8495-exec-7] INFO  c.v.s.c.IndentManagementController -getScmHdrBasedDtl  method end
				
2026-05-19 16:08:08 [http-nio-8495-exec-6] INFO  c.v.g.c.NotificationGeneralController -getNotificationDetails   method Start
				
2026-05-19 16:08:08 [http-nio-8495-exec-2] INFO  c.v.g.c.NotificationGeneralController -getNotificationDetails   method Start
				
2026-05-19 16:08:22 [http-nio-8495-exec-9] INFO  c.v.s.c.IndentManagementController -getScmHdrBasedDtl   method Start
				
2026-05-19 16:08:22 [http-nio-8495-exec-3] INFO  c.v.g.services.impl.TileViewService -getSaleTileView  method start
				
2026-05-19 16:08:22 [http-nio-8495-exec-9] INFO  c.v.s.c.IndentManagementController -getScmHdrBasedDtl  method end
				
2026-05-19 16:08:22 [http-nio-8495-exec-3] INFO  c.v.g.c.StageManagementController -getSCMTitleView   method end
				
2026-05-19 16:08:22 [http-nio-8495-exec-4] INFO  c.v.g.c.NotificationGeneralController -getNotificationDetails   method Start
				
2026-05-19 16:08:22 [http-nio-8495-exec-1] INFO  c.v.g.c.NotificationGeneralController -getNotificationDetails   method Start
				
2026-05-19 16:08:22 [http-nio-8495-exec-10] INFO  c.v.g.c.NotificationGeneralController -getNotificationDetails   method Start
				
2026-05-19 16:08:22 [http-nio-8495-exec-4] INFO  c.v.g.c.DepartmentAndEmployeeInfoController -getprocessAssignedTeam   method Start
				
2026-05-19 16:08:22 [http-nio-8495-exec-4] INFO  c.v.g.s.i.DepartmentAndEmployeeService -getprocessAssignedTeam  method start
				
2026-05-19 16:08:22 [http-nio-8495-exec-2] INFO  c.v.g.c.NotificationGeneralController -getNotificationDetails   method Start
				
2026-05-19 16:08:22 [http-nio-8495-exec-6] INFO  c.v.g.c.NotificationGeneralController -getNotificationDetails   method Start
				
2026-05-19 16:08:22 [http-nio-8495-exec-7] INFO  c.v.g.c.NotificationGeneralController -getNotificationDetails   method Start
				
2026-05-19 16:08:22 [http-nio-8495-exec-4] INFO  c.v.g.c.NotificationGeneralController -getNotificationDetails   method Start
				
2026-05-19 16:08:22 [http-nio-8495-exec-1] INFO  c.v.g.c.NotificationGeneralController -getNotificationDetails   method Start
				
2026-05-19 16:08:25 [http-nio-8495-exec-3] INFO  c.v.s.c.IndentManagementController -indentHdrDropDownByProjectCode Controller  method Start
				
2026-05-19 16:08:25 [http-nio-8495-exec-10] INFO  com.vmfg.scm.controller.PoController -getPoHdrDtlsByIndentId Controller  method Start
				
2026-05-19 16:08:25 [http-nio-8495-exec-3] INFO  c.v.s.c.IndentManagementController -indentHdrDropDownByProjectCode Controller  method end
				
2026-05-19 16:08:25 [http-nio-8495-exec-2] INFO  c.v.g.c.NotificationGeneralController -getNotificationDetails   method Start
				
2026-05-19 16:08:25 [http-nio-8495-exec-1] INFO  c.v.g.c.NotificationGeneralController -getNotificationDetails   method Start
				
2026-05-19 16:08:25 [http-nio-8495-exec-10] INFO  com.vmfg.scm.controller.PoController -getPoHdrDtlsByIndentId Controller  method end
				
2026-05-19 16:08:25 [http-nio-8495-exec-6] INFO  c.v.g.c.NotificationGeneralController -getNotificationDetails   method Start
				
2026-05-19 16:09:36 [http-nio-8495-exec-1] INFO  c.v.finance.controller.PraController -retrievePRA   method Start
				
2026-05-19 16:09:36 [http-nio-8495-exec-6] INFO  com.vmfg.scm.services.impl.PoService -getPoDtlsByDateAndPoId Service start 
				
2026-05-19 16:09:36 [http-nio-8495-exec-6] INFO  com.vmfg.scm.services.impl.PoService -getPoDtlsByDateAndPoId Service end 
				
2026-05-19 16:09:36 [http-nio-8495-exec-4] INFO  c.v.g.c.NotificationGeneralController -getNotificationDetails   method Start
				
2026-05-19 16:09:36 [http-nio-8495-exec-1] INFO  c.v.finance.controller.PraController -retrievePRA   method end
				
2026-05-19 16:09:36 [http-nio-8495-exec-7] INFO  c.v.g.c.NotificationGeneralController -getNotificationDetails   method Start
				
2026-05-19 16:09:56 [http-nio-8495-exec-5] INFO  com.vmfg.scm.controller.PoController -getPoHdrDtlsByIndentId Controller  method Start
				
2026-05-19 16:09:56 [http-nio-8495-exec-8] INFO  c.v.s.c.IndentManagementController -indentHdrDropDownByProjectCode Controller  method Start
				
2026-05-19 16:09:56 [http-nio-8495-exec-8] INFO  c.v.s.c.IndentManagementController -indentHdrDropDownByProjectCode Controller  method end
				
2026-05-19 16:09:56 [http-nio-8495-exec-9] INFO  c.v.g.c.NotificationGeneralController -getNotificationDetails   method Start
				
2026-05-19 16:09:56 [http-nio-8495-exec-5] INFO  com.vmfg.scm.controller.PoController -getPoHdrDtlsByIndentId Controller  method end
				
2026-05-19 16:09:56 [http-nio-8495-exec-3] INFO  c.v.g.c.NotificationGeneralController -getNotificationDetails   method Start
				
2026-05-19 16:10:03 [http-nio-8495-exec-2] INFO  com.vmfg.scm.services.impl.PoService -getPoDtlsByDateAndPoId Service start 
				
2026-05-19 16:10:03 [http-nio-8495-exec-10] INFO  c.v.finance.controller.PraController -retrievePRA   method Start
				
2026-05-19 16:10:03 [http-nio-8495-exec-2] INFO  com.vmfg.scm.services.impl.PoService -getPoDtlsByDateAndPoId Service end 
				
2026-05-19 16:10:03 [http-nio-8495-exec-10] INFO  c.v.finance.controller.PraController -retrievePRA   method end
				
2026-05-19 16:10:03 [http-nio-8495-exec-2] INFO  c.v.g.c.NotificationGeneralController -getNotificationDetails   method Start
				
2026-05-19 16:10:03 [http-nio-8495-exec-6] INFO  c.v.g.c.NotificationGeneralController -getNotificationDetails   method Start
				
2026-05-19 16:10:49 [http-nio-8495-exec-8] INFO  com.vmfg.scm.services.impl.PoService -getDCTypeDtl Service start 
				
2026-05-19 16:10:49 [http-nio-8495-exec-4] ERROR c.v.design.dao.impl.IndentUploadDAO -getPmSeqByPmHdrId Method Exception --->org.springframework.dao.EmptyResultDataAccessException: Incorrect result size: expected 1, actual 0
				
2026-05-19 16:10:49 [http-nio-8495-exec-7] ERROR c.v.design.dao.impl.IndentUploadDAO -getPmSeqByPmHdrId Method Exception --->org.springframework.dao.EmptyResultDataAccessException: Incorrect result size: expected 1, actual 0
				
2026-05-19 16:10:49 [http-nio-8495-exec-1] INFO  c.v.s.c.IndentManagementController -getIndentProjectDtlsByDateAndIndent Controller  method Start
				
2026-05-19 16:10:49 [http-nio-8495-exec-4] ERROR c.v.design.dao.impl.IndentUploadDAO -getStartIndentReqStatus Method Exception --->org.springframework.dao.EmptyResultDataAccessException: Incorrect result size: expected 1, actual 0
				
2026-05-19 16:10:49 [http-nio-8495-exec-7] ERROR c.v.design.dao.impl.IndentUploadDAO -getStartIndentReqStatus Method Exception --->org.springframework.dao.EmptyResultDataAccessException: Incorrect result size: expected 1, actual 0
				
2026-05-19 16:10:49 [http-nio-8495-exec-1] INFO  c.v.s.c.IndentManagementController -getIndentProjectDtlsByDateAndIndent Controller  method end
				
2026-05-19 16:10:49 [http-nio-8495-exec-10] INFO  c.v.g.c.NotificationGeneralController -getNotificationDetails   method Start
				
2026-05-19 16:10:49 [http-nio-8495-exec-3] INFO  c.v.g.c.NotificationGeneralController -getNotificationDetails   method Start
				
2026-05-19 16:10:49 [http-nio-8495-exec-2] INFO  c.v.g.c.NotificationGeneralController -getNotificationDetails   method Start
				
2026-05-19 16:10:49 [http-nio-8495-exec-9] INFO  c.v.g.c.NotificationGeneralController -getNotificationDetails   method Start
				
2026-05-19 16:10:49 [http-nio-8495-exec-8] INFO  com.vmfg.scm.services.impl.PoService -getDCTypeDtl Service end 
				
2026-05-19 16:10:49 [http-nio-8495-exec-6] INFO  c.v.g.c.NotificationGeneralController -getNotificationDetails   method Start
				
2026-05-19 16:11:13 [http-nio-8495-exec-5] INFO  c.v.d.c.IndentUploadController -getIndentHdrDtlsByProjectId Controller  method Start
				
2026-05-19 16:11:13 [http-nio-8495-exec-7] INFO  c.v.p.service.impl.ProjectService -Service - getIsInternalOrNot called with tenantId=bgrn, projectCode=69
				
2026-05-19 16:11:13 [http-nio-8495-exec-7] INFO  com.vmfg.project.dao.impl.ProjectDAO -DAO - Running query: SELECT se.IS_INTERNAL FROM project_hdr ph, sales_enq_hdr se WHERE ph.ENQUIRY_ID = se.SE_ID AND ph.TENANT_ID = ? AND ph.PM_HDR_ID = ? with tenantId=bgrn and pmHdrId=69
				
2026-05-19 16:11:13 [http-nio-8495-exec-7] INFO  com.vmfg.project.dao.impl.ProjectDAO -DAO - Query result size: 1
				
2026-05-19 16:11:13 [http-nio-8495-exec-7] INFO  com.vmfg.project.dao.impl.ProjectDAO -DAO - First result: com.vmfg.project.response.ProjectInternalResponse@36388ee6
				
2026-05-19 16:11:13 [http-nio-8495-exec-7] INFO  c.v.p.service.impl.ProjectService -Service - DAO returned: com.vmfg.project.response.ProjectInternalResponse@36388ee6
				
2026-05-19 16:11:13 [http-nio-8495-exec-1] INFO  c.v.g.c.NotificationGeneralController -getNotificationDetails   method Start
				
2026-05-19 16:11:13 [http-nio-8495-exec-7] INFO  c.v.g.c.NotificationGeneralController -getNotificationDetails   method Start
				
2026-05-19 16:11:13 [ForkJoinPool.commonPool-worker-5] ERROR com.vmfg.task.dao.impl.DesignTaskDAO -getNextSeqandStatusByDoc Errororg.springframework.dao.EmptyResultDataAccessException: Incorrect result size: expected 1, actual 0
				
2026-05-19 16:11:13 [ForkJoinPool.commonPool-worker-2] ERROR com.vmfg.task.dao.impl.DesignTaskDAO -getNextSeqandStatusByDoc Errororg.springframework.dao.EmptyResultDataAccessException: Incorrect result size: expected 1, actual 0
				
2026-05-19 16:11:13 [ForkJoinPool.commonPool-worker-4] ERROR com.vmfg.task.dao.impl.DesignTaskDAO -getNextSeqandStatusByDoc Errororg.springframework.dao.EmptyResultDataAccessException: Incorrect result size: expected 1, actual 0
				
2026-05-19 16:11:13 [ForkJoinPool.commonPool-worker-1] ERROR com.vmfg.task.dao.impl.DesignTaskDAO -getNextSeqandStatusByDoc Errororg.springframework.dao.EmptyResultDataAccessException: Incorrect result size: expected 1, actual 0
				
2026-05-19 16:11:13 [ForkJoinPool.commonPool-worker-5] ERROR com.vmfg.task.dao.impl.DesignTaskDAO -getNextSeqandStatusByDoc Errororg.springframework.dao.EmptyResultDataAccessException: Incorrect result size: expected 1, actual 0
				
2026-05-19 16:11:13 [http-nio-8495-exec-5] ERROR com.vmfg.task.dao.impl.DesignTaskDAO -getNextSeqandStatusByDoc Errororg.springframework.dao.EmptyResultDataAccessException: Incorrect result size: expected 1, actual 0
				
2026-05-19 16:11:13 [ForkJoinPool.commonPool-worker-1] ERROR com.vmfg.task.dao.impl.DesignTaskDAO -getNextSeqandStatusByDoc Errororg.springframework.dao.EmptyResultDataAccessException: Incorrect result size: expected 1, actual 0
				
2026-05-19 16:11:13 [ForkJoinPool.commonPool-worker-0] ERROR com.vmfg.task.dao.impl.DesignTaskDAO -getNextSeqandStatusByDoc Errororg.springframework.dao.EmptyResultDataAccessException: Incorrect result size: expected 1, actual 0
				
2026-05-19 16:11:13 [http-nio-8495-exec-5] ERROR com.vmfg.task.dao.impl.DesignTaskDAO -getNextSeqandStatusByDoc Errororg.springframework.dao.EmptyResultDataAccessException: Incorrect result size: expected 1, actual 0
				
2026-05-19 16:11:13 [ForkJoinPool.commonPool-worker-2] ERROR com.vmfg.task.dao.impl.DesignTaskDAO -getNextSeqandStatusByDoc Errororg.springframework.dao.EmptyResultDataAccessException: Incorrect result size: expected 1, actual 0
				
2026-05-19 16:11:13 [ForkJoinPool.commonPool-worker-6] ERROR com.vmfg.task.dao.impl.DesignTaskDAO -getNextSeqandStatusByDoc Errororg.springframework.dao.EmptyResultDataAccessException: Incorrect result size: expected 1, actual 0
				
2026-05-19 16:11:13 [ForkJoinPool.commonPool-worker-2] ERROR com.vmfg.task.dao.impl.DesignTaskDAO -getNextSeqandStatusByDoc Errororg.springframework.dao.EmptyResultDataAccessException: Incorrect result size: expected 1, actual 0
				
2026-05-19 16:11:13 [ForkJoinPool.commonPool-worker-3] ERROR com.vmfg.task.dao.impl.DesignTaskDAO -getNextSeqandStatusByDoc Errororg.springframework.dao.EmptyResultDataAccessException: Incorrect result size: expected 1, actual 0
				
2026-05-19 16:11:13 [ForkJoinPool.commonPool-worker-5] ERROR com.vmfg.task.dao.impl.DesignTaskDAO -getNextSeqandStatusByDoc Errororg.springframework.dao.EmptyResultDataAccessException: Incorrect result size: expected 1, actual 0
				
2026-05-19 16:11:13 [ForkJoinPool.commonPool-worker-0] ERROR com.vmfg.task.dao.impl.DesignTaskDAO -getNextSeqandStatusByDoc Errororg.springframework.dao.EmptyResultDataAccessException: Incorrect result size: expected 1, actual 0
				
2026-05-19 16:11:13 [ForkJoinPool.commonPool-worker-6] ERROR com.vmfg.task.dao.impl.DesignTaskDAO -getNextSeqandStatusByDoc Errororg.springframework.dao.EmptyResultDataAccessException: Incorrect result size: expected 1, actual 0
				
2026-05-19 16:11:13 [ForkJoinPool.commonPool-worker-2] ERROR com.vmfg.task.dao.impl.DesignTaskDAO -getNextSeqandStatusByDoc Errororg.springframework.dao.EmptyResultDataAccessException: Incorrect result size: expected 1, actual 0
				
2026-05-19 16:11:13 [ForkJoinPool.commonPool-worker-1] ERROR com.vmfg.task.dao.impl.DesignTaskDAO -getNextSeqandStatusByDoc Errororg.springframework.dao.EmptyResultDataAccessException: Incorrect result size: expected 1, actual 0
				
2026-05-19 16:11:13 [ForkJoinPool.commonPool-worker-3] ERROR com.vmfg.task.dao.impl.DesignTaskDAO -getNextSeqandStatusByDoc Errororg.springframework.dao.EmptyResultDataAccessException: Incorrect result size: expected 1, actual 0
				
2026-05-19 16:11:13 [ForkJoinPool.commonPool-worker-0] ERROR com.vmfg.task.dao.impl.DesignTaskDAO -getNextSeqandStatusByDoc Errororg.springframework.dao.EmptyResultDataAccessException: Incorrect result size: expected 1, actual 0
				
2026-05-19 16:11:13 [ForkJoinPool.commonPool-worker-4] ERROR com.vmfg.task.dao.impl.DesignTaskDAO -getNextSeqandStatusByDoc Errororg.springframework.dao.EmptyResultDataAccessException: Incorrect result size: expected 1, actual 0
				
2026-05-19 16:11:13 [ForkJoinPool.commonPool-worker-2] ERROR com.vmfg.task.dao.impl.DesignTaskDAO -getNextSeqandStatusByDoc Errororg.springframework.dao.EmptyResultDataAccessException: Incorrect result size: expected 1, actual 0
				
2026-05-19 16:11:13 [ForkJoinPool.commonPool-worker-1] ERROR com.vmfg.task.dao.impl.DesignTaskDAO -getNextSeqandStatusByDoc Errororg.springframework.dao.EmptyResultDataAccessException: Incorrect result size: expected 1, actual 0
				
2026-05-19 16:11:13 [ForkJoinPool.commonPool-worker-6] ERROR com.vmfg.task.dao.impl.DesignTaskDAO -getNextSeqandStatusByDoc Errororg.springframework.dao.EmptyResultDataAccessException: Incorrect result size: expected 1, actual 0
				
2026-05-19 16:11:13 [ForkJoinPool.commonPool-worker-5] ERROR com.vmfg.task.dao.impl.DesignTaskDAO -getNextSeqandStatusByDoc Errororg.springframework.dao.EmptyResultDataAccessException: Incorrect result size: expected 1, actual 0
				
2026-05-19 16:11:13 [ForkJoinPool.commonPool-worker-0] ERROR com.vmfg.task.dao.impl.DesignTaskDAO -getNextSeqandStatusByDoc Errororg.springframework.dao.EmptyResultDataAccessException: Incorrect result size: expected 1, actual 0
				
2026-05-19 16:11:13 [ForkJoinPool.commonPool-worker-3] ERROR com.vmfg.task.dao.impl.DesignTaskDAO -getNextSeqandStatusByDoc Errororg.springframework.dao.EmptyResultDataAccessException: Incorrect result size: expected 1, actual 0
				
2026-05-19 16:11:13 [ForkJoinPool.commonPool-worker-4] ERROR com.vmfg.task.dao.impl.DesignTaskDAO -getNextSeqandStatusByDoc Errororg.springframework.dao.EmptyResultDataAccessException: Incorrect result size: expected 1, actual 0
				
2026-05-19 16:11:13 [http-nio-8495-exec-5] ERROR com.vmfg.task.dao.impl.DesignTaskDAO -getNextSeqandStatusByDoc Errororg.springframework.dao.EmptyResultDataAccessException: Incorrect result size: expected 1, actual 0
				
2026-05-19 16:11:13 [ForkJoinPool.commonPool-worker-2] ERROR com.vmfg.task.dao.impl.DesignTaskDAO -getNextSeqandStatusByDoc Errororg.springframework.dao.EmptyResultDataAccessException: Incorrect result size: expected 1, actual 0
				
2026-05-19 16:11:13 [ForkJoinPool.commonPool-worker-1] ERROR com.vmfg.task.dao.impl.DesignTaskDAO -getNextSeqandStatusByDoc Errororg.springframework.dao.EmptyResultDataAccessException: Incorrect result size: expected 1, actual 0
				
2026-05-19 16:11:13 [http-nio-8495-exec-5] INFO  c.v.d.c.IndentUploadController -getIndentHdrDtlsByProjectId Controller  method end
				
2026-05-19 16:11:13 [http-nio-8495-exec-8] INFO  c.v.g.c.NotificationGeneralController -getNotificationDetails   method Start
				
2026-05-19 16:11:15 [http-nio-8495-exec-9] INFO  c.v.d.c.IndentUploadController -getIndentHdrDtlsByProjectId Controller  method Start
				
2026-05-19 16:11:15 [http-nio-8495-exec-2] INFO  c.v.p.service.impl.ProjectService -Service - getIsInternalOrNot called with tenantId=bgrn, projectCode=114
				
2026-05-19 16:11:15 [http-nio-8495-exec-2] INFO  com.vmfg.project.dao.impl.ProjectDAO -DAO - Running query: SELECT se.IS_INTERNAL FROM project_hdr ph, sales_enq_hdr se WHERE ph.ENQUIRY_ID = se.SE_ID AND ph.TENANT_ID = ? AND ph.PM_HDR_ID = ? with tenantId=bgrn and pmHdrId=114
				
2026-05-19 16:11:15 [http-nio-8495-exec-2] INFO  com.vmfg.project.dao.impl.ProjectDAO -DAO - Query result size: 1
				
2026-05-19 16:11:15 [http-nio-8495-exec-2] INFO  com.vmfg.project.dao.impl.ProjectDAO -DAO - First result: com.vmfg.project.response.ProjectInternalResponse@6640a2e0
				
2026-05-19 16:11:15 [http-nio-8495-exec-2] INFO  c.v.p.service.impl.ProjectService -Service - DAO returned: com.vmfg.project.response.ProjectInternalResponse@6640a2e0
				
2026-05-19 16:11:15 [http-nio-8495-exec-3] INFO  c.v.g.c.NotificationGeneralController -getNotificationDetails   method Start
				
2026-05-19 16:11:15 [http-nio-8495-exec-2] INFO  c.v.g.c.NotificationGeneralController -getNotificationDetails   method Start
				
2026-05-19 16:11:15 [ForkJoinPool.commonPool-worker-3] ERROR com.vmfg.task.dao.impl.DesignTaskDAO -getNextSeqandStatusByDoc Errororg.springframework.dao.EmptyResultDataAccessException: Incorrect result size: expected 1, actual 0
				
2026-05-19 16:11:15 [ForkJoinPool.commonPool-worker-0] ERROR com.vmfg.task.dao.impl.DesignTaskDAO -getNextSeqandStatusByDoc Errororg.springframework.dao.EmptyResultDataAccessException: Incorrect result size: expected 1, actual 0
				
2026-05-19 16:11:15 [ForkJoinPool.commonPool-worker-1] ERROR com.vmfg.task.dao.impl.DesignTaskDAO -getNextSeqandStatusByDoc Errororg.springframework.dao.EmptyResultDataAccessException: Incorrect result size: expected 1, actual 0
				
2026-05-19 16:11:15 [ForkJoinPool.commonPool-worker-2] ERROR c.v.scm.dao.impl.IndentManagementDAO -indentVerCheck Method Exception ---> org.springframework.dao.EmptyResultDataAccessException: Incorrect result size: expected 1, actual 0
				
2026-05-19 16:11:15 [ForkJoinPool.commonPool-worker-5] ERROR c.v.scm.dao.impl.IndentManagementDAO -indentVerCheck Method Exception ---> org.springframework.dao.EmptyResultDataAccessException: Incorrect result size: expected 1, actual 0
				
2026-05-19 16:11:15 [ForkJoinPool.commonPool-worker-6] ERROR c.v.scm.dao.impl.IndentManagementDAO -indentVerCheck Method Exception ---> org.springframework.dao.EmptyResultDataAccessException: Incorrect result size: expected 1, actual 0
				
2026-05-19 16:11:15 [ForkJoinPool.commonPool-worker-3] ERROR com.vmfg.task.dao.impl.DesignTaskDAO -getNextSeqandStatusByDoc Errororg.springframework.dao.EmptyResultDataAccessException: Incorrect result size: expected 1, actual 0
				
2026-05-19 16:11:15 [ForkJoinPool.commonPool-worker-4] ERROR com.vmfg.task.dao.impl.DesignTaskDAO -getNextSeqandStatusByDoc Errororg.springframework.dao.EmptyResultDataAccessException: Incorrect result size: expected 1, actual 0
				
2026-05-19 16:11:15 [http-nio-8495-exec-9] INFO  c.v.d.c.IndentUploadController -getIndentHdrDtlsByProjectId Controller  method end
				
2026-05-19 16:11:15 [http-nio-8495-exec-9] INFO  c.v.g.c.NotificationGeneralController -getNotificationDetails   method Start
				
2026-05-19 16:42:23 [http-nio-8495-exec-7] ERROR com.vmfg.util.GetPropertyValue -getTenantPropertyVal Method Exception|||org.springframework.dao.EmptyResultDataAccessException: Incorrect result size: expected 1, actual 0
				
2026-05-19 16:42:23 [http-nio-8495-exec-7] ERROR com.vmfg.util.GetPropertyValue -getTenantPropertyValByTenantId Method Exception|||org.springframework.dao.EmptyResultDataAccessException: Incorrect result size: expected 1, actual 0
				
2026-05-19 16:42:23 [http-nio-8495-exec-7] INFO  com.vmfg.util.CommonBase64Class -CommonBase64Class getBasesBinary method Start
				
2026-05-19 16:42:23 [http-nio-8495-exec-7] ERROR com.vmfg.util.CommonBase64Class -CommonBase64Class getBasesBinary Method FileNotFoundException---->java.io.FileNotFoundException:  (No such file or directory)
				
2026-05-19 16:42:23 [http-nio-8495-exec-7] ERROR c.v.authentication.UserLoginService -getImageUrl DAO Method Exceptionjava.lang.NullPointerException
				
2026-05-19 16:42:48 [http-nio-8495-exec-8] INFO  com.vmfg.authentication.UserLoginDAO - getUserDtlForAuth DAO method Start
				
2026-05-19 16:42:48 [http-nio-8495-exec-8] INFO  com.vmfg.authentication.UserLoginDAO -getUserLoginInfo DAO method end
				
2026-05-19 16:42:48 [http-nio-8495-exec-8] INFO  c.v.g.c.NotificationGeneralController -getNotificationDetails   method Start
				
2026-05-19 16:42:48 [http-nio-8495-exec-7] INFO  c.v.g.c.NotificationGeneralController -getNotificationDetails   method Start
				
2026-05-19 16:42:48 [http-nio-8495-exec-1] INFO  c.v.g.c.NotificationGeneralController -getNotificationDetails   method Start
				
2026-05-19 16:42:48 [http-nio-8495-exec-4] INFO  c.v.s.c.IndentManagementController -getIndentProjectDtlsByDate Controller  method Start
				
2026-05-19 16:42:48 [http-nio-8495-exec-4] INFO  c.v.s.c.IndentManagementController -getIndentProjectDtlsByDate Controller  method end
				
2026-05-19 16:42:48 [http-nio-8495-exec-10] INFO  c.v.f.controller.FinanceController -getFinanceDtl   method Start
				
2026-05-19 16:42:48 [http-nio-8495-exec-5] INFO  c.v.g.services.impl.TileViewService -getFinanceTitleView  method start
				
2026-05-19 16:42:48 [http-nio-8495-exec-10] INFO  c.v.f.controller.FinanceController -getFinanceDtl   method end
				
2026-05-19 16:42:48 [http-nio-8495-exec-6] INFO  c.v.g.c.NotificationGeneralController -getNotificationDetails   method Start
				
2026-05-19 16:42:48 [http-nio-8495-exec-5] INFO  c.v.g.c.StageManagementController -getFinanceTitleView   method end
				
2026-05-19 16:42:48 [http-nio-8495-exec-2] INFO  c.v.g.c.NotificationGeneralController -getNotificationDetails   method Start
				
2026-05-19 16:42:48 [http-nio-8495-exec-3] INFO  c.v.g.c.NotificationGeneralController -getNotificationDetails   method Start
				
2026-05-19 16:43:18 [http-nio-8495-exec-1] INFO  c.v.g.c.NotificationGeneralController -getNotificationDetails   method Start
				
2026-05-19 16:43:18 [http-nio-8495-exec-7] INFO  c.v.g.c.DepartmentAndEmployeeInfoController -getprocessAssignedTeam   method Start
				
2026-05-19 16:43:18 [http-nio-8495-exec-7] INFO  c.v.g.s.i.DepartmentAndEmployeeService -getprocessAssignedTeam  method start
				
2026-05-19 16:43:18 [http-nio-8495-exec-4] INFO  c.v.g.c.DepartmentAndEmployeeInfoController -getDeptForPM   method Start
				
2026-05-19 16:43:18 [http-nio-8495-exec-10] INFO  c.v.g.c.NotificationGeneralController -getNotificationDetails   method Start
				
2026-05-19 16:43:18 [http-nio-8495-exec-5] INFO  c.v.g.c.NotificationGeneralController -getNotificationDetails   method Start
				
2026-05-19 16:43:24 [http-nio-8495-exec-3] INFO  c.v.finance.controller.PraController -retrievePRA   method Start
				
2026-05-19 16:43:24 [http-nio-8495-exec-6] INFO  com.vmfg.scm.services.impl.PoService -getPoDtlsByDateAndPoId Service start 
				
2026-05-19 16:43:24 [http-nio-8495-exec-6] INFO  com.vmfg.scm.services.impl.PoService -getPoDtlsByDateAndPoId Service end 
				
2026-05-19 16:43:24 [http-nio-8495-exec-3] INFO  c.v.finance.controller.PraController -retrievePRA   method end
				
2026-05-19 16:43:24 [http-nio-8495-exec-6] INFO  c.v.g.c.NotificationGeneralController -getNotificationDetails   method Start
				
2026-05-19 16:43:24 [http-nio-8495-exec-3] INFO  c.v.g.c.NotificationGeneralController -getNotificationDetails   method Start
				
2026-05-19 16:43:33 [http-nio-8495-exec-8] INFO  c.v.g.services.impl.TileViewService -getFinanceTitleView  method start
				
2026-05-19 16:43:33 [http-nio-8495-exec-2] INFO  c.v.f.controller.FinanceController -getFinanceDtl   method Start
				
2026-05-19 16:43:33 [http-nio-8495-exec-9] INFO  c.v.s.c.IndentManagementController -getIndentProjectDtlsByDate Controller  method Start
				
2026-05-19 16:43:33 [http-nio-8495-exec-9] INFO  c.v.s.c.IndentManagementController -getIndentProjectDtlsByDate Controller  method end
				
2026-05-19 16:43:33 [http-nio-8495-exec-2] INFO  c.v.f.controller.FinanceController -getFinanceDtl   method end
				
2026-05-19 16:43:33 [http-nio-8495-exec-4] INFO  c.v.g.c.NotificationGeneralController -getNotificationDetails   method Start
				
2026-05-19 16:43:33 [http-nio-8495-exec-7] INFO  c.v.g.c.NotificationGeneralController -getNotificationDetails   method Start
				
2026-05-19 16:43:33 [http-nio-8495-exec-8] INFO  c.v.g.c.StageManagementController -getFinanceTitleView   method end
				
2026-05-19 16:43:33 [http-nio-8495-exec-1] INFO  c.v.g.c.NotificationGeneralController -getNotificationDetails   method Start
				
2026-05-19 16:43:42 [http-nio-8495-exec-5] INFO  c.v.g.c.NotificationGeneralController -getNotificationDetails   method Start
				
2026-05-19 16:43:42 [http-nio-8495-exec-3] INFO  c.v.finance.controller.PraController -retrievePRA   method Start
				
2026-05-19 16:43:42 [http-nio-8495-exec-6] INFO  com.vmfg.scm.services.impl.PoService -getPoDtlsByDateAndPoId Service start 
				
2026-05-19 16:43:42 [http-nio-8495-exec-6] INFO  com.vmfg.scm.services.impl.PoService -getPoDtlsByDateAndPoId Service end 
				
2026-05-19 16:43:42 [http-nio-8495-exec-3] INFO  c.v.finance.controller.PraController -retrievePRA   method end
				
2026-05-19 16:43:42 [http-nio-8495-exec-2] INFO  c.v.g.c.NotificationGeneralController -getNotificationDetails   method Start
				
2026-05-19 16:43:42 [http-nio-8495-exec-9] INFO  c.v.g.c.NotificationGeneralController -getNotificationDetails   method Start
				
2026-05-19 16:44:38 [http-nio-8495-exec-10] INFO  c.v.finance.controller.PraController -getPraDtl   method Start
				
2026-05-19 16:44:38 [http-nio-8495-exec-10] INFO  c.v.finance.controller.PraController -getPraDtl   method end
				
2026-05-19 16:44:38 [http-nio-8495-exec-3] INFO  c.v.g.c.NotificationGeneralController -getNotificationDetails   method Start
				
2026-05-19 16:53:09 [SpringApplicationShutdownHook] INFO  com.zaxxer.hikari.HikariDataSource -HikariPool-1 - Shutdown initiated...
				
2026-05-19 16:53:09 [SpringApplicationShutdownHook] INFO  com.zaxxer.hikari.HikariDataSource -HikariPool-1 - Shutdown completed.
				
2026-05-19 17:34:33 [background-preinit] INFO  o.h.validator.internal.util.Version -HV000001: Hibernate Validator 6.2.3.Final
				
2026-05-19 17:34:34 [restartedMain] INFO  o.s.boot.SpringApplication -

                                ooooooo &&&&&&&&                              
                              oo     oo &.     &                              
                    ooooooo  oo      oo &:     &&                             
                 oo        oooo      oo &&       *&&&&  &&&&&&                
               oo            oo      oo &&                    &&&             
              oo                     oo &&&&&                  &o             
              oo                     oo &&     &&&&&           &              
              oo           ooo       oo &&           &&&       &&             
           ooooo           o:        oo &&              &        &&           
       ooo     *oo       oo          oo &&                        &&&&&&&     
     oo           ooooooo            oo &&                              &&    
    o&                                      &&&&*       &&               &&   
   oo                                            &&       &&              &&  
   o     ooooo                  @     @@    @@     &&:     &&           &&    
  oo ooo       ooo          @@@@@@@@@@@@@@@@@@@@@    &&     &&         &&     
  ooo            oo         @@ @@@ @@@@@@@@@@@  @     &&     &&         &     
  oo               o      @@@@ @@@ @@@@@@@@@@@  @@@    &&     &         &&    
  o&               oo       @@ @@@ @@@@@@@@@@@  @       &     &         &&    
  oo               oo       @@ @@ @ @@@@        @       &&                &&& 
  oo                      @@@@ @@@@@@@@@@@@@@@  @@@:    &&                  &&
  oo                        @@ @@@@@@@@@@@ @@@  @       &&        o&        &&
   o                        @@ @@@@@ @@@  @@@@  @       &         &&        &.
   oo                     @@@@ @@@ @@@@@@@@@@@  @@@@   &          &    .&&&&  
    o         oooo          @@                  @     &.         &&    &&     
    oo    ooo      &oo          @     @@    @@      &&          &&    &&      
     oo oo            oo        @     @     @@    &&           &&    &&       
      ooo              oo                      &&&           &&      &&       
         oooooooo       oo           oo &&&&&&              &&         &      
              oo        oo           oo &&         &      &&           &&     
              o        :o            oo &&  .&&&&&     &&.           &&       
              o       oo             oo &&                    &&&&&&&&        
              oo    ooo              oo &&                  &&                
                oo                   oo &&                &&                  
                  oo        oooo     oo &&                &                   
                     ooooooo  &o     oo &&      &&&       &                   
                                oo   oo && :&&&   .&& &&&*                    
                                   &ooo &&&                                   

==============================================
SmartRun Product by SmartRun Tech. All rights reserved.
==============================================
Application Version : 2.6.7
Application Title : SmartRun MES
Contact : support@smartruntech.com
==============================================

				
2026-05-19 17:34:34 [restartedMain] INFO  com.vmfg.VMFGApplication -Starting VMFGApplication using Java 1.8.0_482 on Peachs-Mac-mini.local with PID 3331 (/Users/peach/Spring_Boot_Projects/bgr/OneDrive_1_4-15-2026/BGR-SOURCE_CODE/SmartRun_ProjectManagement_Java/SR_Management/target/classes started by peach in /Users/peach/Spring_Boot_Projects/bgr/OneDrive_1_4-15-2026/BGR-SOURCE_CODE/SmartRun_ProjectManagement_Java/SR_Management)
				
2026-05-19 17:34:34 [restartedMain] INFO  com.vmfg.VMFGApplication -The following 1 profile is active: "dev"
				
2026-05-19 17:34:34 [restartedMain] INFO  o.s.b.d.e.DevToolsPropertyDefaultsPostProcessor -Devtools property defaults active! Set 'spring.devtools.add-properties' to 'false' to disable
				
2026-05-19 17:34:34 [restartedMain] INFO  o.s.b.d.e.DevToolsPropertyDefaultsPostProcessor -For additional web related logging consider setting the 'logging.level.web' property to 'DEBUG'
				
2026-05-19 17:34:37 [restartedMain] INFO  o.s.d.r.c.RepositoryConfigurationDelegate -Bootstrapping Spring Data JDBC repositories in DEFAULT mode.
				
2026-05-19 17:34:37 [restartedMain] INFO  o.s.d.r.c.RepositoryConfigurationDelegate -Finished Spring Data repository scanning in 83 ms. Found 0 JDBC repository interfaces.
				
2026-05-19 17:34:38 [restartedMain] INFO  o.s.b.w.e.tomcat.TomcatWebServer -Tomcat initialized with port(s): 8495 (http)
				
2026-05-19 17:34:38 [restartedMain] INFO  o.a.coyote.http11.Http11NioProtocol -Initializing ProtocolHandler ["http-nio-8495"]
				
2026-05-19 17:34:38 [restartedMain] INFO  o.a.catalina.core.StandardService -Starting service [Tomcat]
				
2026-05-19 17:34:38 [restartedMain] INFO  o.a.catalina.core.StandardEngine -Starting Servlet engine: [Apache Tomcat/9.0.63]
				
2026-05-19 17:34:38 [restartedMain] INFO  o.a.c.c.C.[.[localhost].[/smartrun] -Initializing Spring embedded WebApplicationContext
				
2026-05-19 17:34:38 [restartedMain] INFO  o.s.b.w.s.c.ServletWebServerApplicationContext -Root WebApplicationContext: initialization completed in 3813 ms
				
2026-05-19 17:34:41 [restartedMain] INFO  s.d.s.w.PropertySourcedRequestMappingHandlerMapping -Mapped URL path [/v2/api-docs] onto method [springfox.documentation.swagger2.web.Swagger2Controller#getDocumentation(String, HttpServletRequest)]
				
2026-05-19 17:34:42 [restartedMain] INFO  o.s.s.web.DefaultSecurityFilterChain -Will secure any request with [org.springframework.security.web.session.DisableEncodeUrlFilter@c06845a, org.springframework.security.web.context.request.async.WebAsyncManagerIntegrationFilter@9dfe965, org.springframework.security.web.context.SecurityContextPersistenceFilter@35f599b7, org.springframework.security.web.header.HeaderWriterFilter@571f69f6, org.springframework.web.filter.CorsFilter@5d9e46d3, org.springframework.security.web.authentication.logout.LogoutFilter@20a17a1a, com.vmfg.security.config.JwtRequestFilter@3bc49f67, org.springframework.security.web.savedrequest.RequestCacheAwareFilter@9a4a911, org.springframework.security.web.servletapi.SecurityContextHolderAwareRequestFilter@154516a1, org.springframework.security.web.authentication.AnonymousAuthenticationFilter@1cf10c8e, org.springframework.security.web.session.SessionManagementFilter@5afdc66d, org.springframework.security.web.access.ExceptionTranslationFilter@52c2e27f, org.springframework.security.web.access.intercept.FilterSecurityInterceptor@320e12cc]
				
2026-05-19 17:34:42 [restartedMain] INFO  o.s.b.d.a.OptionalLiveReloadServer -LiveReload server is running on port 35729
				
2026-05-19 17:34:42 [restartedMain] INFO  com.zaxxer.hikari.HikariDataSource -HikariPool-1 - Starting...
				
2026-05-19 17:34:42 [restartedMain] INFO  com.zaxxer.hikari.HikariDataSource -HikariPool-1 - Start completed.
				
2026-05-19 17:34:43 [restartedMain] INFO  o.a.coyote.http11.Http11NioProtocol -Starting ProtocolHandler ["http-nio-8495"]
				
2026-05-19 17:34:43 [restartedMain] INFO  o.s.b.w.e.tomcat.TomcatWebServer -Tomcat started on port(s): 8495 (http) with context path '/smartrun'
				
2026-05-19 17:34:43 [restartedMain] INFO  s.d.s.w.p.DocumentationPluginsBootstrapper -Context refreshed
				
2026-05-19 17:34:43 [restartedMain] INFO  s.d.s.w.p.DocumentationPluginsBootstrapper -Found 1 custom documentation plugin(s)
				
2026-05-19 17:34:43 [restartedMain] INFO  s.d.s.w.s.ApiListingReferenceScanner -Scanning for api listing references
				
2026-05-19 17:34:45 [restartedMain] INFO  s.d.s.w.r.o.CachingOperationNameGenerator -Generating unique operation named: insertOrUpdateSalesBudgetSheetHdrAndDtlUsingPOST_1
				
2026-05-19 17:34:45 [restartedMain] INFO  s.d.s.w.r.o.CachingOperationNameGenerator -Generating unique operation named: getVendorDetailHdrViewUsingPOST_1
				
2026-05-19 17:34:45 [restartedMain] INFO  s.d.s.w.r.o.CachingOperationNameGenerator -Generating unique operation named: updateUserRoleMappingUsingPOST_1
				
2026-05-19 17:34:45 [restartedMain] INFO  com.vmfg.VMFGApplication -Started VMFGApplication in 12.787 seconds (JVM running for 13.672)
				
2026-05-19 17:34:45 [main] ERROR com.vmfg.VMFGApplication -SmartRun Application Start Exception--->org.springframework.boot.devtools.restart.SilentExitExceptionHandler$SilentExitException
				
2026-05-19 17:35:25 [http-nio-8495-exec-1] INFO  o.a.c.c.C.[.[localhost].[/smartrun] -Initializing Spring DispatcherServlet 'dispatcherServlet'
				
2026-05-19 17:35:25 [http-nio-8495-exec-1] INFO  o.s.web.servlet.DispatcherServlet -Initializing Servlet 'dispatcherServlet'
				
2026-05-19 17:35:25 [http-nio-8495-exec-1] INFO  o.s.web.servlet.DispatcherServlet -Completed initialization in 6 ms
				
2026-05-19 17:35:25 [http-nio-8495-exec-3] INFO  com.vmfg.authentication.UserLoginDAO - getUserDtlForAuth DAO method Start
				
2026-05-19 17:35:25 [http-nio-8495-exec-3] INFO  com.vmfg.authentication.UserLoginDAO -getUserLoginInfo DAO method end
				
2026-05-19 17:35:26 [http-nio-8495-exec-6] INFO  c.v.g.c.NotificationGeneralController -getNotificationDetails   method Start
				
2026-05-19 17:35:26 [http-nio-8495-exec-7] INFO  c.v.g.c.NotificationGeneralController -getNotificationDetails   method Start
				
2026-05-19 17:35:26 [http-nio-8495-exec-8] INFO  c.v.g.c.NotificationGeneralController -getNotificationDetails   method Start
				
2026-05-19 17:35:26 [http-nio-8495-exec-3] INFO  c.v.g.services.impl.TileViewService -getSaleTileView  method start
				
2026-05-19 17:35:26 [http-nio-8495-exec-1] INFO  c.v.s.c.IndentManagementController -getScmHdrBasedDtl   method Start
				
2026-05-19 17:35:26 [http-nio-8495-exec-9] INFO  c.v.s.c.IndentManagementController -getIndentProjectDtlsByDate Controller  method Start
				
2026-05-19 17:35:26 [http-nio-8495-exec-9] INFO  c.v.s.c.IndentManagementController -getIndentProjectDtlsByDate Controller  method end
				
2026-05-19 17:35:26 [http-nio-8495-exec-4] INFO  c.v.g.c.NotificationGeneralController -getNotificationDetails   method Start
				
2026-05-19 17:35:28 [http-nio-8495-exec-1] INFO  c.v.s.c.IndentManagementController -getScmHdrBasedDtl  method end
				
2026-05-19 17:35:28 [http-nio-8495-exec-3] INFO  c.v.g.c.StageManagementController -getSCMTitleView   method end
				
2026-05-19 17:35:28 [http-nio-8495-exec-2] INFO  c.v.g.c.NotificationGeneralController -getNotificationDetails   method Start
				
2026-05-19 17:35:28 [http-nio-8495-exec-5] INFO  c.v.g.c.NotificationGeneralController -getNotificationDetails   method Start
				
2026-05-19 17:35:54 [http-nio-8495-exec-10] INFO  c.v.s.c.IndentManagementController -getScmHdrBasedDtl   method Start
				
2026-05-19 17:35:54 [http-nio-8495-exec-9] INFO  c.v.g.services.impl.TileViewService -getSaleTileView  method start
				
2026-05-19 17:35:54 [http-nio-8495-exec-10] INFO  c.v.s.c.IndentManagementController -getScmHdrBasedDtl  method end
				
2026-05-19 17:35:54 [http-nio-8495-exec-9] INFO  c.v.g.c.StageManagementController -getSCMTitleView   method end
				
2026-05-19 17:35:54 [http-nio-8495-exec-7] INFO  c.v.g.c.NotificationGeneralController -getNotificationDetails   method Start
				
2026-05-19 17:35:54 [http-nio-8495-exec-9] INFO  c.v.g.c.NotificationGeneralController -getNotificationDetails   method Start
				
2026-05-19 17:35:55 [http-nio-8495-exec-4] INFO  c.v.g.c.NotificationGeneralController -getNotificationDetails   method Start
				
2026-05-19 17:35:55 [http-nio-8495-exec-10] INFO  c.v.g.c.DepartmentAndEmployeeInfoController -getprocessAssignedTeam   method Start
				
2026-05-19 17:35:55 [http-nio-8495-exec-10] INFO  c.v.g.s.i.DepartmentAndEmployeeService -getprocessAssignedTeam  method start
				
2026-05-19 17:35:55 [http-nio-8495-exec-3] INFO  c.v.g.c.NotificationGeneralController -getNotificationDetails   method Start
				
2026-05-19 17:35:55 [http-nio-8495-exec-7] INFO  c.v.g.c.NotificationGeneralController -getNotificationDetails   method Start
				
2026-05-19 17:35:55 [http-nio-8495-exec-1] INFO  c.v.g.c.NotificationGeneralController -getNotificationDetails   method Start
				
2026-05-19 17:35:55 [http-nio-8495-exec-6] INFO  c.v.g.c.NotificationGeneralController -getNotificationDetails   method Start
				
2026-05-19 17:35:55 [http-nio-8495-exec-5] INFO  c.v.g.c.NotificationGeneralController -getNotificationDetails   method Start
				
2026-05-19 17:36:01 [http-nio-8495-exec-6] INFO  c.v.g.c.NotificationGeneralController -getNotificationDetails   method Start
				
2026-05-19 17:36:01 [http-nio-8495-exec-4] INFO  c.v.finance.controller.PraController -retrievePRA   method Start
				
2026-05-19 17:36:01 [http-nio-8495-exec-10] INFO  com.vmfg.scm.services.impl.PoService -getPoDtlsByDateAndPoId Service start 
				
2026-05-19 17:36:01 [http-nio-8495-exec-10] INFO  com.vmfg.scm.services.impl.PoService -getPoDtlsByDateAndPoId Service end 
				
2026-05-19 17:36:01 [http-nio-8495-exec-7] INFO  c.v.g.c.NotificationGeneralController -getNotificationDetails   method Start
				
2026-05-19 17:36:01 [http-nio-8495-exec-4] INFO  c.v.finance.controller.PraController -retrievePRA   method end
				
2026-05-19 17:36:01 [http-nio-8495-exec-1] INFO  c.v.g.c.NotificationGeneralController -getNotificationDetails   method Start
				
2026-05-19 17:36:09 [http-nio-8495-exec-3] INFO  c.v.finance.controller.PraController -getPraDtl   method Start
				
2026-05-19 17:36:09 [http-nio-8495-exec-3] INFO  c.v.finance.controller.PraController -getPraDtl   method end
				
2026-05-19 17:36:09 [http-nio-8495-exec-3] INFO  c.v.g.c.NotificationGeneralController -getNotificationDetails   method Start
				
2026-05-19 17:36:18 [http-nio-8495-exec-2] INFO  c.v.s.c.IndentManagementController -indentHdrDropDownByProjectCode Controller  method Start
				
2026-05-19 17:36:18 [http-nio-8495-exec-9] INFO  com.vmfg.scm.controller.PoController -getPoHdrDtlsByIndentId Controller  method Start
				
2026-05-19 17:36:18 [http-nio-8495-exec-2] INFO  c.v.s.c.IndentManagementController -indentHdrDropDownByProjectCode Controller  method end
				
2026-05-19 17:36:18 [http-nio-8495-exec-10] INFO  c.v.g.c.NotificationGeneralController -getNotificationDetails   method Start
				
2026-05-19 17:36:18 [http-nio-8495-exec-9] INFO  com.vmfg.scm.controller.PoController -getPoHdrDtlsByIndentId Controller  method end
				
2026-05-19 17:36:18 [http-nio-8495-exec-4] INFO  c.v.g.c.NotificationGeneralController -getNotificationDetails   method Start
				
2026-05-19 17:36:25 [http-nio-8495-exec-2] INFO  com.vmfg.scm.services.impl.PoService -getDCTypeDtl Service start 
				
2026-05-19 17:36:25 [http-nio-8495-exec-2] INFO  com.vmfg.scm.services.impl.PoService -getDCTypeDtl Service end 
				
2026-05-19 17:36:25 [http-nio-8495-exec-9] INFO  com.vmfg.scm.services.impl.PoService -getInspectScopeDesc Service start 
				
2026-05-19 17:36:25 [http-nio-8495-exec-4] INFO  com.vmfg.scm.services.impl.PoService -getInspectScopeDesc Service start 
				
2026-05-19 17:36:25 [http-nio-8495-exec-10] INFO  com.vmfg.scm.services.impl.PoService -getHsnCodeByPartNo Service start 
				
2026-05-19 17:36:25 [http-nio-8495-exec-5] INFO  com.vmfg.scm.services.impl.PoService -getdivisionDesc Service start 
				
2026-05-19 17:36:25 [http-nio-8495-exec-5] INFO  com.vmfg.scm.services.impl.PoService -getdivisionDesc Service end 
				
2026-05-19 17:36:25 [http-nio-8495-exec-9] INFO  com.vmfg.scm.services.impl.PoService -getInspectScopeDesc Service end 
				
2026-05-19 17:36:25 [http-nio-8495-exec-4] INFO  com.vmfg.scm.services.impl.PoService -getInspectScopeDesc Service end 
				
2026-05-19 17:36:25 [http-nio-8495-exec-10] INFO  com.vmfg.scm.services.impl.PoService -getModeOfDispatchDesc Service end 
				
2026-05-19 17:36:25 [http-nio-8495-exec-7] INFO  com.vmfg.scm.services.impl.PoService -getTransitInsuranceDesc Service start 
				
2026-05-19 17:36:25 [http-nio-8495-exec-4] INFO  com.vmfg.scm.services.impl.PoService -getHsnCodeByPartNo Service start 
				
2026-05-19 17:36:25 [http-nio-8495-exec-10] INFO  com.vmfg.scm.services.impl.PoService -getdivisionDesc Service start 
				
2026-05-19 17:36:25 [http-nio-8495-exec-4] INFO  com.vmfg.scm.services.impl.PoService -getModeOfDispatchDesc Service end 
				
2026-05-19 17:36:25 [http-nio-8495-exec-7] INFO  com.vmfg.scm.services.impl.PoService -getTransitInsuranceDesc Service end 
				
2026-05-19 17:36:25 [http-nio-8495-exec-10] INFO  com.vmfg.scm.services.impl.PoService -getdivisionDesc Service end 
				
2026-05-19 17:36:25 [http-nio-8495-exec-5] INFO  com.vmfg.scm.services.impl.PoService -getTransitInsuranceDesc Service start 
				
2026-05-19 17:36:25 [http-nio-8495-exec-5] INFO  com.vmfg.scm.services.impl.PoService -getTransitInsuranceDesc Service end 
				
2026-05-19 17:36:25 [http-nio-8495-exec-3] INFO  com.vmfg.scm.services.impl.PoService -getDCTypeDtl Service start 
				
2026-05-19 17:36:25 [http-nio-8495-exec-2] INFO  c.v.g.c.NotificationGeneralController -getNotificationDetails   method Start
				
2026-05-19 17:36:25 [http-nio-8495-exec-8] INFO  c.v.g.c.NotificationGeneralController -getNotificationDetails   method Start
				
2026-05-19 17:36:25 [http-nio-8495-exec-3] INFO  com.vmfg.scm.services.impl.PoService -getDCTypeDtl Service end 
				
2026-05-19 17:36:25 [http-nio-8495-exec-1] INFO  c.v.g.c.NotificationGeneralController -getNotificationDetails   method Start
				
2026-05-19 17:36:25 [http-nio-8495-exec-7] INFO  c.v.g.c.NotificationGeneralController -getNotificationDetails   method Start
				
2026-05-19 17:36:25 [http-nio-8495-exec-9] ERROR com.vmfg.scm.dao.impl.PoDAO -getPaymentTermStatus error---> org.springframework.dao.EmptyResultDataAccessException: Incorrect result size: expected 1, actual 0
				
2026-05-19 17:36:25 [http-nio-8495-exec-6] ERROR com.vmfg.scm.dao.impl.PoDAO -getPaymentTermStatus error---> org.springframework.dao.EmptyResultDataAccessException: Incorrect result size: expected 1, actual 0
				
2026-05-19 17:36:25 [http-nio-8495-exec-10] INFO  c.v.g.c.NotificationGeneralController -getNotificationDetails   method Start
				
2026-05-19 17:36:25 [http-nio-8495-exec-4] INFO  c.v.g.c.NotificationGeneralController -getNotificationDetails   method Start
				
2026-05-19 17:36:25 [http-nio-8495-exec-5] INFO  c.v.g.c.NotificationGeneralController -getNotificationDetails   method Start
				
2026-05-19 17:36:25 [http-nio-8495-exec-3] INFO  c.v.g.c.NotificationGeneralController -getNotificationDetails   method Start
				
2026-05-19 17:36:25 [http-nio-8495-exec-9] INFO  c.v.g.c.NotificationGeneralController -getNotificationDetails   method Start
				
2026-05-19 17:36:25 [http-nio-8495-exec-6] INFO  c.v.g.c.NotificationGeneralController -getNotificationDetails   method Start
				
2026-05-19 17:36:25 [http-nio-8495-exec-2] INFO  c.v.g.c.NotificationGeneralController -getNotificationDetails   method Start
				
2026-05-19 17:36:25 [http-nio-8495-exec-1] INFO  c.v.g.c.NotificationGeneralController -getNotificationDetails   method Start
				
2026-05-19 18:31:47 [HikariPool-1 housekeeper] WARN  com.zaxxer.hikari.pool.HikariPool -HikariPool-1 - Thread starvation or clock leap detected (housekeeper delta=16m3s825ms).
				
2026-05-19 18:48:10 [HikariPool-1 housekeeper] WARN  com.zaxxer.hikari.pool.HikariPool -HikariPool-1 - Thread starvation or clock leap detected (housekeeper delta=15m53s371ms).
				
2026-05-19 19:04:14 [HikariPool-1 housekeeper] WARN  com.zaxxer.hikari.pool.HikariPool -HikariPool-1 - Thread starvation or clock leap detected (housekeeper delta=16m4s431ms).
				
2026-05-19 19:21:53 [HikariPool-1 housekeeper] WARN  com.zaxxer.hikari.pool.HikariPool -HikariPool-1 - Thread starvation or clock leap detected (housekeeper delta=16m38s870ms).
				
2026-05-19 19:39:09 [HikariPool-1 housekeeper] WARN  com.zaxxer.hikari.pool.HikariPool -HikariPool-1 - Thread starvation or clock leap detected (housekeeper delta=17m15s362ms).
				
2026-05-19 19:55:23 [HikariPool-1 housekeeper] WARN  com.zaxxer.hikari.pool.HikariPool -HikariPool-1 - Thread starvation or clock leap detected (housekeeper delta=15m44s356ms).
				
2026-05-19 20:11:55 [HikariPool-1 housekeeper] WARN  com.zaxxer.hikari.pool.HikariPool -HikariPool-1 - Thread starvation or clock leap detected (housekeeper delta=16m31s405ms).
				
2026-05-19 20:28:05 [HikariPool-1 housekeeper] WARN  com.zaxxer.hikari.pool.HikariPool -HikariPool-1 - Thread starvation or clock leap detected (housekeeper delta=15m40s399ms).
				
2026-05-19 20:44:51 [HikariPool-1 housekeeper] WARN  com.zaxxer.hikari.pool.HikariPool -HikariPool-1 - Thread starvation or clock leap detected (housekeeper delta=16m16s229ms).
				
2026-05-19 21:06:25 [SpringApplicationShutdownHook] INFO  com.zaxxer.hikari.HikariDataSource -HikariPool-1 - Shutdown initiated...
				
2026-05-19 21:06:25 [SpringApplicationShutdownHook] INFO  com.zaxxer.hikari.HikariDataSource -HikariPool-1 - Shutdown completed.
				
