2026-09-09 12:32:29 [main] ERROR com.vmfg.VMFGApplication -SmartRun Application Start Exception--->org.springframework.boot.devtools.restart.SilentExitExceptionHandler$SilentExitException
				
2026-09-09 12:32:53 [http-nio-8495-exec-5] ERROR com.vmfg.util.GetPropertyValue -getTenantPropertyVal Method Exception|||org.springframework.dao.EmptyResultDataAccessException: Incorrect result size: expected 1, actual 0
				
2026-09-09 12:32:53 [http-nio-8495-exec-5] ERROR com.vmfg.util.GetPropertyValue -getTenantPropertyValByTenantId Method Exception|||org.springframework.dao.EmptyResultDataAccessException: Incorrect result size: expected 1, actual 0
				
2026-09-09 12:32:53 [http-nio-8495-exec-5] ERROR com.vmfg.util.CommonBase64Class -CommonBase64Class getBasesBinary Method FileNotFoundException---->java.io.FileNotFoundException:  (No such file or directory)
				
2026-09-09 12:32:53 [http-nio-8495-exec-5] ERROR c.v.authentication.UserLoginService -getImageUrl DAO Method Exceptionjava.lang.NullPointerException
				
2026-09-09 12:40:56 [http-nio-8495-exec-10] ERROR com.vmfg.util.GetPropertyValue -getTenantPropertyVal Method Exception|||org.springframework.dao.EmptyResultDataAccessException: Incorrect result size: expected 1, actual 0
				
2026-09-09 12:40:56 [http-nio-8495-exec-10] ERROR com.vmfg.util.GetPropertyValue -getTenantPropertyValByTenantId Method Exception|||org.springframework.dao.EmptyResultDataAccessException: Incorrect result size: expected 1, actual 0
				
2026-09-09 12:40:56 [http-nio-8495-exec-10] ERROR com.vmfg.util.CommonBase64Class -CommonBase64Class getBasesBinary Method FileNotFoundException---->java.io.FileNotFoundException:  (No such file or directory)
				
2026-09-09 12:40:56 [http-nio-8495-exec-10] ERROR c.v.authentication.UserLoginService -getImageUrl DAO Method Exceptionjava.lang.NullPointerException
				
2026-09-09 12:42:56 [http-nio-8495-exec-10] ERROR com.vmfg.util.GetPropertyValue -getTenantPropertyVal Method Exception|||org.springframework.dao.EmptyResultDataAccessException: Incorrect result size: expected 1, actual 0
				
2026-09-09 12:42:56 [http-nio-8495-exec-10] ERROR com.vmfg.util.GetPropertyValue -getTenantPropertyValByTenantId Method Exception|||org.springframework.dao.EmptyResultDataAccessException: Incorrect result size: expected 1, actual 0
				
2026-09-09 12:42:56 [http-nio-8495-exec-10] ERROR com.vmfg.util.CommonBase64Class -CommonBase64Class getBasesBinary Method FileNotFoundException---->java.io.FileNotFoundException:  (No such file or directory)
				
2026-09-09 12:42:56 [http-nio-8495-exec-10] ERROR c.v.authentication.UserLoginService -getImageUrl DAO Method Exceptionjava.lang.NullPointerException
				
2026-09-09 12:43:22 [http-nio-8495-exec-6] ERROR com.vmfg.util.GetPropertyValue -getTenantPropertyVal Method Exception|||org.springframework.dao.EmptyResultDataAccessException: Incorrect result size: expected 1, actual 0
				
2026-09-09 12:43:22 [http-nio-8495-exec-6] ERROR com.vmfg.util.GetPropertyValue -getTenantPropertyValByTenantId Method Exception|||org.springframework.dao.EmptyResultDataAccessException: Incorrect result size: expected 1, actual 0
				
2026-09-09 12:43:22 [http-nio-8495-exec-6] ERROR com.vmfg.util.CommonBase64Class -CommonBase64Class getBasesBinary Method FileNotFoundException---->java.io.FileNotFoundException:  (No such file or directory)
				
2026-09-09 12:43:22 [http-nio-8495-exec-6] ERROR c.v.authentication.UserLoginService -getImageUrl DAO Method Exceptionjava.lang.NullPointerException
				
2026-09-09 12:44:10 [http-nio-8495-exec-5] ERROR c.v.d.rowmapper.DesignHdrRowMapper -DesignHdrRowMapper  Method Exceptionjava.sql.SQLSyntaxErrorException: Column 'IS_INTERNAL' not found.
				
2026-09-09 12:44:10 [http-nio-8495-exec-5] ERROR c.v.d.rowmapper.DesignHdrRowMapper -DesignHdrRowMapper  Method Exceptionjava.sql.SQLSyntaxErrorException: Column 'IS_INTERNAL' not found.
				
2026-09-09 12:44:10 [http-nio-8495-exec-5] ERROR c.v.d.rowmapper.DesignHdrRowMapper -DesignHdrRowMapper  Method Exceptionjava.sql.SQLSyntaxErrorException: Column 'IS_INTERNAL' not found.
				
2026-09-09 12:44:10 [http-nio-8495-exec-5] ERROR c.v.d.rowmapper.DesignHdrRowMapper -DesignHdrRowMapper  Method Exceptionjava.sql.SQLSyntaxErrorException: Column 'IS_INTERNAL' not found.
				
2026-09-09 12:44:10 [http-nio-8495-exec-5] ERROR c.v.d.rowmapper.DesignHdrRowMapper -DesignHdrRowMapper  Method Exceptionjava.sql.SQLSyntaxErrorException: Column 'IS_INTERNAL' not found.
				
2026-09-09 12:44:10 [http-nio-8495-exec-5] ERROR c.v.d.rowmapper.DesignHdrRowMapper -DesignHdrRowMapper  Method Exceptionjava.sql.SQLSyntaxErrorException: Column 'IS_INTERNAL' not found.
				
2026-09-09 12:44:10 [http-nio-8495-exec-5] ERROR c.v.d.rowmapper.DesignHdrRowMapper -DesignHdrRowMapper  Method Exceptionjava.sql.SQLSyntaxErrorException: Column 'IS_INTERNAL' not found.
				
2026-09-09 12:44:10 [http-nio-8495-exec-5] ERROR c.v.d.rowmapper.DesignHdrRowMapper -DesignHdrRowMapper  Method Exceptionjava.sql.SQLSyntaxErrorException: Column 'IS_INTERNAL' not found.
				
2026-09-09 12:44:10 [http-nio-8495-exec-5] ERROR c.v.d.rowmapper.DesignHdrRowMapper -DesignHdrRowMapper  Method Exceptionjava.sql.SQLSyntaxErrorException: Column 'IS_INTERNAL' not found.
				
2026-09-09 12:44:10 [http-nio-8495-exec-5] ERROR c.v.d.rowmapper.DesignHdrRowMapper -DesignHdrRowMapper  Method Exceptionjava.sql.SQLSyntaxErrorException: Column 'IS_INTERNAL' not found.
				
2026-09-09 12:44:10 [http-nio-8495-exec-5] ERROR c.v.d.rowmapper.DesignHdrRowMapper -DesignHdrRowMapper  Method Exceptionjava.sql.SQLSyntaxErrorException: Column 'IS_INTERNAL' not found.
				
2026-09-09 12:44:10 [http-nio-8495-exec-5] ERROR c.v.d.rowmapper.DesignHdrRowMapper -DesignHdrRowMapper  Method Exceptionjava.sql.SQLSyntaxErrorException: Column 'IS_INTERNAL' not found.
				
2026-09-09 12:44:10 [http-nio-8495-exec-5] ERROR c.v.d.rowmapper.DesignHdrRowMapper -DesignHdrRowMapper  Method Exceptionjava.sql.SQLSyntaxErrorException: Column 'IS_INTERNAL' not found.
				
2026-09-09 12:44:10 [http-nio-8495-exec-5] ERROR c.v.d.rowmapper.DesignHdrRowMapper -DesignHdrRowMapper  Method Exceptionjava.sql.SQLSyntaxErrorException: Column 'IS_INTERNAL' not found.
				
2026-09-09 12:44:10 [http-nio-8495-exec-5] ERROR c.v.d.rowmapper.DesignHdrRowMapper -DesignHdrRowMapper  Method Exceptionjava.sql.SQLSyntaxErrorException: Column 'IS_INTERNAL' not found.
				
2026-09-09 12:44:10 [http-nio-8495-exec-5] ERROR c.v.d.rowmapper.DesignHdrRowMapper -DesignHdrRowMapper  Method Exceptionjava.sql.SQLSyntaxErrorException: Column 'IS_INTERNAL' not found.
				
2026-09-09 12:44:10 [http-nio-8495-exec-5] ERROR c.v.d.rowmapper.DesignHdrRowMapper -DesignHdrRowMapper  Method Exceptionjava.sql.SQLSyntaxErrorException: Column 'IS_INTERNAL' not found.
				
2026-09-09 12:44:10 [http-nio-8495-exec-5] ERROR c.v.d.rowmapper.DesignHdrRowMapper -DesignHdrRowMapper  Method Exceptionjava.sql.SQLSyntaxErrorException: Column 'IS_INTERNAL' not found.
				
2026-09-09 12:44:10 [http-nio-8495-exec-5] ERROR c.v.d.rowmapper.DesignHdrRowMapper -DesignHdrRowMapper  Method Exceptionjava.sql.SQLSyntaxErrorException: Column 'IS_INTERNAL' not found.
				
2026-09-09 12:44:10 [http-nio-8495-exec-5] ERROR c.v.d.rowmapper.DesignHdrRowMapper -DesignHdrRowMapper  Method Exceptionjava.sql.SQLSyntaxErrorException: Column 'IS_INTERNAL' not found.
				
2026-09-09 12:44:10 [http-nio-8495-exec-5] ERROR c.v.d.rowmapper.DesignHdrRowMapper -DesignHdrRowMapper  Method Exceptionjava.sql.SQLSyntaxErrorException: Column 'IS_INTERNAL' not found.
				
2026-09-09 12:44:10 [http-nio-8495-exec-5] ERROR c.v.d.rowmapper.DesignHdrRowMapper -DesignHdrRowMapper  Method Exceptionjava.sql.SQLSyntaxErrorException: Column 'IS_INTERNAL' not found.
				
2026-09-09 12:44:10 [http-nio-8495-exec-5] ERROR c.v.d.rowmapper.DesignHdrRowMapper -DesignHdrRowMapper  Method Exceptionjava.sql.SQLSyntaxErrorException: Column 'IS_INTERNAL' not found.
				
2026-09-09 12:44:10 [http-nio-8495-exec-5] ERROR c.v.d.rowmapper.DesignHdrRowMapper -DesignHdrRowMapper  Method Exceptionjava.sql.SQLSyntaxErrorException: Column 'IS_INTERNAL' not found.
				
2026-09-09 12:44:10 [http-nio-8495-exec-5] ERROR c.v.d.rowmapper.DesignHdrRowMapper -DesignHdrRowMapper  Method Exceptionjava.sql.SQLSyntaxErrorException: Column 'IS_INTERNAL' not found.
				
2026-09-09 12:44:10 [http-nio-8495-exec-5] ERROR c.v.d.rowmapper.DesignHdrRowMapper -DesignHdrRowMapper  Method Exceptionjava.sql.SQLSyntaxErrorException: Column 'IS_INTERNAL' not found.
				
2026-09-09 12:44:10 [http-nio-8495-exec-5] ERROR c.v.d.rowmapper.DesignHdrRowMapper -DesignHdrRowMapper  Method Exceptionjava.sql.SQLSyntaxErrorException: Column 'IS_INTERNAL' not found.
				
2026-09-09 12:44:10 [http-nio-8495-exec-5] ERROR c.v.d.rowmapper.DesignHdrRowMapper -DesignHdrRowMapper  Method Exceptionjava.sql.SQLSyntaxErrorException: Column 'IS_INTERNAL' not found.
				
2026-09-09 12:44:10 [http-nio-8495-exec-5] ERROR c.v.d.rowmapper.DesignHdrRowMapper -DesignHdrRowMapper  Method Exceptionjava.sql.SQLSyntaxErrorException: Column 'IS_INTERNAL' not found.
				
2026-09-09 12:44:10 [http-nio-8495-exec-5] ERROR c.v.d.rowmapper.DesignHdrRowMapper -DesignHdrRowMapper  Method Exceptionjava.sql.SQLSyntaxErrorException: Column 'IS_INTERNAL' not found.
				
2026-09-09 12:44:10 [http-nio-8495-exec-5] ERROR c.v.d.rowmapper.DesignHdrRowMapper -DesignHdrRowMapper  Method Exceptionjava.sql.SQLSyntaxErrorException: Column 'IS_INTERNAL' not found.
				
2026-09-09 12:44:10 [http-nio-8495-exec-5] ERROR c.v.d.rowmapper.DesignHdrRowMapper -DesignHdrRowMapper  Method Exceptionjava.sql.SQLSyntaxErrorException: Column 'IS_INTERNAL' not found.
				
2026-09-09 12:44:10 [http-nio-8495-exec-5] ERROR c.v.d.rowmapper.DesignHdrRowMapper -DesignHdrRowMapper  Method Exceptionjava.sql.SQLSyntaxErrorException: Column 'IS_INTERNAL' not found.
				
2026-09-09 12:44:10 [http-nio-8495-exec-5] ERROR c.v.d.rowmapper.DesignHdrRowMapper -DesignHdrRowMapper  Method Exceptionjava.sql.SQLSyntaxErrorException: Column 'IS_INTERNAL' not found.
				
2026-09-09 12:44:10 [http-nio-8495-exec-5] ERROR c.v.d.rowmapper.DesignHdrRowMapper -DesignHdrRowMapper  Method Exceptionjava.sql.SQLSyntaxErrorException: Column 'IS_INTERNAL' not found.
				
2026-09-09 12:44:10 [http-nio-8495-exec-5] ERROR c.v.d.rowmapper.DesignHdrRowMapper -DesignHdrRowMapper  Method Exceptionjava.sql.SQLSyntaxErrorException: Column 'IS_INTERNAL' not found.
				
2026-09-09 12:44:10 [http-nio-8495-exec-5] ERROR c.v.d.rowmapper.DesignHdrRowMapper -DesignHdrRowMapper  Method Exceptionjava.sql.SQLSyntaxErrorException: Column 'IS_INTERNAL' not found.
				
2026-09-09 12:44:10 [http-nio-8495-exec-5] ERROR c.v.d.rowmapper.DesignHdrRowMapper -DesignHdrRowMapper  Method Exceptionjava.sql.SQLSyntaxErrorException: Column 'IS_INTERNAL' not found.
				
2026-09-09 12:44:10 [http-nio-8495-exec-5] ERROR c.v.d.rowmapper.DesignHdrRowMapper -DesignHdrRowMapper  Method Exceptionjava.sql.SQLSyntaxErrorException: Column 'IS_INTERNAL' not found.
				
2026-09-09 12:44:10 [http-nio-8495-exec-5] ERROR c.v.d.rowmapper.DesignHdrRowMapper -DesignHdrRowMapper  Method Exceptionjava.sql.SQLSyntaxErrorException: Column 'IS_INTERNAL' not found.
				
2026-09-09 12:44:10 [http-nio-8495-exec-5] ERROR c.v.d.rowmapper.DesignHdrRowMapper -DesignHdrRowMapper  Method Exceptionjava.sql.SQLSyntaxErrorException: Column 'IS_INTERNAL' not found.
				
2026-09-09 12:44:10 [http-nio-8495-exec-5] ERROR c.v.d.rowmapper.DesignHdrRowMapper -DesignHdrRowMapper  Method Exceptionjava.sql.SQLSyntaxErrorException: Column 'IS_INTERNAL' not found.
				
2026-09-09 12:44:10 [http-nio-8495-exec-5] ERROR c.v.d.rowmapper.DesignHdrRowMapper -DesignHdrRowMapper  Method Exceptionjava.sql.SQLSyntaxErrorException: Column 'IS_INTERNAL' not found.
				
2026-09-09 12:44:10 [http-nio-8495-exec-5] ERROR c.v.d.rowmapper.DesignHdrRowMapper -DesignHdrRowMapper  Method Exceptionjava.sql.SQLSyntaxErrorException: Column 'IS_INTERNAL' not found.
				
2026-09-09 12:44:10 [http-nio-8495-exec-5] ERROR c.v.d.rowmapper.DesignHdrRowMapper -DesignHdrRowMapper  Method Exceptionjava.sql.SQLSyntaxErrorException: Column 'IS_INTERNAL' not found.
				
2026-09-09 12:44:10 [http-nio-8495-exec-5] ERROR c.v.d.rowmapper.DesignHdrRowMapper -DesignHdrRowMapper  Method Exceptionjava.sql.SQLSyntaxErrorException: Column 'IS_INTERNAL' not found.
				
2026-09-09 12:44:10 [http-nio-8495-exec-5] ERROR c.v.d.rowmapper.DesignHdrRowMapper -DesignHdrRowMapper  Method Exceptionjava.sql.SQLSyntaxErrorException: Column 'IS_INTERNAL' not found.
				
2026-09-09 12:44:10 [http-nio-8495-exec-5] ERROR c.v.d.rowmapper.DesignHdrRowMapper -DesignHdrRowMapper  Method Exceptionjava.sql.SQLSyntaxErrorException: Column 'IS_INTERNAL' not found.
				
2026-09-09 12:44:10 [http-nio-8495-exec-5] ERROR c.v.d.rowmapper.DesignHdrRowMapper -DesignHdrRowMapper  Method Exceptionjava.sql.SQLSyntaxErrorException: Column 'IS_INTERNAL' not found.
				
2026-09-09 12:44:10 [http-nio-8495-exec-5] ERROR c.v.d.rowmapper.DesignHdrRowMapper -DesignHdrRowMapper  Method Exceptionjava.sql.SQLSyntaxErrorException: Column 'IS_INTERNAL' not found.
				
2026-09-09 12:44:10 [http-nio-8495-exec-5] ERROR c.v.d.rowmapper.DesignHdrRowMapper -DesignHdrRowMapper  Method Exceptionjava.sql.SQLSyntaxErrorException: Column 'IS_INTERNAL' not found.
				
2026-09-09 12:44:10 [http-nio-8495-exec-5] ERROR c.v.d.rowmapper.DesignHdrRowMapper -DesignHdrRowMapper  Method Exceptionjava.sql.SQLSyntaxErrorException: Column 'IS_INTERNAL' not found.
				
2026-09-09 12:44:10 [http-nio-8495-exec-5] ERROR c.v.d.rowmapper.DesignHdrRowMapper -DesignHdrRowMapper  Method Exceptionjava.sql.SQLSyntaxErrorException: Column 'IS_INTERNAL' not found.
				
2026-09-09 12:44:10 [http-nio-8495-exec-5] ERROR c.v.d.rowmapper.DesignHdrRowMapper -DesignHdrRowMapper  Method Exceptionjava.sql.SQLSyntaxErrorException: Column 'IS_INTERNAL' not found.
				
2026-09-09 12:44:10 [http-nio-8495-exec-5] ERROR c.v.d.rowmapper.DesignHdrRowMapper -DesignHdrRowMapper  Method Exceptionjava.sql.SQLSyntaxErrorException: Column 'IS_INTERNAL' not found.
				
2026-09-09 12:44:10 [http-nio-8495-exec-5] ERROR c.v.d.rowmapper.DesignHdrRowMapper -DesignHdrRowMapper  Method Exceptionjava.sql.SQLSyntaxErrorException: Column 'IS_INTERNAL' not found.
				
2026-09-09 12:44:10 [http-nio-8495-exec-5] ERROR c.v.d.rowmapper.DesignHdrRowMapper -DesignHdrRowMapper  Method Exceptionjava.sql.SQLSyntaxErrorException: Column 'IS_INTERNAL' not found.
				
2026-09-09 12:44:10 [http-nio-8495-exec-5] ERROR c.v.d.rowmapper.DesignHdrRowMapper -DesignHdrRowMapper  Method Exceptionjava.sql.SQLSyntaxErrorException: Column 'IS_INTERNAL' not found.
				
2026-09-09 12:44:10 [http-nio-8495-exec-5] ERROR c.v.d.rowmapper.DesignHdrRowMapper -DesignHdrRowMapper  Method Exceptionjava.sql.SQLSyntaxErrorException: Column 'IS_INTERNAL' not found.
				
2026-09-09 12:44:10 [http-nio-8495-exec-5] ERROR c.v.d.rowmapper.DesignHdrRowMapper -DesignHdrRowMapper  Method Exceptionjava.sql.SQLSyntaxErrorException: Column 'IS_INTERNAL' not found.
				
2026-09-09 12:44:10 [http-nio-8495-exec-5] ERROR c.v.d.rowmapper.DesignHdrRowMapper -DesignHdrRowMapper  Method Exceptionjava.sql.SQLSyntaxErrorException: Column 'IS_INTERNAL' not found.
				
2026-09-09 12:44:10 [http-nio-8495-exec-5] ERROR c.v.d.rowmapper.DesignHdrRowMapper -DesignHdrRowMapper  Method Exceptionjava.sql.SQLSyntaxErrorException: Column 'IS_INTERNAL' not found.
				
2026-09-09 12:44:10 [http-nio-8495-exec-5] ERROR c.v.d.rowmapper.DesignHdrRowMapper -DesignHdrRowMapper  Method Exceptionjava.sql.SQLSyntaxErrorException: Column 'IS_INTERNAL' not found.
				
2026-09-09 12:44:10 [http-nio-8495-exec-5] ERROR c.v.d.rowmapper.DesignHdrRowMapper -DesignHdrRowMapper  Method Exceptionjava.sql.SQLSyntaxErrorException: Column 'IS_INTERNAL' not found.
				
2026-09-09 12:44:10 [http-nio-8495-exec-5] ERROR c.v.d.rowmapper.DesignHdrRowMapper -DesignHdrRowMapper  Method Exceptionjava.sql.SQLSyntaxErrorException: Column 'IS_INTERNAL' not found.
				
2026-09-09 12:44:10 [http-nio-8495-exec-5] ERROR c.v.d.rowmapper.DesignHdrRowMapper -DesignHdrRowMapper  Method Exceptionjava.sql.SQLSyntaxErrorException: Column 'IS_INTERNAL' not found.
				
2026-09-09 12:44:10 [http-nio-8495-exec-5] ERROR c.v.d.rowmapper.DesignHdrRowMapper -DesignHdrRowMapper  Method Exceptionjava.sql.SQLSyntaxErrorException: Column 'IS_INTERNAL' not found.
				
2026-09-09 12:44:10 [http-nio-8495-exec-5] ERROR c.v.d.rowmapper.DesignHdrRowMapper -DesignHdrRowMapper  Method Exceptionjava.sql.SQLSyntaxErrorException: Column 'IS_INTERNAL' not found.
				
2026-09-09 12:44:10 [http-nio-8495-exec-5] ERROR c.v.d.rowmapper.DesignHdrRowMapper -DesignHdrRowMapper  Method Exceptionjava.sql.SQLSyntaxErrorException: Column 'IS_INTERNAL' not found.
				
2026-09-09 12:44:10 [http-nio-8495-exec-5] ERROR c.v.d.rowmapper.DesignHdrRowMapper -DesignHdrRowMapper  Method Exceptionjava.sql.SQLSyntaxErrorException: Column 'IS_INTERNAL' not found.
				
2026-09-09 12:44:19 [http-nio-8495-exec-6] ERROR c.v.d.rowmapper.DesignHdrRowMapper -DesignHdrRowMapper  Method Exceptionjava.sql.SQLSyntaxErrorException: Column 'IS_INTERNAL' not found.
				
2026-09-09 12:44:19 [http-nio-8495-exec-6] ERROR c.v.d.rowmapper.DesignHdrRowMapper -DesignHdrRowMapper  Method Exceptionjava.sql.SQLSyntaxErrorException: Column 'IS_INTERNAL' not found.
				
2026-09-09 12:44:19 [http-nio-8495-exec-6] ERROR c.v.d.rowmapper.DesignHdrRowMapper -DesignHdrRowMapper  Method Exceptionjava.sql.SQLSyntaxErrorException: Column 'IS_INTERNAL' not found.
				
2026-09-09 12:44:19 [http-nio-8495-exec-6] ERROR c.v.d.rowmapper.DesignHdrRowMapper -DesignHdrRowMapper  Method Exceptionjava.sql.SQLSyntaxErrorException: Column 'IS_INTERNAL' not found.
				
2026-09-09 12:44:19 [http-nio-8495-exec-6] ERROR c.v.d.rowmapper.DesignHdrRowMapper -DesignHdrRowMapper  Method Exceptionjava.sql.SQLSyntaxErrorException: Column 'IS_INTERNAL' not found.
				
2026-09-09 12:44:19 [http-nio-8495-exec-6] ERROR c.v.d.rowmapper.DesignHdrRowMapper -DesignHdrRowMapper  Method Exceptionjava.sql.SQLSyntaxErrorException: Column 'IS_INTERNAL' not found.
				
2026-09-09 12:44:19 [http-nio-8495-exec-6] ERROR c.v.d.rowmapper.DesignHdrRowMapper -DesignHdrRowMapper  Method Exceptionjava.sql.SQLSyntaxErrorException: Column 'IS_INTERNAL' not found.
				
2026-09-09 12:44:19 [http-nio-8495-exec-6] ERROR c.v.d.rowmapper.DesignHdrRowMapper -DesignHdrRowMapper  Method Exceptionjava.sql.SQLSyntaxErrorException: Column 'IS_INTERNAL' not found.
				
2026-09-09 12:44:19 [http-nio-8495-exec-6] ERROR c.v.d.rowmapper.DesignHdrRowMapper -DesignHdrRowMapper  Method Exceptionjava.sql.SQLSyntaxErrorException: Column 'IS_INTERNAL' not found.
				
2026-09-09 12:44:19 [http-nio-8495-exec-6] ERROR c.v.d.rowmapper.DesignHdrRowMapper -DesignHdrRowMapper  Method Exceptionjava.sql.SQLSyntaxErrorException: Column 'IS_INTERNAL' not found.
				
2026-09-09 12:44:19 [http-nio-8495-exec-6] ERROR c.v.d.rowmapper.DesignHdrRowMapper -DesignHdrRowMapper  Method Exceptionjava.sql.SQLSyntaxErrorException: Column 'IS_INTERNAL' not found.
				
2026-09-09 12:44:19 [http-nio-8495-exec-6] ERROR c.v.d.rowmapper.DesignHdrRowMapper -DesignHdrRowMapper  Method Exceptionjava.sql.SQLSyntaxErrorException: Column 'IS_INTERNAL' not found.
				
2026-09-09 12:44:19 [http-nio-8495-exec-6] ERROR c.v.d.rowmapper.DesignHdrRowMapper -DesignHdrRowMapper  Method Exceptionjava.sql.SQLSyntaxErrorException: Column 'IS_INTERNAL' not found.
				
2026-09-09 12:44:19 [http-nio-8495-exec-6] ERROR c.v.d.rowmapper.DesignHdrRowMapper -DesignHdrRowMapper  Method Exceptionjava.sql.SQLSyntaxErrorException: Column 'IS_INTERNAL' not found.
				
2026-09-09 12:44:19 [http-nio-8495-exec-6] ERROR c.v.d.rowmapper.DesignHdrRowMapper -DesignHdrRowMapper  Method Exceptionjava.sql.SQLSyntaxErrorException: Column 'IS_INTERNAL' not found.
				
2026-09-09 12:44:19 [http-nio-8495-exec-6] ERROR c.v.d.rowmapper.DesignHdrRowMapper -DesignHdrRowMapper  Method Exceptionjava.sql.SQLSyntaxErrorException: Column 'IS_INTERNAL' not found.
				
2026-09-09 12:44:19 [http-nio-8495-exec-6] ERROR c.v.d.rowmapper.DesignHdrRowMapper -DesignHdrRowMapper  Method Exceptionjava.sql.SQLSyntaxErrorException: Column 'IS_INTERNAL' not found.
				
2026-09-09 12:44:19 [http-nio-8495-exec-6] ERROR c.v.d.rowmapper.DesignHdrRowMapper -DesignHdrRowMapper  Method Exceptionjava.sql.SQLSyntaxErrorException: Column 'IS_INTERNAL' not found.
				
2026-09-09 12:44:19 [http-nio-8495-exec-6] ERROR c.v.d.rowmapper.DesignHdrRowMapper -DesignHdrRowMapper  Method Exceptionjava.sql.SQLSyntaxErrorException: Column 'IS_INTERNAL' not found.
				
2026-09-09 12:44:19 [http-nio-8495-exec-6] ERROR c.v.d.rowmapper.DesignHdrRowMapper -DesignHdrRowMapper  Method Exceptionjava.sql.SQLSyntaxErrorException: Column 'IS_INTERNAL' not found.
				
2026-09-09 12:44:19 [http-nio-8495-exec-6] ERROR c.v.d.rowmapper.DesignHdrRowMapper -DesignHdrRowMapper  Method Exceptionjava.sql.SQLSyntaxErrorException: Column 'IS_INTERNAL' not found.
				
2026-09-09 12:44:19 [http-nio-8495-exec-6] ERROR c.v.d.rowmapper.DesignHdrRowMapper -DesignHdrRowMapper  Method Exceptionjava.sql.SQLSyntaxErrorException: Column 'IS_INTERNAL' not found.
				
2026-09-09 12:44:19 [http-nio-8495-exec-6] ERROR c.v.d.rowmapper.DesignHdrRowMapper -DesignHdrRowMapper  Method Exceptionjava.sql.SQLSyntaxErrorException: Column 'IS_INTERNAL' not found.
				
2026-09-09 12:44:19 [http-nio-8495-exec-6] ERROR c.v.d.rowmapper.DesignHdrRowMapper -DesignHdrRowMapper  Method Exceptionjava.sql.SQLSyntaxErrorException: Column 'IS_INTERNAL' not found.
				
2026-09-09 12:44:19 [http-nio-8495-exec-6] ERROR c.v.d.rowmapper.DesignHdrRowMapper -DesignHdrRowMapper  Method Exceptionjava.sql.SQLSyntaxErrorException: Column 'IS_INTERNAL' not found.
				
2026-09-09 12:44:19 [http-nio-8495-exec-6] ERROR c.v.d.rowmapper.DesignHdrRowMapper -DesignHdrRowMapper  Method Exceptionjava.sql.SQLSyntaxErrorException: Column 'IS_INTERNAL' not found.
				
2026-09-09 12:44:19 [http-nio-8495-exec-6] ERROR c.v.d.rowmapper.DesignHdrRowMapper -DesignHdrRowMapper  Method Exceptionjava.sql.SQLSyntaxErrorException: Column 'IS_INTERNAL' not found.
				
2026-09-09 12:44:19 [http-nio-8495-exec-6] ERROR c.v.d.rowmapper.DesignHdrRowMapper -DesignHdrRowMapper  Method Exceptionjava.sql.SQLSyntaxErrorException: Column 'IS_INTERNAL' not found.
				
2026-09-09 12:44:19 [http-nio-8495-exec-6] ERROR c.v.d.rowmapper.DesignHdrRowMapper -DesignHdrRowMapper  Method Exceptionjava.sql.SQLSyntaxErrorException: Column 'IS_INTERNAL' not found.
				
2026-09-09 12:44:19 [http-nio-8495-exec-6] ERROR c.v.d.rowmapper.DesignHdrRowMapper -DesignHdrRowMapper  Method Exceptionjava.sql.SQLSyntaxErrorException: Column 'IS_INTERNAL' not found.
				
2026-09-09 12:44:19 [http-nio-8495-exec-6] ERROR c.v.d.rowmapper.DesignHdrRowMapper -DesignHdrRowMapper  Method Exceptionjava.sql.SQLSyntaxErrorException: Column 'IS_INTERNAL' not found.
				
2026-09-09 12:44:19 [http-nio-8495-exec-6] ERROR c.v.d.rowmapper.DesignHdrRowMapper -DesignHdrRowMapper  Method Exceptionjava.sql.SQLSyntaxErrorException: Column 'IS_INTERNAL' not found.
				
2026-09-09 12:44:19 [http-nio-8495-exec-6] ERROR c.v.d.rowmapper.DesignHdrRowMapper -DesignHdrRowMapper  Method Exceptionjava.sql.SQLSyntaxErrorException: Column 'IS_INTERNAL' not found.
				
2026-09-09 12:44:19 [http-nio-8495-exec-6] ERROR c.v.d.rowmapper.DesignHdrRowMapper -DesignHdrRowMapper  Method Exceptionjava.sql.SQLSyntaxErrorException: Column 'IS_INTERNAL' not found.
				
2026-09-09 12:44:19 [http-nio-8495-exec-6] ERROR c.v.d.rowmapper.DesignHdrRowMapper -DesignHdrRowMapper  Method Exceptionjava.sql.SQLSyntaxErrorException: Column 'IS_INTERNAL' not found.
				
2026-09-09 12:44:19 [http-nio-8495-exec-6] ERROR c.v.d.rowmapper.DesignHdrRowMapper -DesignHdrRowMapper  Method Exceptionjava.sql.SQLSyntaxErrorException: Column 'IS_INTERNAL' not found.
				
2026-09-09 12:44:19 [http-nio-8495-exec-6] ERROR c.v.d.rowmapper.DesignHdrRowMapper -DesignHdrRowMapper  Method Exceptionjava.sql.SQLSyntaxErrorException: Column 'IS_INTERNAL' not found.
				
2026-09-09 12:44:19 [http-nio-8495-exec-6] ERROR c.v.d.rowmapper.DesignHdrRowMapper -DesignHdrRowMapper  Method Exceptionjava.sql.SQLSyntaxErrorException: Column 'IS_INTERNAL' not found.
				
2026-09-09 12:44:19 [http-nio-8495-exec-6] ERROR c.v.d.rowmapper.DesignHdrRowMapper -DesignHdrRowMapper  Method Exceptionjava.sql.SQLSyntaxErrorException: Column 'IS_INTERNAL' not found.
				
2026-09-09 12:44:19 [http-nio-8495-exec-6] ERROR c.v.d.rowmapper.DesignHdrRowMapper -DesignHdrRowMapper  Method Exceptionjava.sql.SQLSyntaxErrorException: Column 'IS_INTERNAL' not found.
				
2026-09-09 12:44:19 [http-nio-8495-exec-6] ERROR c.v.d.rowmapper.DesignHdrRowMapper -DesignHdrRowMapper  Method Exceptionjava.sql.SQLSyntaxErrorException: Column 'IS_INTERNAL' not found.
				
2026-09-09 12:44:19 [http-nio-8495-exec-6] ERROR c.v.d.rowmapper.DesignHdrRowMapper -DesignHdrRowMapper  Method Exceptionjava.sql.SQLSyntaxErrorException: Column 'IS_INTERNAL' not found.
				
2026-09-09 12:44:19 [http-nio-8495-exec-6] ERROR c.v.d.rowmapper.DesignHdrRowMapper -DesignHdrRowMapper  Method Exceptionjava.sql.SQLSyntaxErrorException: Column 'IS_INTERNAL' not found.
				
2026-09-09 12:44:19 [http-nio-8495-exec-6] ERROR c.v.d.rowmapper.DesignHdrRowMapper -DesignHdrRowMapper  Method Exceptionjava.sql.SQLSyntaxErrorException: Column 'IS_INTERNAL' not found.
				
2026-09-09 12:44:19 [http-nio-8495-exec-6] ERROR c.v.d.rowmapper.DesignHdrRowMapper -DesignHdrRowMapper  Method Exceptionjava.sql.SQLSyntaxErrorException: Column 'IS_INTERNAL' not found.
				
2026-09-09 12:44:19 [http-nio-8495-exec-6] ERROR c.v.d.rowmapper.DesignHdrRowMapper -DesignHdrRowMapper  Method Exceptionjava.sql.SQLSyntaxErrorException: Column 'IS_INTERNAL' not found.
				
2026-09-09 12:44:19 [http-nio-8495-exec-6] ERROR c.v.d.rowmapper.DesignHdrRowMapper -DesignHdrRowMapper  Method Exceptionjava.sql.SQLSyntaxErrorException: Column 'IS_INTERNAL' not found.
				
2026-09-09 12:44:19 [http-nio-8495-exec-6] ERROR c.v.d.rowmapper.DesignHdrRowMapper -DesignHdrRowMapper  Method Exceptionjava.sql.SQLSyntaxErrorException: Column 'IS_INTERNAL' not found.
				
2026-09-09 12:44:19 [http-nio-8495-exec-6] ERROR c.v.d.rowmapper.DesignHdrRowMapper -DesignHdrRowMapper  Method Exceptionjava.sql.SQLSyntaxErrorException: Column 'IS_INTERNAL' not found.
				
2026-09-09 12:44:19 [http-nio-8495-exec-6] ERROR c.v.d.rowmapper.DesignHdrRowMapper -DesignHdrRowMapper  Method Exceptionjava.sql.SQLSyntaxErrorException: Column 'IS_INTERNAL' not found.
				
2026-09-09 12:44:19 [http-nio-8495-exec-6] ERROR c.v.d.rowmapper.DesignHdrRowMapper -DesignHdrRowMapper  Method Exceptionjava.sql.SQLSyntaxErrorException: Column 'IS_INTERNAL' not found.
				
2026-09-09 12:44:19 [http-nio-8495-exec-6] ERROR c.v.d.rowmapper.DesignHdrRowMapper -DesignHdrRowMapper  Method Exceptionjava.sql.SQLSyntaxErrorException: Column 'IS_INTERNAL' not found.
				
2026-09-09 12:44:19 [http-nio-8495-exec-6] ERROR c.v.d.rowmapper.DesignHdrRowMapper -DesignHdrRowMapper  Method Exceptionjava.sql.SQLSyntaxErrorException: Column 'IS_INTERNAL' not found.
				
2026-09-09 12:44:19 [http-nio-8495-exec-6] ERROR c.v.d.rowmapper.DesignHdrRowMapper -DesignHdrRowMapper  Method Exceptionjava.sql.SQLSyntaxErrorException: Column 'IS_INTERNAL' not found.
				
2026-09-09 12:44:19 [http-nio-8495-exec-6] ERROR c.v.d.rowmapper.DesignHdrRowMapper -DesignHdrRowMapper  Method Exceptionjava.sql.SQLSyntaxErrorException: Column 'IS_INTERNAL' not found.
				
2026-09-09 12:44:19 [http-nio-8495-exec-6] ERROR c.v.d.rowmapper.DesignHdrRowMapper -DesignHdrRowMapper  Method Exceptionjava.sql.SQLSyntaxErrorException: Column 'IS_INTERNAL' not found.
				
2026-09-09 12:44:19 [http-nio-8495-exec-6] ERROR c.v.d.rowmapper.DesignHdrRowMapper -DesignHdrRowMapper  Method Exceptionjava.sql.SQLSyntaxErrorException: Column 'IS_INTERNAL' not found.
				
2026-09-09 12:44:19 [http-nio-8495-exec-6] ERROR c.v.d.rowmapper.DesignHdrRowMapper -DesignHdrRowMapper  Method Exceptionjava.sql.SQLSyntaxErrorException: Column 'IS_INTERNAL' not found.
				
2026-09-09 12:44:19 [http-nio-8495-exec-6] ERROR c.v.d.rowmapper.DesignHdrRowMapper -DesignHdrRowMapper  Method Exceptionjava.sql.SQLSyntaxErrorException: Column 'IS_INTERNAL' not found.
				
2026-09-09 12:44:19 [http-nio-8495-exec-6] ERROR c.v.d.rowmapper.DesignHdrRowMapper -DesignHdrRowMapper  Method Exceptionjava.sql.SQLSyntaxErrorException: Column 'IS_INTERNAL' not found.
				
2026-09-09 12:44:19 [http-nio-8495-exec-6] ERROR c.v.d.rowmapper.DesignHdrRowMapper -DesignHdrRowMapper  Method Exceptionjava.sql.SQLSyntaxErrorException: Column 'IS_INTERNAL' not found.
				
2026-09-09 12:44:19 [http-nio-8495-exec-6] ERROR c.v.d.rowmapper.DesignHdrRowMapper -DesignHdrRowMapper  Method Exceptionjava.sql.SQLSyntaxErrorException: Column 'IS_INTERNAL' not found.
				
2026-09-09 12:44:19 [http-nio-8495-exec-6] ERROR c.v.d.rowmapper.DesignHdrRowMapper -DesignHdrRowMapper  Method Exceptionjava.sql.SQLSyntaxErrorException: Column 'IS_INTERNAL' not found.
				
2026-09-09 12:44:19 [http-nio-8495-exec-6] ERROR c.v.d.rowmapper.DesignHdrRowMapper -DesignHdrRowMapper  Method Exceptionjava.sql.SQLSyntaxErrorException: Column 'IS_INTERNAL' not found.
				
2026-09-09 12:44:19 [http-nio-8495-exec-6] ERROR c.v.d.rowmapper.DesignHdrRowMapper -DesignHdrRowMapper  Method Exceptionjava.sql.SQLSyntaxErrorException: Column 'IS_INTERNAL' not found.
				
2026-09-09 12:44:19 [http-nio-8495-exec-6] ERROR c.v.d.rowmapper.DesignHdrRowMapper -DesignHdrRowMapper  Method Exceptionjava.sql.SQLSyntaxErrorException: Column 'IS_INTERNAL' not found.
				
2026-09-09 12:44:19 [http-nio-8495-exec-6] ERROR c.v.d.rowmapper.DesignHdrRowMapper -DesignHdrRowMapper  Method Exceptionjava.sql.SQLSyntaxErrorException: Column 'IS_INTERNAL' not found.
				
2026-09-09 12:44:19 [http-nio-8495-exec-6] ERROR c.v.d.rowmapper.DesignHdrRowMapper -DesignHdrRowMapper  Method Exceptionjava.sql.SQLSyntaxErrorException: Column 'IS_INTERNAL' not found.
				
2026-09-09 12:44:19 [http-nio-8495-exec-6] ERROR c.v.d.rowmapper.DesignHdrRowMapper -DesignHdrRowMapper  Method Exceptionjava.sql.SQLSyntaxErrorException: Column 'IS_INTERNAL' not found.
				
2026-09-09 12:44:19 [http-nio-8495-exec-6] ERROR c.v.d.rowmapper.DesignHdrRowMapper -DesignHdrRowMapper  Method Exceptionjava.sql.SQLSyntaxErrorException: Column 'IS_INTERNAL' not found.
				
2026-09-09 12:44:40 [http-nio-8495-exec-6] ERROR com.vmfg.design.dao.impl.DesignDAO -Error with method getKeySubAreaByIsdefault StatementCallback; bad SQL grammar [select * from .project_key_sub_area_mst where IS_ACTIVE = 1 and IS_DEFAULT = 1 ]; nested exception is java.sql.SQLSyntaxErrorException: You have an error in your SQL syntax; check the manual that corresponds to your MySQL server version for the right syntax to use near '.project_key_sub_area_mst where IS_ACTIVE = 1 and IS_DEFAULT = 1' at line 1
				
2026-09-09 12:44:40 [http-nio-8495-exec-6] ERROR c.v.d.controller.DesignController -getKeySubAreaByPKId  method  exceptionjava.lang.NullPointerException
				
2026-09-09 12:47:21 [http-nio-8495-exec-3] ERROR c.v.scm.dao.impl.IndentManagementDAO -indentVerCheck Method Exception ---> org.springframework.dao.EmptyResultDataAccessException: Incorrect result size: expected 1, actual 0
				
2026-09-09 12:47:21 [http-nio-8495-exec-1] ERROR c.v.scm.dao.impl.IndentManagementDAO -indentVerCheck Method Exception ---> org.springframework.dao.EmptyResultDataAccessException: Incorrect result size: expected 1, actual 0
				
2026-09-09 12:48:44 [http-nio-8495-exec-7] ERROR c.v.scm.dao.impl.IndentManagementDAO -indentVerCheck Method Exception ---> org.springframework.dao.EmptyResultDataAccessException: Incorrect result size: expected 1, actual 0
				
2026-09-09 12:48:44 [http-nio-8495-exec-9] ERROR c.v.scm.dao.impl.IndentManagementDAO -indentVerCheck Method Exception ---> org.springframework.dao.EmptyResultDataAccessException: Incorrect result size: expected 1, actual 0
				
2026-09-09 12:48:44 [ForkJoinPool.commonPool-worker-1] ERROR c.v.scm.dao.impl.IndentManagementDAO -indentVerCheck Method Exception ---> org.springframework.dao.EmptyResultDataAccessException: Incorrect result size: expected 1, actual 0
				
2026-09-09 12:48:44 [ForkJoinPool.commonPool-worker-2] ERROR c.v.scm.dao.impl.IndentManagementDAO -indentVerCheck Method Exception ---> org.springframework.dao.EmptyResultDataAccessException: Incorrect result size: expected 1, actual 0
				
2026-09-09 12:48:53 [http-nio-8495-exec-1] ERROR c.v.scm.dao.impl.IndentManagementDAO -indentVerCheck Method Exception ---> org.springframework.dao.EmptyResultDataAccessException: Incorrect result size: expected 1, actual 0
				
2026-09-09 12:48:58 [http-nio-8495-exec-10] ERROR c.v.scm.dao.impl.IndentManagementDAO -indentVerCheck Method Exception ---> org.springframework.dao.EmptyResultDataAccessException: Incorrect result size: expected 1, actual 0
				
2026-09-09 12:49:05 [http-nio-8495-exec-9] ERROR c.v.scm.dao.impl.IndentManagementDAO -indentVerCheck Method Exception ---> org.springframework.dao.EmptyResultDataAccessException: Incorrect result size: expected 1, actual 0
				
2026-09-09 12:49:26 [http-nio-8495-exec-8] ERROR com.vmfg.util.GetPropertyValue -getTenantPropertyVal Method Exception|||org.springframework.dao.EmptyResultDataAccessException: Incorrect result size: expected 1, actual 0
				
2026-09-09 12:49:26 [http-nio-8495-exec-8] ERROR com.vmfg.util.GetPropertyValue -getTenantPropertyValByTenantId Method Exception|||org.springframework.dao.EmptyResultDataAccessException: Incorrect result size: expected 1, actual 0
				
2026-09-09 12:49:26 [http-nio-8495-exec-8] ERROR com.vmfg.util.CommonBase64Class -CommonBase64Class getBasesBinary Method FileNotFoundException---->java.io.FileNotFoundException:  (No such file or directory)
				
2026-09-09 12:49:26 [http-nio-8495-exec-8] ERROR c.v.authentication.UserLoginService -getImageUrl DAO Method Exceptionjava.lang.NullPointerException
				
2026-09-09 12:57:29 [http-nio-8495-exec-1] ERROR com.vmfg.util.GetPropertyValue -getTenantPropertyVal Method Exception|||org.springframework.dao.EmptyResultDataAccessException: Incorrect result size: expected 1, actual 0
				
2026-09-09 12:57:29 [http-nio-8495-exec-1] ERROR com.vmfg.util.GetPropertyValue -getTenantPropertyValByTenantId Method Exception|||org.springframework.dao.EmptyResultDataAccessException: Incorrect result size: expected 1, actual 0
				
2026-09-09 12:57:29 [http-nio-8495-exec-1] ERROR com.vmfg.util.CommonBase64Class -CommonBase64Class getBasesBinary Method FileNotFoundException---->java.io.FileNotFoundException:  (No such file or directory)
				
2026-09-09 12:57:29 [http-nio-8495-exec-1] ERROR c.v.authentication.UserLoginService -getImageUrl DAO Method Exceptionjava.lang.NullPointerException
				
2026-09-09 12:58:13 [http-nio-8495-exec-4] ERROR com.vmfg.util.DocumentApprovalInsert -DocumentApprovalInsert error org.springframework.dao.EmptyResultDataAccessException: Incorrect result size: expected 1, actual 0
				
2026-09-09 12:58:29 [http-nio-8495-exec-3] ERROR com.vmfg.util.DocumentApprovalInsert -DocumentApprovalInsert error org.springframework.dao.EmptyResultDataAccessException: Incorrect result size: expected 1, actual 0
				
2026-09-09 13:10:24 [main] ERROR com.vmfg.VMFGApplication -SmartRun Application Start Exception--->org.springframework.boot.devtools.restart.SilentExitExceptionHandler$SilentExitException
				
2026-09-09 15:24:48 [http-nio-8495-exec-3] ERROR com.vmfg.scm.dao.impl.IndentGroupDAO -getScsIdByIndentId Method Exception --->org.springframework.dao.EmptyResultDataAccessException: Incorrect result size: expected 1, actual 0
				
2026-09-09 15:24:48 [http-nio-8495-exec-3] ERROR com.vmfg.scm.dao.impl.IndentGroupDAO -getScsIdByIndentId Method Exception --->org.springframework.dao.EmptyResultDataAccessException: Incorrect result size: expected 1, actual 0
				
2026-09-09 15:37:14 [main] ERROR com.vmfg.VMFGApplication -SmartRun Application Start Exception--->org.springframework.boot.devtools.restart.SilentExitExceptionHandler$SilentExitException
				
2026-09-09 16:05:03 [main] ERROR com.vmfg.VMFGApplication -SmartRun Application Start Exception--->org.springframework.boot.devtools.restart.SilentExitExceptionHandler$SilentExitException
				
2026-09-09 16:17:29 [main] ERROR com.vmfg.VMFGApplication -SmartRun Application Start Exception--->org.springframework.boot.devtools.restart.SilentExitExceptionHandler$SilentExitException
				
2026-09-09 16:21:14 [http-nio-8495-exec-8] ERROR com.vmfg.scm.dao.impl.IndentGroupDAO -getScsIdByIndentId Method Exception --->org.springframework.dao.EmptyResultDataAccessException: Incorrect result size: expected 1, actual 0
				
2026-09-09 16:21:15 [http-nio-8495-exec-8] ERROR com.vmfg.scm.dao.impl.IndentGroupDAO -getScsIdByIndentId Method Exception --->org.springframework.dao.EmptyResultDataAccessException: Incorrect result size: expected 1, actual 0
				
2026-09-09 20:04:58 [http-nio-8495-exec-3] ERROR com.vmfg.util.GetPropertyValue -getTenantPropertyVal Method Exception|||org.springframework.dao.EmptyResultDataAccessException: Incorrect result size: expected 1, actual 0
				
2026-09-09 20:04:58 [http-nio-8495-exec-3] ERROR com.vmfg.util.GetPropertyValue -getTenantPropertyValByTenantId Method Exception|||org.springframework.dao.EmptyResultDataAccessException: Incorrect result size: expected 1, actual 0
				
2026-09-09 20:04:58 [http-nio-8495-exec-3] ERROR com.vmfg.util.CommonBase64Class -CommonBase64Class getBasesBinary Method FileNotFoundException---->java.io.FileNotFoundException:  (No such file or directory)
				
2026-09-09 20:04:58 [http-nio-8495-exec-3] ERROR c.v.authentication.UserLoginService -getImageUrl DAO Method Exceptionjava.lang.NullPointerException
				
2026-09-09 20:05:27 [http-nio-8495-exec-3] ERROR com.vmfg.task.dao.impl.DesignTaskDAO -getNextSeqandStatusByDoc Errororg.springframework.dao.EmptyResultDataAccessException: Incorrect result size: expected 1, actual 0
				
2026-09-09 20:05:27 [ForkJoinPool.commonPool-worker-5] ERROR com.vmfg.task.dao.impl.DesignTaskDAO -getNextSeqandStatusByDoc Errororg.springframework.dao.EmptyResultDataAccessException: Incorrect result size: expected 1, actual 0
				
2026-09-09 20:05:27 [ForkJoinPool.commonPool-worker-1] ERROR com.vmfg.task.dao.impl.DesignTaskDAO -getNextSeqandStatusByDoc Errororg.springframework.dao.EmptyResultDataAccessException: Incorrect result size: expected 1, actual 0
				
2026-09-09 20:05:27 [ForkJoinPool.commonPool-worker-7] ERROR com.vmfg.task.dao.impl.DesignTaskDAO -getNextSeqandStatusByDoc Errororg.springframework.dao.EmptyResultDataAccessException: Incorrect result size: expected 1, actual 0
				
2026-09-09 20:05:27 [ForkJoinPool.commonPool-worker-3] ERROR com.vmfg.task.dao.impl.DesignTaskDAO -getNextSeqandStatusByDoc Errororg.springframework.dao.EmptyResultDataAccessException: Incorrect result size: expected 1, actual 0
				
2026-09-09 20:05:27 [ForkJoinPool.commonPool-worker-6] ERROR c.v.scm.dao.impl.IndentManagementDAO -indentVerCheck Method Exception ---> org.springframework.dao.EmptyResultDataAccessException: Incorrect result size: expected 1, actual 0
				
2026-09-09 20:05:27 [ForkJoinPool.commonPool-worker-2] ERROR com.vmfg.task.dao.impl.DesignTaskDAO -getNextSeqandStatusByDoc Errororg.springframework.dao.EmptyResultDataAccessException: Incorrect result size: expected 1, actual 0
				
2026-09-09 20:05:27 [ForkJoinPool.commonPool-worker-3] ERROR com.vmfg.task.dao.impl.DesignTaskDAO -getNextSeqandStatusByDoc Errororg.springframework.dao.EmptyResultDataAccessException: Incorrect result size: expected 1, actual 0
				
2026-09-09 20:05:27 [ForkJoinPool.commonPool-worker-7] ERROR com.vmfg.task.dao.impl.DesignTaskDAO -getNextSeqandStatusByDoc Errororg.springframework.dao.EmptyResultDataAccessException: Incorrect result size: expected 1, actual 0
				
2026-09-09 20:05:27 [ForkJoinPool.commonPool-worker-4] ERROR com.vmfg.task.dao.impl.DesignTaskDAO -getNextSeqandStatusByDoc Errororg.springframework.dao.EmptyResultDataAccessException: Incorrect result size: expected 1, actual 0
				
2026-09-09 20:05:27 [ForkJoinPool.commonPool-worker-5] ERROR com.vmfg.task.dao.impl.DesignTaskDAO -getNextSeqandStatusByDoc Errororg.springframework.dao.EmptyResultDataAccessException: Incorrect result size: expected 1, actual 0
				
2026-09-09 20:05:27 [ForkJoinPool.commonPool-worker-6] ERROR c.v.scm.dao.impl.IndentManagementDAO -indentVerCheck Method Exception ---> org.springframework.dao.EmptyResultDataAccessException: Incorrect result size: expected 1, actual 0
				
2026-09-09 20:05:27 [ForkJoinPool.commonPool-worker-2] ERROR com.vmfg.task.dao.impl.DesignTaskDAO -getNextSeqandStatusByDoc Errororg.springframework.dao.EmptyResultDataAccessException: Incorrect result size: expected 1, actual 0
				
2026-09-09 20:05:27 [ForkJoinPool.commonPool-worker-6] ERROR com.vmfg.task.dao.impl.DesignTaskDAO -getNextSeqandStatusByDoc Errororg.springframework.dao.EmptyResultDataAccessException: Incorrect result size: expected 1, actual 0
				
2026-09-09 20:05:27 [ForkJoinPool.commonPool-worker-7] ERROR c.v.scm.dao.impl.IndentManagementDAO -indentVerCheck Method Exception ---> org.springframework.dao.EmptyResultDataAccessException: Incorrect result size: expected 1, actual 0
				
2026-09-09 20:05:45 [http-nio-8495-exec-6] ERROR com.vmfg.task.dao.impl.DesignTaskDAO -getNextSeqandStatusByDoc Errororg.springframework.dao.EmptyResultDataAccessException: Incorrect result size: expected 1, actual 0
				
2026-09-09 20:06:53 [ForkJoinPool.commonPool-worker-6] ERROR com.vmfg.task.dao.impl.DesignTaskDAO -getNextSeqandStatusByDoc Errororg.springframework.dao.EmptyResultDataAccessException: Incorrect result size: expected 1, actual 0
				
2026-09-09 20:06:53 [ForkJoinPool.commonPool-worker-4] ERROR com.vmfg.task.dao.impl.DesignTaskDAO -getNextSeqandStatusByDoc Errororg.springframework.dao.EmptyResultDataAccessException: Incorrect result size: expected 1, actual 0
				
2026-09-09 20:06:53 [http-nio-8495-exec-6] ERROR com.vmfg.task.dao.impl.DesignTaskDAO -getNextSeqandStatusByDoc Errororg.springframework.dao.EmptyResultDataAccessException: Incorrect result size: expected 1, actual 0
				
2026-09-09 20:06:53 [ForkJoinPool.commonPool-worker-3] ERROR com.vmfg.task.dao.impl.DesignTaskDAO -getNextSeqandStatusByDoc Errororg.springframework.dao.EmptyResultDataAccessException: Incorrect result size: expected 1, actual 0
				
2026-09-09 20:06:53 [ForkJoinPool.commonPool-worker-0] ERROR com.vmfg.task.dao.impl.DesignTaskDAO -getNextSeqandStatusByDoc Errororg.springframework.dao.EmptyResultDataAccessException: Incorrect result size: expected 1, actual 0
				
2026-09-09 20:06:53 [ForkJoinPool.commonPool-worker-1] ERROR com.vmfg.task.dao.impl.DesignTaskDAO -getNextSeqandStatusByDoc Errororg.springframework.dao.EmptyResultDataAccessException: Incorrect result size: expected 1, actual 0
				
2026-09-09 20:06:53 [ForkJoinPool.commonPool-worker-3] ERROR com.vmfg.task.dao.impl.DesignTaskDAO -getNextSeqandStatusByDoc Errororg.springframework.dao.EmptyResultDataAccessException: Incorrect result size: expected 1, actual 0
				
2026-09-09 20:06:53 [ForkJoinPool.commonPool-worker-2] ERROR com.vmfg.task.dao.impl.DesignTaskDAO -getNextSeqandStatusByDoc Errororg.springframework.dao.EmptyResultDataAccessException: Incorrect result size: expected 1, actual 0
				
2026-09-09 20:06:53 [http-nio-8495-exec-6] ERROR c.v.scm.dao.impl.IndentManagementDAO -indentVerCheck Method Exception ---> org.springframework.dao.EmptyResultDataAccessException: Incorrect result size: expected 1, actual 0
				
2026-09-09 20:06:53 [ForkJoinPool.commonPool-worker-0] ERROR com.vmfg.task.dao.impl.DesignTaskDAO -getNextSeqandStatusByDoc Errororg.springframework.dao.EmptyResultDataAccessException: Incorrect result size: expected 1, actual 0
				
2026-09-09 20:06:53 [ForkJoinPool.commonPool-worker-5] ERROR com.vmfg.task.dao.impl.DesignTaskDAO -getNextSeqandStatusByDoc Errororg.springframework.dao.EmptyResultDataAccessException: Incorrect result size: expected 1, actual 0
				
2026-09-09 20:06:53 [ForkJoinPool.commonPool-worker-4] ERROR com.vmfg.task.dao.impl.DesignTaskDAO -getNextSeqandStatusByDoc Errororg.springframework.dao.EmptyResultDataAccessException: Incorrect result size: expected 1, actual 0
				
2026-09-09 20:06:53 [ForkJoinPool.commonPool-worker-1] ERROR com.vmfg.task.dao.impl.DesignTaskDAO -getNextSeqandStatusByDoc Errororg.springframework.dao.EmptyResultDataAccessException: Incorrect result size: expected 1, actual 0
				
2026-09-09 20:06:53 [ForkJoinPool.commonPool-worker-2] ERROR c.v.scm.dao.impl.IndentManagementDAO -indentVerCheck Method Exception ---> org.springframework.dao.EmptyResultDataAccessException: Incorrect result size: expected 1, actual 0
				
2026-09-09 20:06:53 [ForkJoinPool.commonPool-worker-6] ERROR c.v.scm.dao.impl.IndentManagementDAO -indentVerCheck Method Exception ---> org.springframework.dao.EmptyResultDataAccessException: Incorrect result size: expected 1, actual 0
				
